Archive member included because of file (symbol)

d:/devkitPro/libogc/lib/wii\libSDL.a(SDL.o)
                              strobe.o (SDL_Quit)
d:/devkitPro/libogc/lib/wii\libSDL.a(SDL_error.o)
                              d:/devkitPro/libogc/lib/wii\libSDL.a(SDL.o) (SDL_ClearError)
d:/devkitPro/libogc/lib/wii\libSDL.a(SDL_fatal.o)
                              d:/devkitPro/libogc/lib/wii\libSDL.a(SDL.o) (SDL_UninstallParachute)
d:/devkitPro/libogc/lib/wii\libSDL.a(SDL_audio.o)
                              d:/devkitPro/libogc/lib/wii\libSDL.a(SDL.o) (SDL_AudioQuit)
d:/devkitPro/libogc/lib/wii\libSDL.a(SDL_audiocvt.o)
                              d:/devkitPro/libogc/lib/wii\libSDL.a(SDL_audio.o) (SDL_BuildAudioCVT)
d:/devkitPro/libogc/lib/wii\libSDL.a(SDL_wiiaudio.o)
                              d:/devkitPro/libogc/lib/wii\libSDL.a(SDL_audio.o) (WIIAUD_bootstrap)
d:/devkitPro/libogc/lib/wii\libSDL.a(SDL_cdrom.o)
                              d:/devkitPro/libogc/lib/wii\libSDL.a(SDL.o) (SDL_CDROMQuit)
d:/devkitPro/libogc/lib/wii\libSDL.a(SDL_syscdrom.o)
                              d:/devkitPro/libogc/lib/wii\libSDL.a(SDL_cdrom.o) (SDL_SYS_CDInit)
d:/devkitPro/libogc/lib/wii\libSDL.a(SDL_wiirwops.o)
                              strobe.o (SDL_RWFromFile)
d:/devkitPro/libogc/lib/wii\libSDL.a(SDL_joystick.o)
                              d:/devkitPro/libogc/lib/wii\libSDL.a(SDL.o) (SDL_JoystickQuit)
d:/devkitPro/libogc/lib/wii\libSDL.a(SDL_sysjoystick.o)
                              d:/devkitPro/libogc/lib/wii\libSDL.a(SDL_joystick.o) (SDL_SYS_JoystickInit)
d:/devkitPro/libogc/lib/wii\libSDL.a(SDL_wii_main.o)
                              d:/devkitpro/devkitppc/bin/../lib/gcc/powerpc-gekko/4.2.4/../../../../powerpc-gekko/lib/crtmain.o (main)
d:/devkitPro/libogc/lib/wii\libSDL.a(SDL_getenv.o)
                              d:/devkitPro/libogc/lib/wii\libSDL.a(SDL.o) (SDL_getenv)
d:/devkitPro/libogc/lib/wii\libSDL.a(SDL_string.o)
                              d:/devkitPro/libogc/lib/wii\libSDL.a(SDL_error.o) (SDL_snprintf)
d:/devkitPro/libogc/lib/wii\libSDL.a(SDL_thread.o)
                              d:/devkitPro/libogc/lib/wii\libSDL.a(SDL_error.o) (SDL_GetErrBuf)
d:/devkitPro/libogc/lib/wii\libSDL.a(SDL_sysmutex.o)
                              d:/devkitPro/libogc/lib/wii\libSDL.a(SDL_audio.o) (SDL_mutexV)
d:/devkitPro/libogc/lib/wii\libSDL.a(SDL_syssem.o)
                              d:/devkitPro/libogc/lib/wii\libSDL.a(SDL_thread.o) (SDL_SemPost)
d:/devkitPro/libogc/lib/wii\libSDL.a(SDL_systhread.o)
                              d:/devkitPro/libogc/lib/wii\libSDL.a(SDL_thread.o) (SDL_SYS_SetupThread)
d:/devkitPro/libogc/lib/wii\libSDL.a(SDL_timer.o)
                              d:/devkitPro/libogc/lib/wii\libSDL.a(SDL.o) (SDL_TimerQuit)
d:/devkitPro/libogc/lib/wii\libSDL.a(SDL_systimer.o)
                              d:/devkitPro/libogc/lib/wii\libSDL.a(SDL.o) (SDL_StartTicks)
d:/devkitPro/libogc/lib/wii\libSDL.a(SDL_bmp.o)
                              strobe.o (SDL_LoadBMP_RW)
d:/devkitPro/libogc/lib/wii\libSDL.a(SDL_cursor.o)
                              strobe.o (SDL_ShowCursor)
d:/devkitPro/libogc/lib/wii\libSDL.a(SDL_pixels.o)
                              strobe.o (SDL_MapRGB)
d:/devkitPro/libogc/lib/wii\libSDL.a(SDL_surface.o)
                              d:/devkitPro/libogc/lib/wii\libSDL.a(SDL_bmp.o) (SDL_LockSurface)
d:/devkitPro/libogc/lib/wii\libSDL.a(SDL_video.o)
                              d:/devkitPro/libogc/lib/wii\libSDL.a(SDL_surface.o) (SDL_GetVideoInfo)
d:/devkitPro/libogc/lib/wii\libSDL.a(SDL_wiivideo.o)
                              d:/devkitPro/libogc/lib/wii\libSDL.a(SDL_wii_main.o) (WII_InitVideoSystem)
d:/devkitPro/libogc/lib/wii\libSDL.a(SDL_events.o)
                              d:/devkitPro/libogc/lib/wii\libSDL.a(SDL_joystick.o) (SDL_PushEvent)
d:/devkitPro/libogc/lib/wii\libSDL.a(SDL_keyboard.o)
                              d:/devkitPro/libogc/lib/wii\libSDL.a(SDL_events.o) (SDL_KeyboardQuit)
d:/devkitPro/libogc/lib/wii\libSDL.a(SDL_mouse.o)
                              d:/devkitPro/libogc/lib/wii\libSDL.a(SDL_events.o) (SDL_MouseInit)
d:/devkitPro/libogc/lib/wii\libSDL.a(SDL_quit.o)
                              d:/devkitPro/libogc/lib/wii\libSDL.a(SDL_events.o) (SDL_QuitQuit)
d:/devkitPro/libogc/lib/wii\libSDL.a(SDL_resize.o)
                              d:/devkitPro/libogc/lib/wii\libSDL.a(SDL_video.o) (SDL_PrivateResize)
d:/devkitPro/libogc/lib/wii\libSDL.a(SDL_rwops.o)
                              d:/devkitPro/libogc/lib/wii\libSDL.a(SDL_bmp.o) (SDL_ReadLE32)
d:/devkitPro/libogc/lib/wii\libSDL.a(SDL_syscond.o)
                              d:/devkitPro/libogc/lib/wii\libSDL.a(SDL_syssem.o) (SDL_CondWaitTimeout)
d:/devkitPro/libogc/lib/wii\libSDL.a(SDL_RLEaccel.o)
                              d:/devkitPro/libogc/lib/wii\libSDL.a(SDL_pixels.o) (SDL_UnRLESurface)
d:/devkitPro/libogc/lib/wii\libSDL.a(SDL_blit.o)
[...]
Memory Configuration

Name             Origin             Length             Attributes
*default*        0x00000000         0xffffffff

Linker script and memory map

                0x00003400                . = 0x3400

.stub
 *(.stub)
                0x80004000                . = 0x80004000

.init           0x80004000      0x20c
 *crt0.o(*.init)
 .init          0x80004000      0x1e8 d:/devkitPro/libogc/lib/wii\libogc.a(ogc_crt0.o)
                0x800041a0                _memset
                0x80004000                _start
                0x800041d0                video_line
 *(.init)
 .init          0x800041e8        0xc d:/devkitpro/devkitppc/bin/../lib/gcc/powerpc-gekko/4.2.4/ecrti.o
                0x800041e8                __init
 .init          0x800041f4        0x4 d:/devkitpro/devkitppc/bin/../lib/gcc/powerpc-gekko/4.2.4/crtbegin.o
 .init          0x800041f8        0x4 d:/devkitpro/devkitppc/bin/../lib/gcc/powerpc-gekko/4.2.4/crtend.o
 .init          0x800041fc       0x10 d:/devkitpro/devkitppc/bin/../lib/gcc/powerpc-gekko/4.2.4/ecrtn.o

.plt
 *(.plt)

.interp
 *(.interp)

.hash
 *(.hash)

.dynsym
 *(.dynsym)

.dynstr
 *(.dynstr)

.gnu.version
 *(.gnu.version)

.gnu.version_d
 *(.gnu.version_d)

.gnu.version_r
 *(.gnu.version_r)

.rel.init
 *(.rel.init)

.rela.init      0x8000420c        0x0
 *(.rela.init)
 .rela.init     0x00000000        0x0 d:/devkitpro/devkitppc/bin/../lib/gcc/powerpc-gekko/4.2.4/crtbegin.o

.rel.text
 *(.rel.text .rel.text.* .rel.gnu.linkonce.t.*)

.rela.text      0x8000420c        0x0
 *(.rela.text .rela.text.* .rela.gnu.linkonce.t.*)
 .rela.text     0x00000000        0x0 d:/devkitpro/devkitppc/bin/../lib/gcc/powerpc-gekko/4.2.4/crtbegin.o
 .rela.text.SDL_AudioInit
                0x00000000        0x0 d:/devkitpro/devkitppc/bin/../lib/gcc/powerpc-gekko/4.2.4/crtbegin.o
 .rela.text.SDL_CDName
                0x00000000        0x0 d:/devkitpro/devkitppc/bin/../lib/gcc/powerpc-gekko/4.2.4/crtbegin.o
 .rela.text.SDL_CDROMInit
                0x00000000        0x0 d:/devkitpro/devkitppc/bin/../lib/gcc/powerpc-gekko/4.2.4/crtbegin.o
 .rela.text.SDL_CDNumDrives
                0x00000000        0x0 d:/devkitpro/devkitppc/bin/../lib/gcc/powerpc-gekko/4.2.4/crtbegin.o
 .rela.text.SDL_CDOpen
                0x00000000        0x0 d:/devkitpro/devkitppc/bin/../lib/gcc/powerpc-gekko/4.2.4/crtbegin.o
 .rela.text.SDL_PrivateJoystickButton
                0x00000000        0x0 d:/devkitpro/devkitppc/bin/../lib/gcc/powerpc-gekko/4.2.4/crtbegin.o
 .rela.text.SDL_PrivateJoystickBall
                0x00000000        0x0 d:/devkitpro/devkitppc/bin/../lib/gcc/powerpc-gekko/4.2.4/crtbegin.o
 .rela.text.SDL_PrivateJoystickHat
                0x00000000        0x0 d:/devkitpro/devkitppc/bin/../lib/gcc/powerpc-gekko/4.2.4/crtbegin.o
 .rela.text.SDL_PrivateJoystickAxis
                0x00000000        0x0 d:/devkitpro/devkitppc/bin/../lib/gcc/powerpc-gekko/4.2.4/crtbegin.o
 .rela.text.SDL_strupr
                0x00000000        0x0 d:/devkitpro/devkitppc/bin/../lib/gcc/powerpc-gekko/4.2.4/crtbegin.o
 .rela.text.SDL_strlwr
                0x00000000        0x0 d:/devkitpro/devkitppc/bin/../lib/gcc/powerpc-gekko/4.2.4/crtbegin.o
 .rela.text.SDL_vsnprintf
                0x00000000        0x0 d:/devkitpro/devkitppc/bin/../lib/gcc/powerpc-gekko/4.2.4/crtbegin.o
 .rela.text.SDL_SetTimer
                0x00000000        0x0 d:/devkitpro/devkitppc/bin/../lib/gcc/powerpc-gekko/4.2.4/crtbegin.o
 .rela.text.SDL_MouseRect
                0x00000000        0x0 d:/devkitpro/devkitppc/bin/../lib/gcc/powerpc-gekko/4.2.4/crtbegin.o
 .rela.text.SDL_WarpMouse
                0x00000000        0x0 d:/devkitpro/devkitppc/bin/../lib/gcc/powerpc-gekko/4.2.4/crtbegin.o
 .rela.text.SDL_EraseCursorNoLock
                0x00000000        0x0 d:/devkitpro/devkitppc/bin/../lib/gcc/powerpc-gekko/4.2.4/crtbegin.o
 .rela.text.SDL_EraseCursor
                0x00000000        0x0 d:/devkitpro/devkitppc/bin/../lib/gcc/powerpc-gekko/4.2.4/crtbegin.o
 .rela.text.SDL_DrawCursorNoLock
                0x00000000        0x0 d:/devkitpro/devkitppc/bin/../lib/gcc/powerpc-gekko/4.2.4/crtbegin.o
 .rela.text.SDL_DrawCursor
                0x00000000        0x0 d:/devkitpro/devkitppc/bin/../lib/gcc/powerpc-gekko/4.2.4/crtbegin.o
 .rela.text.SDL_MoveCursor
                0x00000000        0x0 d:/devkitpro/devkitppc/bin/../lib/gcc/powerpc-gekko/4.2.4/crtbegin.o
 .rela.text.SDL_SetCursor
                0x00000000        0x0 d:/devkitpro/devkitppc/bin/../lib/gcc/powerpc-gekko/4.2.4/crtbegin.o
 .rela.text.SDL_ShowCursor
                0x00000000        0x0 d:/devkitpro/devkitppc/bin/../lib/gcc/powerpc-gekko/4.2.4/crtbegin.o
 .rela.text.SDL_FreeCursor
                0x00000000        0x0 d:/devkitpro/devkitppc/bin/../lib/gcc/powerpc-gekko/4.2.4/crtbegin.o
 .rela.text.SDL_CreateCursor
                0x00000000        0x0 d:/devkitpro/devkitppc/bin/../lib/gcc/powerpc-gekko/4.2.4/crtbegin.o
 .rela.text.SDL_LockSurface
                0x00000000        0x0 d:/devkitpro/devkitppc/bin/../lib/gcc/powerpc-gekko/4.2.4/crtbegin.o
 .rela.text.SDL_UnlockSurface
                0x00000000        0x0 d:/devkitpro/devkitppc/bin/../lib/gcc/powerpc-gekko/4.2.4/crtbegin.o
 .rela.text.SDL_LowerBlit
                0x00000000        0x0 d:/devkitpro/devkitppc/bin/../lib/gcc/powerpc-gekko/4.2.4/crtbegin.o
 .rela.text.SDL_SetAlpha
                0x00000000        0x0 d:/devkitpro/devkitppc/bin/../lib/gcc/powerpc-gekko/4.2.4/crtbegin.o
 .rela.text.SDL_SetColorKey
                0x00000000        0x0 d:/devkitpro/devkitppc/bin/../lib/gcc/powerpc-gekko/4.2.4/crtbegin.o
 .rela.text.SDL_UpperBlit
                0x00000000        0x0 d:/devkitpro/devkitppc/bin/../lib/gcc/powerpc-gekko/4.2.4/crtbegin.o
 .rela.text.SDL_FreeSurface
                0x00000000        0x0 d:/devkitpro/devkitppc/bin/../lib/gcc/powerpc-gekko/4.2.4/crtbegin.o
 .rela.text.SDL_CreateRGBSurface
                0x00000000        0x0 d:/devkitpro/devkitppc/bin/../lib/gcc/powerpc-gekko/4.2.4/crtbegin.o
 .rela.text.SDL_FillRect
                0x00000000        0x0 d:/devkitpro/devkitppc/bin/../lib/gcc/powerpc-gekko/4.2.4/crtbegin.o
 .rela.text.SDL_SetAlphaChannel
                0x00000000        0x0 d:/devkitpro/devkitppc/bin/../lib/gcc/powerpc-gekko/4.2.4/crtbegin.o
 .rela.text.SDL_ConvertSurface
                0x00000000        0x0 d:/devkitpro/devkitppc/bin/../lib/gcc/powerpc-gekko/4.2.4/crtbegin.o
 .rela.text.SDL_VideoInit
                0x00000000        0x0 d:/devkitpro/devkitppc/bin/../lib/gcc/powerpc-gekko/4.2.4/crtbegin.o
 .rela.text.WII_CreateDevice
                0x00000000        0x0 d:/devkitpro/devkitppc/bin/../lib/gcc/powerpc-gekko/4.2.4/crtbegin.o
 .rela.text.WII_InitVideoSystem
                0x00000000        0x0 d:/devkitpro/devkitppc/bin/../lib/gcc/powerpc-gekko/4.2.4/crtbegin.o
 .rela.text.flip_thread
                0x00000000        0x0 d:/devkitpro/devkitppc/bin/../lib/gcc/powerpc-gekko/4.2.4/crtbegin.o
 .rela.text.WII_UpdateRect
                0x00000000        0x0 d:/devkitpro/devkitppc/bin/../lib/gcc/powerpc-gekko/4.2.4/crtbegin.o
 .rela.text.SDL_StartEventLoop
                0x00000000        0x0 d:/devkitpro/devkitppc/bin/../lib/gcc/powerpc-gekko/4.2.4/crtbegin.o
 .rela.text.SDL_PrivateSysWMEvent
                0x00000000        0x0 d:/devkitpro/devkitppc/bin/../lib/gcc/powerpc-gekko/4.2.4/crtbegin.o
 .rela.text.SDL_EventState
                0x00000000        0x0 d:/devkitpro/devkitppc/bin/../lib/gcc/powerpc-gekko/4.2.4/crtbegin.o
 .rela.text.SDL_GetKeyRepeat
                0x00000000        0x0 d:/devkitpro/devkitppc/bin/../lib/gcc/powerpc-gekko/4.2.4/crtbegin.o
 .rela.text.SDL_EnableKeyRepeat
                0x00000000        0x0 d:/devkitpro/devkitppc/bin/../lib/gcc/powerpc-gekko/4.2.4/crtbegin.o
 .rela.text.SDL_CheckKeyRepeat
                0x00000000        0x0 d:/devkitpro/devkitppc/bin/../lib/gcc/powerpc-gekko/4.2.4/crtbegin.o
 .rela.text.SDL_PrivateKeyboard
                0x00000000        0x0 d:/devkitpro/devkitppc/bin/../lib/gcc/powerpc-gekko/4.2.4/crtbegin.o
 .rela.text.SDL_ResetKeyboard
                0x00000000        0x0 d:/devkitpro/devkitppc/bin/../lib/gcc/powerpc-gekko/4.2.4/crtbegin.o
 .rela.text.SDL_KeyboardInit
                0x00000000        0x0 d:/devkitpro/devkitppc/bin/../lib/gcc/powerpc-gekko/4.2.4/crtbegin.o
 .rela.text.SDL_PrivateMouseButton
                0x00000000        0x0 d:/devkitpro/devkitppc/bin/../lib/gcc/powerpc-gekko/4.2.4/crtbegin.o
 .rela.text.SDL_PrivateMouseMotion
                0x00000000        0x0 d:/devkitpro/devkitppc/bin/../lib/gcc/powerpc-gekko/4.2.4/crtbegin.o
 .rela.text.SDL_PrivateQuit
                0x00000000        0x0 d:/devkitpro/devkitppc/bin/../lib/gcc/powerpc-gekko/4.2.4/crtbegin.o
 .rela.text.SDL_HandleSIG
                0x00000000        0x0 d:/devkitpro/devkitppc/bin/../lib/gcc/powerpc-gekko/4.2.4/crtbegin.o
 .rela.text.SDL_PrivateResize
                0x00000000        0x0 d:/devkitpro/devkitppc/bin/../lib/gcc/powerpc-gekko/4.2.4/crtbegin.o
 .rela.text.SDL_PrivateAppActive
                0x00000000        0x0 d:/devkitpro/devkitppc/bin/../lib/gcc/powerpc-gekko/4.2.4/crtbegin.o
 .rela.text.fatUnmount
                0x00000000        0x0 d:/devkitpro/devkitppc/bin/../lib/gcc/powerpc-gekko/4.2.4/crtbegin.o
 .rela.text.fatInit
                0x00000000        0x0 d:/devkitpro/devkitppc/bin/../lib/gcc/powerpc-gekko/4.2.4/crtbegin.o
 .rela.text.get_io_wiisd
                0x00000000        0x0 d:/devkitpro/devkitppc/bin/../lib/gcc/powerpc-gekko/4.2.4/crtbegin.o
 .rela.text.get_io_usbstorage
                0x00000000        0x0 d:/devkitpro/devkitppc/bin/../lib/gcc/powerpc-gekko/4.2.4/crtbegin.o
 .rela.text.get_io_gcsda
                0x00000000        0x0 d:/devkitpro/devkitppc/bin/../lib/gcc/powerpc-gekko/4.2.4/crtbegin.o
 .rela.text.get_io_gcsdb
                0x00000000        0x0 d:/devkitpro/devkitppc/bin/../lib/gcc/powerpc-gekko/4.2.4/crtbegin.o
 .rela.text._FAT_directory_mbsncasecmp
                0x00000000        0x0 d:/devkitpro/devkitppc/bin/../lib/gcc/powerpc-gekko/4.2.4/crtbegin.o
 .rela.text._FAT_directory_ucs2tombs
                0x00000000        0x0 d:/devkitpro/devkitppc/bin/../lib/gcc/powerpc-gekko/4.2.4/crtbegin.o
 .rela.text._FAT_directory_addEntry
                0x00000000        0x0 d:/devkitpro/devkitppc/bin/../lib/gcc/powerpc-gekko/4.2.4/crtbegin.o
 .rela.text.wiiuse_init_cmd_queue
                0x00000000        0x0 d:/devkitpro/devkitppc/bin/../lib/gcc/powerpc-gekko/4.2.4/crtbegin.o
 .rela.text.wiiuse_init
                0x00000000        0x0 d:/devkitpro/devkitppc/bin/../lib/gcc/powerpc-gekko/4.2.4/crtbegin.o
 .rela.text.guitar_hero_3_handshake
                0x00000000        0x0 d:/devkitpro/devkitppc/bin/../lib/gcc/powerpc-gekko/4.2.4/crtbegin.o
 .rela.text.wiiuse_handshake_expansion
                0x00000000        0x0 d:/devkitpro/devkitppc/bin/../lib/gcc/powerpc-gekko/4.2.4/crtbegin.o
 .rela.text.wiiuse_handshake
                0x00000000        0x0 d:/devkitpro/devkitppc/bin/../lib/gcc/powerpc-gekko/4.2.4/crtbegin.o
 .rela.text.bt_alarmhandler
                0x00000000        0x0 d:/devkitpro/devkitppc/bin/../lib/gcc/powerpc-gekko/4.2.4/crtbegin.o
 .rela.text.__lwp_rotate_readyqueue
                0x00000000        0x0 d:/devkitpro/devkitppc/bin/../lib/gcc/powerpc-gekko/4.2.4/crtbegin.o
 .rela.text.__lwp_thread_setstate
                0x00000000        0x0 d:/devkitpro/devkitppc/bin/../lib/gcc/powerpc-gekko/4.2.4/crtbegin.o
 .rela.text.__lwp_thread_setpriority
                0x00000000        0x0 d:/devkitpro/devkitppc/bin/../lib/gcc/powerpc-gekko/4.2.4/crtbegin.o
 .rela.text.__lwp_thread_ready
                0x00000000        0x0 d:/devkitpro/devkitppc/bin/../lib/gcc/powerpc-gekko/4.2.4/crtbegin.o
 .rela.text.__lwp_thread_close
                0x00000000        0x0 d:/devkitpro/devkitppc/bin/../lib/gcc/powerpc-gekko/4.2.4/crtbegin.o
 .rela.text.__lwp_thread_closeall
                0x00000000        0x0 d:/devkitpro/devkitppc/bin/../lib/gcc/powerpc-gekko/4.2.4/crtbegin.o
 .rela.text.__lwp_thread_stopmultitasking
                0x00000000        0x0 d:/devkitpro/devkitppc/bin/../lib/gcc/powerpc-gekko/4.2.4/crtbegin.o
 .rela.text.__lwp_thread_changepriority
                0x00000000        0x0 d:/devkitpro/devkitppc/bin/../lib/gcc/powerpc-gekko/4.2.4/crtbegin.o
 .rela.text.__lwp_thread_coreinit
                0x00000000        0x0 d:/devkitpro/devkitppc/bin/../lib/gcc/powerpc-gekko/4.2.4/crtbegin.o
 .rela.text.__lwp_thread_suspend
                0x00000000        0x0 d:/devkitpro/devkitppc/bin/../lib/gcc/powerpc-gekko/4.2.4/crtbegin.o
 .rela.text.__lwp_thread_startmultitasking
                0x00000000        0x0 d:/devkitpro/devkitppc/bin/../lib/gcc/powerpc-gekko/4.2.4/crtbegin.o
 .rela.text.__lwp_thread_tickle_timeslice
                0x00000000        0x0 d:/devkitpro/devkitppc/bin/../lib/gcc/powerpc-gekko/4.2.4/crtbegin.o
 .rela.text.__lwp_thread_context
                0x00000000        0x0 d:/devkitpro/devkitppc/bin/../lib/gcc/powerpc-gekko/4.2.4/crtbegin.o
 .rela.text.__lwp_thread_exists
                0x00000000        0x0 d:/devkitpro/devkitppc/bin/../lib/gcc/powerpc-gekko/4.2.4/crtbegin.o
 .rela.text.__lwp_thread_isalive
                0x00000000        0x0 d:/devkitpro/devkitppc/bin/../lib/gcc/powerpc-gekko/4.2.4/crtbegin.o
 .rela.text.__lwp_sysinit
                0x00000000        0x0 d:/devkitpro/devkitppc/bin/../lib/gcc/powerpc-gekko/4.2.4/crtbegin.o
 .rela.text.LWP_ThreadSignal
                0x00000000        0x0 d:/devkitpro/devkitppc/bin/../lib/gcc/powerpc-gekko/4.2.4/crtbegin.o
 .rela.text.LWP_ThreadBroadcast
                0x00000000        0x0 d:/devkitpro/devkitppc/bin/../lib/gcc/powerpc-gekko/4.2.4/crtbegin.o
 .rela.text.LWP_ThreadSleep
                0x00000000        0x0 d:/devkitpro/devkitppc/bin/../lib/gcc/powerpc-gekko/4.2.4/crtbegin.o
 .rela.text.LWP_CloseQueue
                0x00000000        0x0 d:/devkitpro/devkitppc/bin/../lib/gcc/powerpc-gekko/4.2.4/crtbegin.o
 .rela.text.LWP_InitQueue
                0x00000000        0x0 d:/devkitpro/devkitppc/bin/../lib/gcc/powerpc-gekko/4.2.4/crtbegin.o
 .rela.text.LWP_JoinThread
                0x00000000        0x0 d:/devkitpro/devkitppc/bin/../lib/gcc/powerpc-gekko/4.2.4/crtbegin.o
 .rela.text.LWP_ThreadIsSuspended
                0x00000000        0x0 d:/devkitpro/devkitppc/bin/../lib/gcc/powerpc-gekko/4.2.4/crtbegin.o
 .rela.text.LWP_SetThreadPriority
                0x00000000        0x0 d:/devkitpro/devkitppc/bin/../lib/gcc/powerpc-gekko/4.2.4/crtbegin.o
 .rela.text.LWP_ResumeThread
                0x00000000        0x0 d:/devkitpro/devkitppc/bin/../lib/gcc/powerpc-gekko/4.2.4/crtbegin.o
 .rela.text.LWP_SuspendThread
                0x00000000        0x0 d:/devkitpro/devkitppc/bin/../lib/gcc/powerpc-gekko/4.2.4/crtbegin.o
 .rela.text.LWP_CreateThread
                0x00000000        0x0 d:/devkitpro/devkitppc/bin/../lib/gcc/powerpc-gekko/4.2.4/crtbegin.o
 .rela.text.__lwp_stack_free
                0x00000000        0x0 d:/devkitpro/devkitppc/bin/../lib/gcc/powerpc-gekko/4.2.4/crtbegin.o
 .rela.text.__lwp_stack_allocate
                0x00000000        0x0 d:/devkitpro/devkitppc/bin/../lib/gcc/powerpc-gekko/4.2.4/crtbegin.o
 .rela.text.__lwp_watchdog_init
                0x00000000        0x0 d:/devkitpro/devkitppc/bin/../lib/gcc/powerpc-gekko/4.2.4/crtbegin.o
 .rela.text.__lwp_wd_tickle
                0x00000000        0x0 d:/devkitpro/devkitppc/bin/../lib/gcc/powerpc-gekko/4.2.4/crtbegin.o
 .rela.text.__lwp_wkspace_init
                0x00000000        0x0 d:/devkitpro/devkitppc/bin/../lib/gcc/powerpc-gekko/4.2.4/crtbegin.o
 .rela.text.__lwp_wkspace_heapused
                0x00000000        0x0 d:/devkitpro/devkitppc/bin/../lib/gcc/powerpc-gekko/4.2.4/crtbegin.o
 .rela.text.__lwp_wkspace_heapfree
                0x00000000        0x0 d:/devkitpro/devkitppc/bin/../lib/gcc/powerpc-gekko/4.2.4/crtbegin.o
 .rela.text.__lwp_objmgr_initinfo
                0x00000000        0x0 d:/devkitpro/devkitppc/bin/../lib/gcc/powerpc-gekko/4.2.4/crtbegin.o
 .rela.text.__irq_init
                0x00000000        0x0 d:/devkitpro/devkitppc/bin/../lib/gcc/powerpc-gekko/4.2.4/crtbegin.o
 .rela.text.LWP_MutexInit
                0x00000000        0x0 d:/devkitpro/devkitppc/bin/../lib/gcc/powerpc-gekko/4.2.4/crtbegin.o
 .rela.text.__lwp_mutex_init
                0x00000000        0x0 d:/devkitpro/devkitppc/bin/../lib/gcc/powerpc-gekko/4.2.4/crtbegin.o
 .rela.text.LWP_MutexDestroy
                0x00000000        0x0 d:/devkitpro/devkitppc/bin/../lib/gcc/powerpc-gekko/4.2.4/crtbegin.o
 .rela.text.__lwp_mutex_locksupp
                0x00000000        0x0 d:/devkitpro/devkitppc/bin/../lib/gcc/powerpc-gekko/4.2.4/crtbegin.o
 .rela.text.LWP_MutexUnlock
                0x00000000        0x0 d:/devkitpro/devkitppc/bin/../lib/gcc/powerpc-gekko/4.2.4/crtbegin.o
 .rela.text.__sram_sync
                0x00000000        0x0 d:/devkitpro/devkitppc/bin/../lib/gcc/powerpc-gekko/4.2.4/crtbegin.o
 .rela.text.__locksram
                0x00000000        0x0 d:/devkitpro/devkitppc/bin/../lib/gcc/powerpc-gekko/4.2.4/crtbegin.o
 .rela.text.__sram_init
                0x00000000        0x0 d:/devkitpro/devkitppc/bin/../lib/gcc/powerpc-gekko/4.2.4/crtbegin.o
 .rela.text.SYS_Init
                0x00000000        0x0 d:/devkitpro/devkitppc/bin/../lib/gcc/powerpc-gekko/4.2.4/crtbegin.o
 .rela.text.__unlocksram
                0x00000000        0x0 d:/devkitpro/devkitppc/bin/../lib/gcc/powerpc-gekko/4.2.4/crtbegin.o
 .rela.text.__sram_writecallback
                0x00000000        0x0 d:/devkitpro/devkitppc/bin/../lib/gcc/powerpc-gekko/4.2.4/crtbegin.o
 .rela.text.SYS_CancelAlarm
                0x00000000        0x0 d:/devkitpro/devkitppc/bin/../lib/gcc/powerpc-gekko/4.2.4/crtbegin.o
 .rela.text.SYS_RemoveAlarm
                0x00000000        0x0 d:/devkitpro/devkitppc/bin/../lib/gcc/powerpc-gekko/4.2.4/crtbegin.o
 .rela.text.SYS_SetAlarm
                0x00000000        0x0 d:/devkitpro/devkitppc/bin/../lib/gcc/powerpc-gekko/4.2.4/crtbegin.o
 .rela.text.__sys_alarmhandler
                0x00000000        0x0 d:/devkitpro/devkitppc/bin/../lib/gcc/powerpc-gekko/4.2.4/crtbegin.o
 .rela.text.SYS_SetPeriodicAlarm
                0x00000000        0x0 d:/devkitpro/devkitppc/bin/../lib/gcc/powerpc-gekko/4.2.4/crtbegin.o
 .rela.text.__lwp_cond_init
                0x00000000        0x0 d:/devkitpro/devkitppc/bin/../lib/gcc/powerpc-gekko/4.2.4/crtbegin.o
 .rela.text.LWP_CondDestroy
                0x00000000        0x0 d:/devkitpro/devkitppc/bin/../lib/gcc/powerpc-gekko/4.2.4/crtbegin.o
 .rela.text.LWP_CondInit
                0x00000000        0x0 d:/devkitpro/devkitppc/bin/../lib/gcc/powerpc-gekko/4.2.4/crtbegin.o
 .rela.text.__lwp_cond_signalsupp
                0x00000000        0x0 d:/devkitpro/devkitppc/bin/../lib/gcc/powerpc-gekko/4.2.4/crtbegin.o
 .rela.text.__lwp_cond_waitsupp
                0x00000000        0x0 d:/devkitpro/devkitppc/bin/../lib/gcc/powerpc-gekko/4.2.4/crtbegin.o
 .rela.text.GX_EndDispList
                0x00000000        0x0 d:/devkitpro/devkitppc/bin/../lib/gcc/powerpc-gekko/4.2.4/crtbegin.o
 .rela.text.GX_BeginDispList
                0x00000000        0x0 d:/devkitpro/devkitppc/bin/../lib/gcc/powerpc-gekko/4.2.4/crtbegin.o
 .rela.text.GX_Init
                0x00000000        0x0 d:/devkitpro/devkitppc/bin/../lib/gcc/powerpc-gekko/4.2.4/crtbegin.o
 .rela.text.c_decrementer_handler
                0x00000000        0x0 d:/devkitpro/devkitppc/bin/../lib/gcc/powerpc-gekko/4.2.4/crtbegin.o
 .rela.text.__lwp_mqbox_init
                0x00000000        0x0 d:/devkitpro/devkitppc/bin/../lib/gcc/powerpc-gekko/4.2.4/crtbegin.o
 .rela.text.MQ_Close
                0x00000000        0x0 d:/devkitpro/devkitppc/bin/../lib/gcc/powerpc-gekko/4.2.4/crtbegin.o
 .rela.text.MQ_Init
                0x00000000        0x0 d:/devkitpro/devkitppc/bin/../lib/gcc/powerpc-gekko/4.2.4/crtbegin.o
 .rela.text.MQ_Jam
                0x00000000        0x0 d:/devkitpro/devkitppc/bin/../lib/gcc/powerpc-gekko/4.2.4/crtbegin.o
 .rela.text.MQ_Receive
                0x00000000        0x0 d:/devkitpro/devkitppc/bin/../lib/gcc/powerpc-gekko/4.2.4/crtbegin.o
 .rela.text.MQ_Send
                0x00000000        0x0 d:/devkitpro/devkitppc/bin/../lib/gcc/powerpc-gekko/4.2.4/crtbegin.o
 .rela.text.__ios_ioctlvformat_parse
                0x00000000        0x0 d:/devkitpro/devkitppc/bin/../lib/gcc/powerpc-gekko/4.2.4/crtbegin.o
 .rela.text.__ioctlvfmtCB
                0x00000000        0x0 d:/devkitpro/devkitppc/bin/../lib/gcc/powerpc-gekko/4.2.4/crtbegin.o
 .rela.text.IOS_IoctlvFormatAsync
                0x00000000        0x0 d:/devkitpro/devkitppc/bin/../lib/gcc/powerpc-gekko/4.2.4/crtbegin.o
 .rela.text.IOS_IoctlvFormat
                0x00000000        0x0 d:/devkitpro/devkitppc/bin/../lib/gcc/powerpc-gekko/4.2.4/crtbegin.o
 .rela.text.nanosleep
                0x00000000        0x0 d:/devkitpro/devkitppc/bin/../lib/gcc/powerpc-gekko/4.2.4/crtbegin.o
 .rela.text.__libc_init
                0x00000000        0x0 d:/devkitpro/devkitppc/bin/../lib/gcc/powerpc-gekko/4.2.4/crtbegin.o
 .rela.text.__libc_wrapup
                0x00000000        0x0 d:/devkitpro/devkitppc/bin/../lib/gcc/powerpc-gekko/4.2.4/crtbegin.o
 .rela.text.__libc_delete_hook
                0x00000000        0x0 d:/devkitpro/devkitppc/bin/../lib/gcc/powerpc-gekko/4.2.4/crtbegin.o
 .rela.text.__libogc_sbrk_r
                0x00000000        0x0 d:/devkitpro/devkitppc/bin/../lib/gcc/powerpc-gekko/4.2.4/crtbegin.o
 .rela.text.__CheckARGV
                0x00000000        0x0 d:/devkitpro/devkitppc/bin/../lib/gcc/powerpc-gekko/4.2.4/crtbegin.o
 .rela.text.__lwp_priority_init
                0x00000000        0x0 d:/devkitpro/devkitppc/bin/../lib/gcc/powerpc-gekko/4.2.4/crtbegin.o
 .rela.text.__lwp_threadqueue_extractpriority
                0x00000000        0x0 d:/devkitpro/devkitppc/bin/../lib/gcc/powerpc-gekko/4.2.4/crtbegin.o
 .rela.text.__lwp_threadqueue_extractfifo
                0x00000000        0x0 d:/devkitpro/devkitppc/bin/../lib/gcc/powerpc-gekko/4.2.4/crtbegin.o
 .rela.text.__lwp_threadqueue_dequeuepriority
                0x00000000        0x0 d:/devkitpro/devkitppc/bin/../lib/gcc/powerpc-gekko/4.2.4/crtbegin.o
 .rela.text.__lwp_threadqueue_enqueuepriority
                0x00000000        0x0 d:/devkitpro/devkitppc/bin/../lib/gcc/powerpc-gekko/4.2.4/crtbegin.o
 .rela.text.__lwp_threadqueue_dequeuefifo
                0x00000000        0x0 d:/devkitpro/devkitppc/bin/../lib/gcc/powerpc-gekko/4.2.4/crtbegin.o
 .rela.text.__lwp_threadqueue_enqueuefifo
                0x00000000        0x0 d:/devkitpro/devkitppc/bin/../lib/gcc/powerpc-gekko/4.2.4/crtbegin.o
 .rela.text.__lwp_threadqueue_enqueue
                0x00000000        0x0 d:/devkitpro/devkitppc/bin/../lib/gcc/powerpc-gekko/4.2.4/crtbegin.o
 .rela.text.__lwpmq_close
                0x00000000        0x0 d:/devkitpro/devkitppc/bin/../lib/gcc/powerpc-gekko/4.2.4/crtbegin.o
 .rela.text.__lwpmq_initialize
                0x00000000        0x0 d:/devkitpro/devkitppc/bin/../lib/gcc/powerpc-gekko/4.2.4/crtbegin.o
 .rela.text.__exception_sethandler
                0x00000000        0x0 d:/devkitpro/devkitppc/bin/../lib/gcc/powerpc-gekko/4.2.4/crtbegin.o
 .rela.text.__exception_init
                0x00000000        0x0 d:/devkitpro/devkitppc/bin/../lib/gcc/powerpc-gekko/4.2.4/crtbegin.o
 .rela.text.__systemcall_init
                0x00000000        0x0 d:/devkitpro/devkitppc/bin/../lib/gcc/powerpc-gekko/4.2.4/crtbegin.o
 .rela.text.__lwp_sema_init
                0x00000000        0x0 d:/devkitpro/devkitppc/bin/../lib/gcc/powerpc-gekko/4.2.4/crtbegin.o
 .rela.text.LWP_SemInit
                0x00000000        0x0 d:/devkitpro/devkitppc/bin/../lib/gcc/powerpc-gekko/4.2.4/crtbegin.o
 .rela.text.LWP_SemDestroy
                0x00000000        0x0 d:/devkitpro/devkitppc/bin/../lib/gcc/powerpc-gekko/4.2.4/crtbegin.o
 .rela.text.LWP_SemPost
                0x00000000        0x0 d:/devkitpro/devkitppc/bin/../lib/gcc/powerpc-gekko/4.2.4/crtbegin.o
 .rela.text.LWP_SemWait
                0x00000000        0x0 d:/devkitpro/devkitppc/bin/../lib/gcc/powerpc-gekko/4.2.4/crtbegin.o
 .rela.text.kprintf
                0x00000000        0x0 d:/devkitpro/devkitppc/bin/../lib/gcc/powerpc-gekko/4.2.4/crtbegin.o
 .rela.text.__card_readcid
                0x00000000        0x0 d:/devkitpro/devkitppc/bin/../lib/gcc/powerpc-gekko/4.2.4/crtbegin.o
 .rela.text.__card_readcsd
                0x00000000        0x0 d:/devkitpro/devkitppc/bin/../lib/gcc/powerpc-gekko/4.2.4/crtbegin.o
 .rela.text.__card_sd_status
                0x00000000        0x0 d:/devkitpro/devkitppc/bin/../lib/gcc/powerpc-gekko/4.2.4/crtbegin.o
 .rela.text.sdgecko_initIO
                0x00000000        0x0 d:/devkitpro/devkitppc/bin/../lib/gcc/powerpc-gekko/4.2.4/crtbegin.o
 .rela.text.CON_EnableGecko
                0x00000000        0x0 d:/devkitpro/devkitppc/bin/../lib/gcc/powerpc-gekko/4.2.4/crtbegin.o
 .rela.text.__console_init
                0x00000000        0x0 d:/devkitpro/devkitppc/bin/../lib/gcc/powerpc-gekko/4.2.4/crtbegin.o
 .rela.text.__console_init_ex
                0x00000000        0x0 d:/devkitpro/devkitppc/bin/../lib/gcc/powerpc-gekko/4.2.4/crtbegin.o
 .rela.text._keyboardRead
                0x00000000        0x0 d:/devkitpro/devkitppc/bin/../lib/gcc/powerpc-gekko/4.2.4/crtbegin.o
 .rela.text.KEYBOARD_Init
                0x00000000        0x0 d:/devkitpro/devkitppc/bin/../lib/gcc/powerpc-gekko/4.2.4/crtbegin.o
 .rela.text._kbd_buf_thread_func
                0x00000000        0x0 d:/devkitpro/devkitppc/bin/../lib/gcc/powerpc-gekko/4.2.4/crtbegin.o

.rel.fini
 *(.rel.fini)

.rela.fini
 *(.rela.fini)

.rel.rodata
 *(.rel.rodata .rel.rodata.* .rel.gnu.linkonce.r.*)

.rela.rodata    0x8000420c        0x0
 *(.rela.rodata .rela.rodata.* .rela.gnu.linkonce.r.*)
 .rela.rodata.bootstrap
                0x00000000        0x0 d:/devkitpro/devkitppc/bin/../lib/gcc/powerpc-gekko/4.2.4/crtbegin.o
 .rela.rodata.dotab_fat
                0x00000000        0x0 d:/devkitpro/devkitppc/bin/../lib/gcc/powerpc-gekko/4.2.4/crtbegin.o

.rel.data
 *(.rel.data .rel.data.* .rel.gnu.linkonce.d.*)

.rela.data
 *(.rela.data .rela.data.* .rela.gnu.linkonce.d.*)

.rel.tdata
 *(.rel.tdata .rel.tdata.* .rel.gnu.linkonce.td.*)

.rela.tdata
 *(.rela.tdata .rela.tdata.* .rela.gnu.linkonce.td.*)

.rel.tbss
 *(.rel.tbss .rel.tbss.* .rel.gnu.linkonce.tb.*)

.rela.tbss
 *(.rela.tbss .rela.tbss.* .rela.gnu.linkonce.tb.*)

.rel.ctors
 *(.rel.ctors)

.rela.ctors
 *(.rela.ctors)

.rel.dtors
 *(.rel.dtors)

.rela.dtors
 *(.rela.dtors)

.rel.got
 *(.rel.got)

.rela.got
 *(.rela.got)

.rela.got1
 *(.rela.got1)

.rela.got2      0x8000420c        0x0
 *(.rela.got2)
 .rela.got2     0x00000000        0x0 d:/devkitpro/devkitppc/bin/../lib/gcc/powerpc-gekko/4.2.4/crtbegin.o

.rel.sdata
 *(.rel.sdata .rel.sdata.* .rel.gnu.linkonce.s.*)

.rela.sdata     0x8000420c        0x0
 *(.rela.sdata .rela.sdata.* .rela.gnu.linkonce.s.*)
 .rela.sdata._ukbd_keymapdata
                0x00000000        0x0 d:/devkitpro/devkitppc/bin/../lib/gcc/powerpc-gekko/4.2.4/crtbegin.o

.rel.sbss
 *(.rel.sbss .rel.sbss.* .rel.gnu.linkonce.sb.*)

.rela.sbss
 *(.rela.sbss .rela.sbss.* .rel.gnu.linkonce.sb.*)

.rel.sdata2
 *(.rel.sdata2 .rel.sdata2.* .rel.gnu.linkonce.s2.*)

.rela.sdata2    0x8000420c        0x0
 *(.rela.sdata2 .rela.sdata2.* .rela.gnu.linkonce.s2.*)
 .rela.sdata2.__sys_inIPL
                0x00000000        0x0 d:/devkitpro/devkitppc/bin/../lib/gcc/powerpc-gekko/4.2.4/crtbegin.o
 .rela.sdata2.__gx
                0x00000000        0x0 d:/devkitpro/devkitppc/bin/../lib/gcc/powerpc-gekko/4.2.4/crtbegin.o

.rel.sbss2
 *(.rel.sbss2 .rel.sbss2.* .rel.gnu.linkonce.sb2.*)

.rela.sbss2
 *(.rela.sbss2 .rela.sbss2.* .rela.gnu.linkonce.sb2.*)

.rel.bss
 *(.rel.bss .rel.bss.* .rel.gnu.linkonce.b.*)

.rela.bss
 *(.rela.bss .rela.bss.* .rela.gnu.linkonce.b.*)

.rel.plt
 *(.rel.plt)

.rela.plt
 *(.rela.plt)

.text           0x80004220    0x79480
 *(.text)
 .text          0x80004220      0x140 d:/devkitpro/devkitppc/bin/../lib/gcc/powerpc-gekko/4.2.4/crtbegin.o
 .text          0x80004360       0x48 d:/devkitpro/devkitppc/bin/../lib/gcc/powerpc-gekko/4.2.4/../../../../powerpc-gekko/lib/crtmain.o
                0x80004364                __crtmain
 .text          0x800043a8      0xcc4 strobe.o
                0x800043a8                pause
                0x80004474                Drawstring
                0x800043e8                DrawChar
                0x80004988                SDL_main
                0x80004874                init
                0x80004508                strobe
 *fill*         0x8000506c       0x14 00000000
 .text          0x80005080      0x4ec d:/devkitPro/libogc/lib/wii\libogc.a(lwp_handler.o)
                0x800051c0                _cpu_context_restore_fp
                0x80005480                _cpu_context_save
                0x80005080                _cpu_context_save_fp
                0x80005300                _cpu_context_switch
                0x80005500                _cpu_context_restore
 .text          0x8000556c      0x4d8 d:/devkitPro/libogc/lib/wii\libogc.a(cache_asm.o)
                0x80005848                L2Disable
                0x800055d0                DCBlockZero
                0x80005688                DCFlushRangeNoSync
                0x800057dc                ICBlockInvalidate
                0x8000556c                DCFlashInvalidate
                0x800055d8                DCBlockStore
                0x800056e8                DCZeroRange
                0x800059fc                LCLoadBlocks
                0x800055c8                DCTouchLoad
                0x800059bc                LCAllocTags
                0x800057a4                ICDisable
                0x80005790                ICEnable
                0x80005860                L2GlobalInvalidate
                0x80005a20                LCStoreBlocks
                0x80005780                ICFlashInvalidate
                0x80005718                DCTouchRange
                0x800056b8                DCStoreRangeNoSync
                0x800057b8                ICFreeze
                0x80005590                DCDisable
                0x800055e0                DCBlockFlush
                0x8000557c                DCEnable
                0x80005834                L2Enable
                0x800058b8                __LCEnable
                0x800055f0                DCInvalidateRange
                0x800059a8                LCAllocOneTag
                0x800055b8                DCUnfreeze
                0x80005748                ICInvalidateRange
                0x80005620                DCFlushRange
                0x800057e4                ICSync
                0x800055e8                DCBlockInvalidate
                0x800055a4                DCFreeze
                0x800057ec                L2Init
                0x800057cc                ICUnfreeze
                0x80005654                DCStoreRange
                0x80005980                LCDisable
 .text          0x80005a44      0x518 d:/devkitPro/libogc/lib/wii\libogc.a(system_asm.o)
                0x80005c14                __configMEM1_48Mb
                0x80005ea4                __reset
                0x80005a44                __realmode
                0x80005d88                __CacheInit
                0x80005c88                __configMEM2_64Mb
                0x80005dec                __SystemInit
                0x80005cec                __configMEM2_128Mb
                0x80005ba0                __configMEM1_24Mb
                0x80005d50                __PSInit
                0x80005f44                InitBATS
                0x80005a5c                __configBATS
                0x80005e70                __flush_cache
                0x80005f14                SYS_SwitchFiber
 .text          0x80005f5c      0x934 d:/devkitPro/libogc/lib/wii\libogc.a(gu_psasm.o)
                0x80005f5c                ps_guMtxConcat
                0x80006424                ps_guMtxApplyTrans
                0x80006628                ps_guMtxReflect
                0x80006704                ps_guVecNormalize
                0x8000678c                ps_guVecDotProduct
                0x80006560                __ps_guMtxRotAxisRadInternal
                0x800061e0                ps_guMtxInvXpos
                0x800067ac                ps_guVecMultiply
                0x80006870                ps_guQuatDotProduct
                0x80006750                ps_guVecCross
                0x80006800                ps_guVecMultiplySR
                0x80006028                ps_guMtxIdentity
                0x800064a8                ps_guMtxRotTrig
                0x800066a0                ps_guVecAdd
                0x80006330                ps_guMtxApplyScale
                0x800066e8                ps_guVecScale
                0x800062a8                ps_guMtxScale
                0x8000605c                ps_guMtxCopy
                0x800062d8                ps_guMtxScaleApply
                0x80006090                ps_guMtxTranspose
                0x800060e8                ps_guMtxInverse
                0x8000639c                ps_guMtxTrans
                0x800063d8                ps_guMtxTransApply
                0x800066c4                ps_guVecSub
 .text          0x80006890      0x1b0 d:/devkitPro/libogc/lib/wii\libogc.a(irq_handler.o)
                0x80006890                irq_exceptionhandler
 .text          0x80006a40      0x118 d:/devkitPro/libogc/lib/wii\libogc.a(video_asm.o)
                0x80006a40                __VIClearFramebuffer
 .text          0x80006b58      0x1b0 d:/devkitPro/libogc/lib/wii\libogc.a(decrementer_handler.o)
                0x80006b58                dec_exceptionhandler
 .text          0x80006d08      0x35c d:/devkitPro/libogc/lib/wii\libogc.a(exception_handler.o)
                0x80006d08                exceptionhandler_start
                0x80006dbc                default_exceptionhandler
                0x80007060                systemcallhandler_end
                0x80007034                systemcallhandler_start
                0x80006db8                exceptionhandler_end
                0x80006d84                exceptionhandler_patch
                0x80006efc                fpu_exceptionhandler
 .text          0x80007064       0x34 d:/devkitpro/devkitppc/bin/../lib/gcc/powerpc-gekko/4.2.4/../../../../powerpc-gekko/lib\libm.a(lib_a-s_atan2.o)
                0x80007064                atan2
 .text          0x80007098      0x284 d:/devkitpro/devkitppc/bin/../lib/gcc/powerpc-gekko/4.2.4/../../../../powerpc-gekko/lib\libm.a(lib_a-s_atangent.o)
                0x80007098                atangent
 .text          0x8000731c       0x24 d:/devkitpro/devkitppc/bin/../lib/gcc/powerpc-gekko/4.2.4/../../../../powerpc-gekko/lib\libm.a(lib_a-s_cos.o)
                0x8000731c                cos
 .text          0x80007340       0xb4 d:/devkitpro/devkitppc/bin/../lib/gcc/powerpc-gekko/4.2.4/../../../../powerpc-gekko/lib\libm.a(lib_a-s_fabs.o)
                0x80007340                fabs
 .text          0x800073f4       0xb4 d:/devkitpro/devkitppc/bin/../lib/gcc/powerpc-gekko/4.2.4/../../../../powerpc-gekko/lib\libm.a(lib_a-s_frexp.o)
                0x800073f4                frexp
 .text          0x800074a8       0x50 d:/devkitpro/devkitppc/bin/../lib/gcc/powerpc-gekko/4.2.4/../../../../powerpc-gekko/lib\libm.a(lib_a-s_numtest.o)
                0x800074a8                numtest
 .text          0x800074f8       0x24 d:/devkitpro/devkitppc/bin/../lib/gcc/powerpc-gekko/4.2.4/../../../../powerpc-gekko/lib\libm.a(lib_a-s_sin.o)
                0x800074f8                sin
 .text          0x8000751c      0x2c4 d:/devkitpro/devkitppc/bin/../lib/gcc/powerpc-gekko/4.2.4/../../../../powerpc-gekko/lib\libm.a(lib_a-s_sine.o)
                0x8000751c                sine
 .text          0x800077e0      0x184 d:/devkitpro/devkitppc/bin/../lib/gcc/powerpc-gekko/4.2.4/../../../../powerpc-gekko/lib\libm.a(lib_a-s_sqrt.o)
                0x800077e0                sqrt
 .text          0x80007964       0xc8 d:/devkitpro/devkitppc/bin/../lib/gcc/powerpc-gekko/4.2.4/../../../../powerpc-gekko/lib\libm.a(lib_a-sf_atan.o)
                0x80007964                atanf
 .text          0x80007a2c       0x38 d:/devkitpro/devkitppc/bin/../lib/gcc/powerpc-gekko/4.2.4/../../../../powerpc-gekko/lib\libm.a(lib_a-sf_atan2.o)
                0x80007a2c                atan2f
 .text          0x80007a64      0x250 d:/devkitpro/devkitppc/bin/../lib/gcc/powerpc-gekko/4.2.4/../../../../powerpc-gekko/lib\libm.a(lib_a-sf_atangent.o)
                0x80007a64                atangentf
 .text          0x80007cb4       0x24 d:/devkitpro/devkitppc/bin/../lib/gcc/powerpc-gekko/4.2.4/../../../../powerpc-gekko/lib\libm.a(lib_a-sf_cos.o)
                0x80007cb4                cosf
 .text          0x80007cd8       0xb4 d:/devkitpro/devkitppc/bin/../lib/gcc/powerpc-gekko/4.2.4/../../../../powerpc-gekko/lib\libm.a(lib_a-sf_fabs.o)
                0x80007cd8                fabsf
 .text          0x80007d8c       0xa8 d:/devkitpro/devkitppc/bin/../lib/gcc/powerpc-gekko/4.2.4/../../../../powerpc-gekko/lib\libm.a(lib_a-sf_fpclassify.o)
                0x80007d8c                __fpclassifyf
 .text          0x80007e34       0x90 d:/devkitpro/devkitppc/bin/../lib/gcc/powerpc-gekko/4.2.4/../../../../powerpc-gekko/lib\libm.a(lib_a-sf_frexp.o)
                0x80007e34                frexpf
 .text          0x80007ec4       0x24 d:/devkitpro/devkitppc/bin/../lib/gcc/powerpc-gekko/4.2.4/../../../../powerpc-gekko/lib\libm.a(lib_a-sf_isinff.o)
                0x80007ec4                __isinff
 .text          0x80007ee8       0x28 d:/devkitpro/devkitppc/bin/../lib/gcc/powerpc-gekko/4.2.4/../../../../powerpc-gekko/lib\libm.a(lib_a-sf_isnanf.o)
                0x80007ee8                __isnanf
 .text          0x80007f10       0x48 d:/devkitpro/devkitppc/bin/../lib/gcc/powerpc-gekko/4.2.4/../../../../powerpc-gekko/lib\libm.a(lib_a-sf_numtest.o)
                0x80007f10                numtestf
 .text          0x80007f58       0x24 d:/devkitpro/devkitppc/bin/../lib/gcc/powerpc-gekko/4.2.4/../../../../powerpc-gekko/lib\libm.a(lib_a-sf_sin.o)
                0x80007f58                sinf
 .text          0x80007f7c      0x2b8 d:/devkitpro/devkitppc/bin/../lib/gcc/powerpc-gekko/4.2.4/../../../../powerpc-gekko/lib\libm.a(lib_a-sf_sine.o)
                0x80007f7c                sinef
 .text          0x80008234      0x190 d:/devkitpro/devkitppc/bin/../lib/gcc/powerpc-gekko/4.2.4/../../../../powerpc-gekko/lib\libm.a(lib_a-sf_sqrt.o)
                0x80008234                sqrtf
 .text          0x800083c4       0x1c d:/devkitpro/devkitppc/bin/../lib/gcc/powerpc-gekko/4.2.4/../../../../powerpc-gekko/lib\libm.a(lib_a-s_ispos.o)
                0x800083c4                ispos
 .text          0x800083e0      0x154 d:/devkitpro/devkitppc/bin/../lib/gcc/powerpc-gekko/4.2.4/../../../../powerpc-gekko/lib\libm.a(lib_a-s_ldexp.o)
                0x800083e0                ldexp
 .text          0x80008534       0x1c d:/devkitpro/devkitppc/bin/../lib/gcc/powerpc-gekko/4.2.4/../../../../powerpc-gekko/lib\libm.a(lib_a-sf_ispos.o)
                0x80008534                isposf
 .text          0x80008550      0x14c d:/devkitpro/devkitppc/bin/../lib/gcc/powerpc-gekko/4.2.4/../../../../powerpc-gekko/lib\libm.a(lib_a-sf_ldexp.o)
                0x80008550                ldexpf
 .text          0x8000869c      0x418 d:/devkitpro/devkitppc/bin/../lib/gcc/powerpc-gekko/4.2.4\libgcc.a(_divdi3.o)
                0x8000869c                __divdi3
 .text          0x80008ab4      0x4ac d:/devkitpro/devkitppc/bin/../lib/gcc/powerpc-gekko/4.2.4\libgcc.a(_moddi3.o)
                0x80008ab4                __moddi3
 .text          0x80008f60      0x408 d:/devkitpro/devkitppc/bin/../lib/gcc/powerpc-gekko/4.2.4\libgcc.a(_udivdi3.o)
                0x80008f60                __udivdi3
 .text          0x80009368      0x450 d:/devkitpro/devkitppc/bin/../lib/gcc/powerpc-gekko/4.2.4\libgcc.a(_umoddi3.o)
                0x80009368                __umoddi3
 .text          0x800097b8       0x28 d:/devkitpro/devkitppc/bin/../lib/gcc/powerpc-gekko/4.2.4/../../../../powerpc-gekko/lib\libsysbase.a(abort.o)
                0x800097b8                abort
 .text          0x800097e0      0x2c4 d:/devkitpro/devkitppc/bin/../lib/gcc/powerpc-gekko/4.2.4/../../../../powerpc-gekko/lib\libsysbase.a(iosupport.o)
                0x80009a54                RemoveDevice
                0x800097e0                setDefaultDevice
                0x800097f8                AddDevice
                0x80009a10                GetDeviceOpTab
                0x80009920                FindDevice
 .text          0x80009aa4       0x28 d:/devkitpro/devkitppc/bin/../lib/gcc/powerpc-gekko/4.2.4/../../../../powerpc-gekko/lib\libsysbase.a(_exit.o)
                0x80009aa4                _exit
 .text          0x80009acc      0x510 d:/devkitpro/devkitppc/bin/../lib/gcc/powerpc-gekko/4.2.4/../../../../powerpc-gekko/lib\libsysbase.a(chdir.o)
                0x80009e54                chdir
                0x80009acc                getcwd
                0x80009bb0                _concatenate_path
 .text          0x80009fdc       0x9c d:/devkitpro/devkitppc/bin/../lib/gcc/powerpc-gekko/4.2.4/../../../../powerpc-gekko/lib\libsysbase.a(build_argv.o)
                0x80009fdc                build_argv
 .text          0x8000a078      0x168 d:/devkitpro/devkitppc/bin/../lib/gcc/powerpc-gekko/4.2.4/../../../../powerpc-gekko/lib\libsysbase.a(syscall_support.o)
                0x8000a1ac                __malloc_unlock
                0x8000a0f8                __libc_lock_release
                0x8000a078                __libc_lock_init
                0x8000a178                __malloc_lock
                0x8000a0b8                __libc_lock_close
                0x8000a138                __libc_lock_acquire
 .text          0x8000a1e0       0x30 d:/devkitpro/devkitppc/bin/../lib/gcc/powerpc-gekko/4.2.4/../../../../powerpc-gekko/lib\libc.a(lib_a-atexit.o)
                0x8000a1e0                atexit
 .text          0x8000a210       0x50 d:/devkitpro/devkitppc/bin/../lib/gcc/powerpc-gekko/4.2.4/../../../../powerpc-gekko/lib\libc.a(lib_a-atoi.o)
                0x8000a210                _atoi_r
                0x8000a238                atoi
 .text          0x8000a260       0x34 d:/devkitpro/devkitppc/bin/../lib/gcc/powerpc-gekko/4.2.4/../../../../powerpc-gekko/lib\libc.a(lib_a-calloc.o)
                0x8000a260                calloc
 .text          0x8000a294       0xd0 d:/devkitpro/devkitppc/bin/../lib/gcc/powerpc-gekko/4.2.4/../../../../powerpc-gekko/lib\libc.a(lib_a-callocr.o)
                0x8000a294                _calloc_r
 .text          0x8000a364        0xc d:/devkitpro/devkitppc/bin/../lib/gcc/powerpc-gekko/4.2.4/../../../../powerpc-gekko/lib\libc.a(lib_a-errno.o)
                0x8000a364                __errno
 .text          0x8000a370       0x40 d:/devkitpro/devkitppc/bin/../lib/gcc/powerpc-gekko/4.2.4/../../../../powerpc-gekko/lib\libc.a(lib_a-exit.o)
                0x8000a370                exit
 .text          0x8000a3b0      0x188 d:/devkitpro/devkitppc/bin/../lib/gcc/powerpc-gekko/4.2.4/../../../../powerpc-gekko/lib\libc.a(lib_a-fclose.o)
                0x8000a3b0                _fclose_r
                0x8000a528                fclose
 .text          0x8000a538      0x370 d:/devkitpro/devkitppc/bin/../lib/gcc/powerpc-gekko/4.2.4/../../../../powerpc-gekko/lib\libc.a(lib_a-fflush.o)
                0x8000a858                fflush
                0x8000a538                _fflush_r
 .text          0x8000a8a8      0x4e0 d:/devkitpro/devkitppc/bin/../lib/gcc/powerpc-gekko/4.2.4/../../../../powerpc-gekko/lib\libc.a(lib_a-findfp.o)
                0x8000ab38                __sinit
                0x8000abd4                __sfmoreglue
                0x8000a8d0                _cleanup
                0x8000a8a8                _cleanup_r
                0x8000aa64                __fp_lock_all
                0x8000aa14                __sfp_lock_acquire
                0x8000ac4c                __sfp
                0x8000a93c                __sinit_lock_release
                0x8000a990                __fp_unlock_all
                0x8000a964                __sfp_lock_release
                0x8000a9c8                __sinit_lock_acquire
 .text          0x8000ad88      0x154 d:/devkitpro/devkitppc/bin/../lib/gcc/powerpc-gekko/4.2.4/../../../../powerpc-gekko/lib\libc.a(lib_a-fopen.o)
                0x8000aec4                fopen
                0x8000ad88                _fopen_r
 .text          0x8000aedc      0x110 d:/devkitpro/devkitppc/bin/../lib/gcc/powerpc-gekko/4.2.4/../../../../powerpc-gekko/lib\libc.a(lib_a-fprintf.o)
                0x8000aedc                fprintf
                0x8000af70                _fprintf_r
 .text          0x8000afec      0x420 d:/devkitpro/devkitppc/bin/../lib/gcc/powerpc-gekko/4.2.4/../../../../powerpc-gekko/lib\libc.a(lib_a-fread.o)
                0x8000b3e4                fread
                0x8000afec                _fread_r
 .text          0x8000b40c      0x3f8 d:/devkitpro/devkitppc/bin/../lib/gcc/powerpc-gekko/4.2.4/../../../../powerpc-gekko/lib\libc.a(lib_a-freer.o)
                0x8000b528                _free_r
                0x8000b40c                _malloc_trim_r
 .text          0x8000b804      0x6ac d:/devkitpro/devkitppc/bin/../lib/gcc/powerpc-gekko/4.2.4/../../../../powerpc-gekko/lib\libc.a(lib_a-fseek.o)
                0x8000be90                fseek
                0x8000b804                _fseek_r
 .text          0x8000beb0      0x1f4 d:/devkitpro/devkitppc/bin/../lib/gcc/powerpc-gekko/4.2.4/../../../../powerpc-gekko/lib\libc.a(lib_a-ftell.o)
                0x8000c094                ftell
                0x8000beb0                _ftell_r
 .text          0x8000c0a4      0x194 d:/devkitpro/devkitppc/bin/../lib/gcc/powerpc-gekko/4.2.4/../../../../powerpc-gekko/lib\libc.a(lib_a-fwalk.o)
                0x8000c174                _fwalk
                0x8000c0a4                _fwalk_reent
 .text          0x8000c238      0x1a4 d:/devkitpro/devkitppc/bin/../lib/gcc/powerpc-gekko/4.2.4/../../../../powerpc-gekko/lib\libc.a(lib_a-fwrite.o)
                0x8000c238                _fwrite_r
                0x8000c3b4                fwrite
 .text          0x8000c3dc       0x64 d:/devkitpro/devkitppc/bin/../lib/gcc/powerpc-gekko/4.2.4/../../../../powerpc-gekko/lib\libc.a(lib_a-getenv.o)
                0x8000c3dc                getenv
                0x8000c40c                _findenv
 .text          0x8000c440      0x168 d:/devkitpro/devkitppc/bin/../lib/gcc/powerpc-gekko/4.2.4/../../../../powerpc-gekko/lib\libc.a(lib_a-getenv_r.o)
                0x8000c440                _findenv_r
                0x8000c584                _getenv_r
 .text          0x8000c5a8       0x2c d:/devkitpro/devkitppc/bin/../lib/gcc/powerpc-gekko/4.2.4/../../../../powerpc-gekko/lib\libc.a(lib_a-lcltime.o)
                0x8000c5a8                localtime
 .text          0x8000c5d4       0x24 d:/devkitpro/devkitppc/bin/../lib/gcc/powerpc-gekko/4.2.4/../../../../powerpc-gekko/lib\libc.a(lib_a-lcltime_r.o)
                0x8000c5d4                localtime_r
 .text          0x8000c5f8      0x4c4 d:/devkitpro/devkitppc/bin/../lib/gcc/powerpc-gekko/4.2.4/../../../../powerpc-gekko/lib\libc.a(lib_a-locale.o)
                0x8000c61c                _setlocale_r
                0x8000c5f8                __locale_charset
                0x8000c604                _localeconv_r
                0x8000caa4                setlocale
                0x8000c610                localeconv
 .text          0x8000cabc      0x1c0 d:/devkitpro/devkitppc/bin/../lib/gcc/powerpc-gekko/4.2.4/../../../../powerpc-gekko/lib\libc.a(lib_a-makebuf.o)
                0x8000cabc                __smakebuf_r
 .text          0x8000cc7c       0x34 d:/devkitpro/devkitppc/bin/../lib/gcc/powerpc-gekko/4.2.4/../../../../powerpc-gekko/lib\libc.a(lib_a-malign.o)
                0x8000cc7c                memalign
 .text          0x8000ccb0      0x1b0 d:/devkitpro/devkitppc/bin/../lib/gcc/powerpc-gekko/4.2.4/../../../../powerpc-gekko/lib\libc.a(lib_a-malignr.o)
                0x8000ccb0                _memalign_r
 .text          0x8000ce60       0x58 d:/devkitpro/devkitppc/bin/../lib/gcc/powerpc-gekko/4.2.4/../../../../powerpc-gekko/lib\libc.a(lib_a-malloc.o)
                0x8000ce8c                malloc
                0x8000ce60                free
 .text          0x8000ceb8      0x86c d:/devkitpro/devkitppc/bin/../lib/gcc/powerpc-gekko/4.2.4/../../../../powerpc-gekko/lib\libc.a(lib_a-mallocr.o)
                0x8000ceb8                _malloc_r
 .text          0x8000d724       0xb4 d:/devkitpro/devkitppc/bin/../lib/gcc/powerpc-gekko/4.2.4/../../../../powerpc-gekko/lib\libc.a(lib_a-mbrtowc.o)
                0x8000d7b0                mbrtowc
                0x8000d724                _mbrtowc_r
 .text          0x8000d7d8      0x1d4 d:/devkitpro/devkitppc/bin/../lib/gcc/powerpc-gekko/4.2.4/../../../../powerpc-gekko/lib\libc.a(lib_a-mbsrtowcs.o)
                0x8000d984                mbsrtowcs
                0x8000d7d8                _mbsrtowcs_r
 .text          0x8000d9ac      0x9a8 d:/devkitpro/devkitppc/bin/../lib/gcc/powerpc-gekko/4.2.4/../../../../powerpc-gekko/lib\libc.a(lib_a-mbtowc_r.o)
                0x8000d9ac                _mbtowc_r
 .text          0x8000e354       0x8c d:/devkitpro/devkitppc/bin/../lib/gcc/powerpc-gekko/4.2.4/../../../../powerpc-gekko/lib\libc.a(lib_a-memcmp.o)
                0x8000e354                memcmp
 .text          0x8000e3e0       0xc8 d:/devkitpro/devkitppc/bin/../lib/gcc/powerpc-gekko/4.2.4/../../../../powerpc-gekko/lib\libc.a(lib_a-memcpy.o)
                0x8000e3e0                memcpy
 .text          0x8000e4a8      0x104 d:/devkitpro/devkitppc/bin/../lib/gcc/powerpc-gekko/4.2.4/../../../../powerpc-gekko/lib\libc.a(lib_a-memmove.o)
                0x8000e4a8                memmove
 .text          0x8000e5ac       0xe4 d:/devkitpro/devkitppc/bin/../lib/gcc/powerpc-gekko/4.2.4/../../../../powerpc-gekko/lib\libc.a(lib_a-memset.o)
                0x8000e5ac                memset
 .text          0x8000e690      0x740 d:/devkitpro/devkitppc/bin/../lib/gcc/powerpc-gekko/4.2.4/../../../../powerpc-gekko/lib\libc.a(lib_a-mktime.o)
                0x8000e9e0                mktime
 .text          0x8000edd0      0x870 d:/devkitpro/devkitppc/bin/../lib/gcc/powerpc-gekko/4.2.4/../../../../powerpc-gekko/lib\libc.a(lib_a-mktm_r.o)
                0x8000edd0                __tzcalc_limits
                0x8000f044                _mktm_r
 .text          0x8000f640      0x124 d:/devkitpro/devkitppc/bin/../lib/gcc/powerpc-gekko/4.2.4/../../../../powerpc-gekko/lib\libc.a(lib_a-printf.o)
                0x8000f640                printf
                0x8000f6d8                _printf_r
 .text          0x8000f764       0xd0 d:/devkitpro/devkitppc/bin/../lib/gcc/powerpc-gekko/4.2.4/../../../../powerpc-gekko/lib\libc.a(lib_a-puts.o)
                0x8000f764                _puts_r
                0x8000f824                puts
 .text          0x8000f834       0x34 d:/devkitpro/devkitppc/bin/../lib/gcc/powerpc-gekko/4.2.4/../../../../powerpc-gekko/lib\libc.a(lib_a-realloc.o)
                0x8000f834                realloc
 .text          0x8000f868      0x668 d:/devkitpro/devkitppc/bin/../lib/gcc/powerpc-gekko/4.2.4/../../../../powerpc-gekko/lib\libc.a(lib_a-reallocr.o)
                0x8000f868                _realloc_r
 .text          0x8000fed0      0x248 d:/devkitpro/devkitppc/bin/../lib/gcc/powerpc-gekko/4.2.4/../../../../powerpc-gekko/lib\libc.a(lib_a-reent.o)
                0x8000ff90                cleanup_glue
                0x8000ffe0                _reclaim_reent
                0x8000fed0                _wrapup_reent
 .text          0x80010118      0x264 d:/devkitpro/devkitppc/bin/../lib/gcc/powerpc-gekko/4.2.4/../../../../powerpc-gekko/lib\libc.a(lib_a-refill.o)
                0x80010118                __srefill_r
 .text          0x8001037c      0x2cc d:/devkitpro/devkitppc/bin/../lib/gcc/powerpc-gekko/4.2.4/../../../../powerpc-gekko/lib\libc.a(lib_a-setvbuf.o)
                0x8001037c                setvbuf
 .text          0x80010648      0x304 d:/devkitpro/devkitppc/bin/../lib/gcc/powerpc-gekko/4.2.4/../../../../powerpc-gekko/lib\libc.a(lib_a-signal.o)
                0x80010894                _signal_r
                0x80010648                _raise_r
                0x800107c8                __sigtramp_r
                0x80010934                signal
                0x800107bc                _init_signal
                0x8001073c                _init_signal_r
                0x80010884                __sigtramp
                0x8001072c                raise
 .text          0x8001094c      0x230 d:/devkitpro/devkitppc/bin/../lib/gcc/powerpc-gekko/4.2.4/../../../../powerpc-gekko/lib\libc.a(lib_a-snprintf.o)
                0x8001094c                snprintf
                0x80010a64                _snprintf_r
 .text          0x80010b7c      0x188 d:/devkitpro/devkitppc/bin/../lib/gcc/powerpc-gekko/4.2.4/../../../../powerpc-gekko/lib\libc.a(lib_a-sprintf.o)
                0x80010c48                _sprintf_r
                0x80010b7c                sprintf
 .text          0x80010d04      0x184 d:/devkitpro/devkitppc/bin/../lib/gcc/powerpc-gekko/4.2.4/../../../../powerpc-gekko/lib\libc.a(lib_a-stdio.o)
                0x80010d28                __sseek
                0x80010e24                __sread
                0x80010d04                __sclose
                0x80010d98                __swrite
 .text          0x80010e88       0xb8 d:/devkitpro/devkitppc/bin/../lib/gcc/powerpc-gekko/4.2.4/../../../../powerpc-gekko/lib\libc.a(lib_a-strcasecmp.o)
                0x80010e88                strcasecmp
 .text          0x80010f40       0x88 d:/devkitpro/devkitppc/bin/../lib/gcc/powerpc-gekko/4.2.4/../../../../powerpc-gekko/lib\libc.a(lib_a-strcat.o)
                0x80010f40                strcat
 .text          0x80010fc8      0x188 d:/devkitpro/devkitppc/bin/../lib/gcc/powerpc-gekko/4.2.4/../../../../powerpc-gekko/lib\libc.a(lib_a-strchr.o)
                0x80010fc8                strchr
 .text          0x80011150       0xc0 d:/devkitpro/devkitppc/bin/../lib/gcc/powerpc-gekko/4.2.4/../../../../powerpc-gekko/lib\libc.a(lib_a-strcmp.o)
                0x80011150                strcmp
 .text          0x80011210       0x74 d:/devkitpro/devkitppc/bin/../lib/gcc/powerpc-gekko/4.2.4/../../../../powerpc-gekko/lib\libc.a(lib_a-strcpy.o)
                0x80011210                strcpy
 .text          0x80011284     0x105c d:/devkitpro/devkitppc/bin/../lib/gcc/powerpc-gekko/4.2.4/../../../../powerpc-gekko/lib\libc.a(lib_a-strftime.o)
                0x800113cc                strftime
 .text          0x800122e0       0x6c d:/devkitpro/devkitppc/bin/../lib/gcc/powerpc-gekko/4.2.4/../../../../powerpc-gekko/lib\libc.a(lib_a-strlcpy.o)
                0x800122e0                strlcpy
 .text          0x8001234c       0xa4 d:/devkitpro/devkitppc/bin/../lib/gcc/powerpc-gekko/4.2.4/../../../../powerpc-gekko/lib\libc.a(lib_a-strlen.o)
                0x8001234c                strlen
 .text          0x800123f0       0xe0 d:/devkitpro/devkitppc/bin/../lib/gcc/powerpc-gekko/4.2.4/../../../../powerpc-gekko/lib\libc.a(lib_a-strncasecmp.o)
                0x800123f0                strncasecmp
 .text          0x800124d0      0x144 d:/devkitpro/devkitppc/bin/../lib/gcc/powerpc-gekko/4.2.4/../../../../powerpc-gekko/lib\libc.a(lib_a-strncmp.o)
                0x800124d0                strncmp
 .text          0x80012614       0xdc d:/devkitpro/devkitppc/bin/../lib/gcc/powerpc-gekko/4.2.4/../../../../powerpc-gekko/lib\libc.a(lib_a-strncpy.o)
                0x80012614                strncpy
 .text          0x800126f0       0x44 d:/devkitpro/devkitppc/bin/../lib/gcc/powerpc-gekko/4.2.4/../../../../powerpc-gekko/lib\libc.a(lib_a-strnlen.o)
                0x800126f0                strnlen
 .text          0x80012734       0x50 d:/devkitpro/devkitppc/bin/../lib/gcc/powerpc-gekko/4.2.4/../../../../powerpc-gekko/lib\libc.a(lib_a-strpbrk.o)
                0x80012734                strpbrk
 .text          0x80012784       0x84 d:/devkitpro/devkitppc/bin/../lib/gcc/powerpc-gekko/4.2.4/../../../../powerpc-gekko/lib\libc.a(lib_a-strrchr.o)
                0x80012784                strrchr
 .text          0x80012808      0x208 d:/devkitpro/devkitppc/bin/../lib/gcc/powerpc-gekko/4.2.4/../../../../powerpc-gekko/lib\libc.a(lib_a-strtol.o)
                0x800129f0                strtol
                0x80012808                _strtol_r
 .text          0x80012a10      0x1f4 d:/devkitpro/devkitppc/bin/../lib/gcc/powerpc-gekko/4.2.4/../../../../powerpc-gekko/lib\libc.a(lib_a-strtoul.o)
                0x80012be4                strtoul
                0x80012a10                _strtoul_r
 .text          0x80012c04      0x290 d:/devkitpro/devkitppc/bin/../lib/gcc/powerpc-gekko/4.2.4/../../../../powerpc-gekko/lib\libc.a(lib_a-strtoull_r.o)
                0x80012c04                _strtoull_r
 .text          0x80012e94     0x23c8 d:/devkitpro/devkitppc/bin/../lib/gcc/powerpc-gekko/4.2.4/../../../../powerpc-gekko/lib\libc.a(lib_a-svfprintf.o)
                0x800130ac                _svfprintf_r
 .text          0x8001525c       0x2c d:/devkitpro/devkitppc/bin/../lib/gcc/powerpc-gekko/4.2.4/../../../../powerpc-gekko/lib\libc.a(lib_a-sysclose.o)
                0x8001525c                close
 .text          0x80015288       0x34 d:/devkitpro/devkitppc/bin/../lib/gcc/powerpc-gekko/4.2.4/../../../../powerpc-gekko/lib\libc.a(lib_a-sysfstat.o)
                0x80015288                fstat
 .text          0x800152bc       0x5c d:/devkitpro/devkitppc/bin/../lib/gcc/powerpc-gekko/4.2.4/../../../../powerpc-gekko/lib\libc.a(lib_a-sysopen.o)
                0x800152bc                open
 .text          0x80015318       0x3c d:/devkitpro/devkitppc/bin/../lib/gcc/powerpc-gekko/4.2.4/../../../../powerpc-gekko/lib\libc.a(lib_a-sysread.o)
                0x80015318                read
 .text          0x80015354       0x34 d:/devkitpro/devkitppc/bin/../lib/gcc/powerpc-gekko/4.2.4/../../../../powerpc-gekko/lib\libc.a(lib_a-sysstat.o)
                0x80015354                stat
 .text          0x80015388       0x3c d:/devkitpro/devkitppc/bin/../lib/gcc/powerpc-gekko/4.2.4/../../../../powerpc-gekko/lib\libc.a(lib_a-syswrite.o)
                0x80015388                write
 .text          0x800153c4      0x724 d:/devkitpro/devkitppc/bin/../lib/gcc/powerpc-gekko/4.2.4/../../../../powerpc-gekko/lib\libc.a(lib_a-towlower.o)
                0x800153c4                towlower
 .text          0x80015ae8      0x704 d:/devkitpro/devkitppc/bin/../lib/gcc/powerpc-gekko/4.2.4/../../../../powerpc-gekko/lib\libc.a(lib_a-towupper.o)
                0x80015ae8                towupper
 .text          0x800161ec       0x74 d:/devkitpro/devkitppc/bin/../lib/gcc/powerpc-gekko/4.2.4/../../../../powerpc-gekko/lib\libc.a(lib_a-tzlock.o)
                0x800161ec                __tz_unlock
                0x80016214                __tz_lock
 .text          0x80016260     0x2360 d:/devkitpro/devkitppc/bin/../lib/gcc/powerpc-gekko/4.2.4/../../../../powerpc-gekko/lib\libc.a(lib_a-vfprintf.o)
                0x800162c0                _vfprintf_r
                0x800185a0                vfprintf
 .text          0x800185c0       0xa4 d:/devkitpro/devkitppc/bin/../lib/gcc/powerpc-gekko/4.2.4/../../../../powerpc-gekko/lib\libc.a(lib_a-wcrtomb.o)
                0x800185c0                _wcrtomb_r
                0x80018644                wcrtomb
 .text          0x80018664      0x1d4 d:/devkitpro/devkitppc/bin/../lib/gcc/powerpc-gekko/4.2.4/../../../../powerpc-gekko/lib\libc.a(lib_a-wcsrtombs.o)
                0x80018664                _wcsrtombs_r
                0x80018810                wcsrtombs
 .text          0x80018838       0x78 d:/devkitpro/devkitppc/bin/../lib/gcc/powerpc-gekko/4.2.4/../../../../powerpc-gekko/lib\libc.a(lib_a-wctob.o)
                0x80018838                wctob
 .text          0x800188b0      0x464 d:/devkitpro/devkitppc/bin/../lib/gcc/powerpc-gekko/4.2.4/../../../../powerpc-gekko/lib\libc.a(lib_a-wctomb_r.o)
                0x800188b0                _wctomb_r
 .text          0x80018d14      0x178 d:/devkitpro/devkitppc/bin/../lib/gcc/powerpc-gekko/4.2.4/../../../../powerpc-gekko/lib\libc.a(lib_a-wsetup.o)
                0x80018d14                __swsetup_r
 .text          0x80018e8c      0x174 d:/devkitpro/devkitppc/bin/../lib/gcc/powerpc-gekko/4.2.4/../../../../powerpc-gekko/lib\libc.a(lib_a-__atexit.o)
                0x80018e8c                __register_exitproc
 .text          0x80019000      0x1ac d:/devkitpro/devkitppc/bin/../lib/gcc/powerpc-gekko/4.2.4/../../../../powerpc-gekko/lib\libc.a(lib_a-__call_atexit.o)
                0x80019000                __call_exitprocs
 .text          0x800191ac       0x10 d:/devkitpro/devkitppc/bin/../lib/gcc/powerpc-gekko/4.2.4/../../../../powerpc-gekko/lib\libc.a(lib_a-abs.o)
                0x800191ac                abs
 .text          0x800191bc       0x54 d:/devkitpro/devkitppc/bin/../lib/gcc/powerpc-gekko/4.2.4/../../../../powerpc-gekko/lib\libc.a(lib_a-div.o)
                0x800191bc                div
 .text          0x80019210     0x13a0 d:/devkitpro/devkitppc/bin/../lib/gcc/powerpc-gekko/4.2.4/../../../../powerpc-gekko/lib\libc.a(lib_a-dtoa.o)
                0x8001945c                _dtoa_r
 .text          0x8001a5b0       0x74 d:/devkitpro/devkitppc/bin/../lib/gcc/powerpc-gekko/4.2.4/../../../../powerpc-gekko/lib\libc.a(lib_a-envlock.o)
                0x8001a5b0                __env_unlock
                0x8001a5d8                __env_lock
 .text          0x8001a624       0xa4 d:/devkitpro/devkitppc/bin/../lib/gcc/powerpc-gekko/4.2.4/../../../../powerpc-gekko/lib\libc.a(lib_a-flags.o)
                0x8001a624                __sflags
 .text          0x8001a6c8      0x528 d:/devkitpro/devkitppc/bin/../lib/gcc/powerpc-gekko/4.2.4/../../../../powerpc-gekko/lib\libc.a(lib_a-fvwrite.o)
                0x8001a6c8                __sfvwrite_r
 .text          0x8001abf0        0xc d:/devkitpro/devkitppc/bin/../lib/gcc/powerpc-gekko/4.2.4/../../../../powerpc-gekko/lib\libc.a(lib_a-gettzinfo.o)
                0x8001abf0                __gettzinfo
 .text          0x8001abfc      0x234 d:/devkitpro/devkitppc/bin/../lib/gcc/powerpc-gekko/4.2.4/../../../../powerpc-gekko/lib\libc.a(lib_a-jp2uc.o)
                0x8001abfc                __jp2uc
 .text          0x8001ae30       0x10 d:/devkitpro/devkitppc/bin/../lib/gcc/powerpc-gekko/4.2.4/../../../../powerpc-gekko/lib\libc.a(lib_a-labs.o)
                0x8001ae30                labs
 .text          0x8001ae40       0xdc d:/devkitpro/devkitppc/bin/../lib/gcc/powerpc-gekko/4.2.4/../../../../powerpc-gekko/lib\libc.a(lib_a-memchr.o)
                0x8001ae40                memchr
 .text          0x8001af1c     0x1128 d:/devkitpro/devkitppc/bin/../lib/gcc/powerpc-gekko/4.2.4/../../../../powerpc-gekko/lib\libc.a(lib_a-mprec.o)
                0x8001b384                _mprec_log10
                0x8001b428                __any_on
                0x8001b4c8                _Balloc
                0x8001b2c0                __ratio
                0x8001bc9c                __i2b
                0x8001b170                __b2d
                0x8001bf1c                __s2b
                0x8001b070                __mcmp
                0x8001af40                __hi0bits
                0x8001bdf0                __pow5mult
                0x8001b8fc                __lshift
                0x8001ba64                __multiply
                0x8001b598                __d2b
                0x8001b3c0                __copybits
                0x8001b0d0                __ulp
                0x8001b740                __mdiff
                0x8001afac                __lo0bits
                0x8001bcd8                __multadd
                0x8001af1c                _Bfree
 .text          0x8001c044       0x44 d:/devkitpro/devkitppc/bin/../lib/gcc/powerpc-gekko/4.2.4/../../../../powerpc-gekko/lib\libc.a(lib_a-s_isinfd.o)
                0x8001c044                __isinfd
 .text          0x8001c088       0x38 d:/devkitpro/devkitppc/bin/../lib/gcc/powerpc-gekko/4.2.4/../../../../powerpc-gekko/lib\libc.a(lib_a-s_isnand.o)
                0x8001c088                __isnand
 .text          0x8001c0c0      0x188 d:/devkitpro/devkitppc/bin/../lib/gcc/powerpc-gekko/4.2.4/../../../../powerpc-gekko/lib\libc.a(lib_a-siprintf.o)
                0x8001c18c                _siprintf_r
                0x8001c0c0                siprintf
 .text          0x8001c248      0x230 d:/devkitpro/devkitppc/bin/../lib/gcc/powerpc-gekko/4.2.4/../../../../powerpc-gekko/lib\libc.a(lib_a-sniprintf.o)
                0x8001c360                _sniprintf_r
                0x8001c248                sniprintf
 .text          0x8001c478     0x1668 d:/devkitpro/devkitppc/bin/../lib/gcc/powerpc-gekko/4.2.4/../../../../powerpc-gekko/lib\libc.a(lib_a-svfiprintf.o)
                0x8001c690                _svfiprintf_r
 .text          0x8001dae0       0xa0 d:/devkitpro/devkitppc/bin/../lib/gcc/powerpc-gekko/4.2.4/../../../../powerpc-gekko/lib\libsysbase.a(close.o)
                0x8001dae0                _close_r
 .text          0x8001db80       0xc4 d:/devkitpro/devkitppc/bin/../lib/gcc/powerpc-gekko/4.2.4/../../../../powerpc-gekko/lib\libsysbase.a(fstat.o)
                0x8001db80                _fstat_r
 .text          0x8001dc44       0x10 d:/devkitpro/devkitppc/bin/../lib/gcc/powerpc-gekko/4.2.4/../../../../powerpc-gekko/lib\libsysbase.a(getpid.o)
                0x8001dc44                _getpid_r
 .text          0x8001dc54        0x8 d:/devkitpro/devkitppc/bin/../lib/gcc/powerpc-gekko/4.2.4/../../../../powerpc-gekko/lib\libsysbase.a(isatty.o)
                0x8001dc54                _isatty_r
 .text          0x8001dc5c       0x10 d:/devkitpro/devkitppc/bin/../lib/gcc/powerpc-gekko/4.2.4/../../../../powerpc-gekko/lib\libsysbase.a(kill.o)
                0x8001dc5c                _kill_r
 .text          0x8001dc6c       0xe8 d:/devkitpro/devkitppc/bin/../lib/gcc/powerpc-gekko/4.2.4/../../../../powerpc-gekko/lib\libsysbase.a(lseek.o)
                0x8001dc6c                _lseek_r
 .text          0x8001dd54      0x14c d:/devkitpro/devkitppc/bin/../lib/gcc/powerpc-gekko/4.2.4/../../../../powerpc-gekko/lib\libsysbase.a(open.o)
                0x8001dd54                _open_r
 .text          0x8001dea0       0xcc d:/devkitpro/devkitppc/bin/../lib/gcc/powerpc-gekko/4.2.4/../../../../powerpc-gekko/lib\libsysbase.a(read.o)
                0x8001dea0                _read_r
 .text          0x8001df6c       0x50 d:/devkitpro/devkitppc/bin/../lib/gcc/powerpc-gekko/4.2.4/../../../../powerpc-gekko/lib\libsysbase.a(sbrk.o)
                0x8001df6c                _sbrk_r
 .text          0x8001dfbc       0xa8 d:/devkitpro/devkitppc/bin/../lib/gcc/powerpc-gekko/4.2.4/../../../../powerpc-gekko/lib\libsysbase.a(stat.o)
                0x8001dfbc                _stat_r
 .text          0x8001e064       0xcc d:/devkitpro/devkitppc/bin/../lib/gcc/powerpc-gekko/4.2.4/../../../../powerpc-gekko/lib\libsysbase.a(write.o)
                0x8001e064                _write_r
 .text          0x8001e130       0x6c d:/devkitpro/devkitppc/bin/../lib/gcc/powerpc-gekko/4.2.4/../../../../powerpc-gekko/lib\libsysbase.a(flock.o)
                0x8001e154                __flockfile
                0x8001e130                __funlockfile
 .text          0x8001e19c      0x120 d:/devkitpro/devkitppc/bin/../lib/gcc/powerpc-gekko/4.2.4/../../../../powerpc-gekko/lib\libsysbase.a(handle_manager.o)
                0x8001e260                __release_handle
                0x8001e1c8                __alloc_handle
                0x8001e19c                __get_handle
 .text          0x8001e2bc       0x6c d:/devkitpro/devkitppc/bin/../lib/gcc/powerpc-gekko/4.2.4/crtend.o
 *(.text.*)
 .text.SDL_QuitSubSystem
                0x8001e328       0xe4 d:/devkitPro/libogc/lib/wii\libSDL.a(SDL.o)
                0x8001e328                SDL_QuitSubSystem
 .text.SDL_Quit
                0x8001e40c       0x2c d:/devkitPro/libogc/lib/wii\libSDL.a(SDL.o)
                0x8001e40c                SDL_Quit
 .text.SDL_InitSubSystem
                0x8001e438      0x180 d:/devkitPro/libogc/lib/wii\libSDL.a(SDL.o)
                0x8001e438                SDL_InitSubSystem
 .text.SDL_Init
                0x8001e5b8       0x68 d:/devkitPro/libogc/lib/wii\libSDL.a(SDL.o)
                0x8001e5b8                SDL_Init
 .text.SDL_ClearError
                0x8001e620       0x28 d:/devkitPro/libogc/lib/wii\libSDL.a(SDL_error.o)
                0x8001e620                SDL_ClearError
 .text.SDL_GetErrorMsg
                0x8001e648      0x224 d:/devkitPro/libogc/lib/wii\libSDL.a(SDL_error.o)
                0x8001e648                SDL_GetErrorMsg
 .text.SDL_GetError
                0x8001e86c       0x10 d:/devkitPro/libogc/lib/wii\libSDL.a(SDL_error.o)
                0x8001e86c                SDL_GetError
 .text.SDL_SetError
                0x8001e87c      0x2c8 d:/devkitPro/libogc/lib/wii\libSDL.a(SDL_error.o)
                0x8001e87c                SDL_SetError
 .text.SDL_Error
                0x8001eb44       0x70 d:/devkitPro/libogc/lib/wii\libSDL.a(SDL_error.o)
                0x8001eb44                SDL_Error
 .text.SDL_UninstallParachute
                0x8001ebb4       0x7c d:/devkitPro/libogc/lib/wii\libSDL.a(SDL_fatal.o)
                0x8001ebb4                SDL_UninstallParachute
 .text.SDL_InstallParachute
                0x8001ec30       0x78 d:/devkitPro/libogc/lib/wii\libSDL.a(SDL_fatal.o)
                0x8001ec30                SDL_InstallParachute
 .text.SDL_Parachute
                0x8001eca8       0x3c d:/devkitPro/libogc/lib/wii\libSDL.a(SDL_fatal.o)
 .text.SDL_CalculateAudioSpec
                0x8001ece4       0x64 d:/devkitPro/libogc/lib/wii\libSDL.a(SDL_audio.o)
                0x8001ece4                SDL_CalculateAudioSpec
 .text.SDL_AudioQuit
                0x8001ed48       0xd8 d:/devkitPro/libogc/lib/wii\libSDL.a(SDL_audio.o)
                0x8001ed48                SDL_AudioQuit
 .text.SDL_AudioInit
                0x8001ee20      0x198 d:/devkitPro/libogc/lib/wii\libSDL.a(SDL_audio.o)
                0x8001ee20                SDL_AudioInit
 .text.SDL_UnlockAudio_Default
                0x8001efb8       0x4c d:/devkitPro/libogc/lib/wii\libSDL.a(SDL_audio.o)
 .text.SDL_LockAudio_Default
                0x8001f004       0x4c d:/devkitPro/libogc/lib/wii\libSDL.a(SDL_audio.o)
 .text.SDL_ConvertAudio
                0x8001f050       0x70 d:/devkitPro/libogc/lib/wii\libSDL.a(SDL_audiocvt.o)
                0x8001f050                SDL_ConvertAudio
 .text.WIIAUD_WaitAudio
                0x8001f0c0        0x4 d:/devkitPro/libogc/lib/wii\libSDL.a(SDL_wiiaudio.o)
 .text.WIIAUD_PlayAudio
                0x8001f0c4        0x4 d:/devkitPro/libogc/lib/wii\libSDL.a(SDL_wiiaudio.o)
 .text.WIIAUD_GetAudioBuf
                0x8001f0c8        0x8 d:/devkitPro/libogc/lib/wii\libSDL.a(SDL_wiiaudio.o)
 .text.WIIAUD_Available
                0x8001f0d0        0x8 d:/devkitPro/libogc/lib/wii\libSDL.a(SDL_wiiaudio.o)
 .text.WIIAUD_CreateDevice
                0x8001f0d8       0xf8 d:/devkitPro/libogc/lib/wii\libSDL.a(SDL_wiiaudio.o)
 .text.WIIAUD_DeleteDevice
                0x8001f1d0       0x50 d:/devkitPro/libogc/lib/wii\libSDL.a(SDL_wiiaudio.o)
 .text.WIIAUD_CloseAudio
                0x8001f220       0x2c d:/devkitPro/libogc/lib/wii\libSDL.a(SDL_wiiaudio.o)
 .text.AudioThread
                0x8001f24c      0x130 d:/devkitPro/libogc/lib/wii\libSDL.a(SDL_wiiaudio.o)
 .text.DMACallback
                0x8001f37c       0x74 d:/devkitPro/libogc/lib/wii\libSDL.a(SDL_wiiaudio.o)
 .text.WIIAUD_OpenAudio
                0x8001f3f0      0x130 d:/devkitPro/libogc/lib/wii\libSDL.a(SDL_wiiaudio.o)
 .text.SDL_CDROMQuit
                0x8001f520       0x2c d:/devkitPro/libogc/lib/wii\libSDL.a(SDL_cdrom.o)
                0x8001f520                SDL_CDROMQuit
 .text.SDL_CDROMInit
                0x8001f54c       0x50 d:/devkitPro/libogc/lib/wii\libSDL.a(SDL_cdrom.o)
                0x8001f54c                SDL_CDROMInit
 .text.SDL_SYS_CDInit
                0x8001f59c        0x8 d:/devkitPro/libogc/lib/wii\libSDL.a(SDL_syscdrom.o)
                0x8001f59c                SDL_SYS_CDInit
 .text.SDL_SYS_CDQuit
                0x8001f5a4        0x4 d:/devkitPro/libogc/lib/wii\libSDL.a(SDL_syscdrom.o)
                0x8001f5a4                SDL_SYS_CDQuit
 .text.SDL_RWFromFile
                0x8001f5a8      0x178 d:/devkitPro/libogc/lib/wii\libSDL.a(SDL_wiirwops.o)
                0x8001f5a8                SDL_RWFromFile
 .text.wii_close
                0x8001f720       0x40 d:/devkitPro/libogc/lib/wii\libSDL.a(SDL_wiirwops.o)
 .text.wii_write
                0x8001f760       0x6c d:/devkitPro/libogc/lib/wii\libSDL.a(SDL_wiirwops.o)
 .text.wii_read
                0x8001f7cc       0x58 d:/devkitPro/libogc/lib/wii\libSDL.a(SDL_wiirwops.o)
 .text.wii_seek
                0x8001f824       0x8c d:/devkitPro/libogc/lib/wii\libSDL.a(SDL_wiirwops.o)
 .text.SDL_JoystickUpdate
                0x8001f8b0       0x5c d:/devkitPro/libogc/lib/wii\libSDL.a(SDL_joystick.o)
                0x8001f8b0                SDL_JoystickUpdate
 .text.SDL_PrivateJoystickButton
                0x8001f90c       0xf0 d:/devkitPro/libogc/lib/wii\libSDL.a(SDL_joystick.o)
                0x8001f90c                SDL_PrivateJoystickButton
 .text.SDL_PrivateJoystickHat
                0x8001f9fc       0xa8 d:/devkitPro/libogc/lib/wii\libSDL.a(SDL_joystick.o)
                0x8001f9fc                SDL_PrivateJoystickHat
 .text.SDL_PrivateJoystickAxis
                0x8001faa4       0xac d:/devkitPro/libogc/lib/wii\libSDL.a(SDL_joystick.o)
                0x8001faa4                SDL_PrivateJoystickAxis
 .text.SDL_JoystickQuit
                0x8001fb50       0x58 d:/devkitPro/libogc/lib/wii\libSDL.a(SDL_joystick.o)
                0x8001fb50                SDL_JoystickQuit
 .text.SDL_JoystickInit
                0x8001fba8       0xc4 d:/devkitPro/libogc/lib/wii\libSDL.a(SDL_joystick.o)
                0x8001fba8                SDL_JoystickInit
 .text.SDL_SYS_JoystickInit
                0x8001fc6c        0x8 d:/devkitPro/libogc/lib/wii\libSDL.a(SDL_sysjoystick.o)
                0x8001fc6c                SDL_SYS_JoystickInit
 .text.SDL_SYS_JoystickQuit
                0x8001fc74        0x4 d:/devkitPro/libogc/lib/wii\libSDL.a(SDL_sysjoystick.o)
                0x8001fc74                SDL_SYS_JoystickQuit
 .text.SDL_SYS_JoystickUpdate
                0x8001fc78      0xb8c d:/devkitPro/libogc/lib/wii\libSDL.a(SDL_sysjoystick.o)
                0x8001fc78                SDL_SYS_JoystickUpdate
 .text.ShutdownCB
                0x80020804       0x18 d:/devkitPro/libogc/lib/wii\libSDL.a(SDL_wii_main.o)
 .text.ResetCB  0x8002081c       0x18 d:/devkitPro/libogc/lib/wii\libSDL.a(SDL_wii_main.o)
 .text.main     0x80020834       0xa0 d:/devkitPro/libogc/lib/wii\libSDL.a(SDL_wii_main.o)
                0x80020834                main
 .text.Terminate
                0x800208d4       0x80 d:/devkitPro/libogc/lib/wii\libSDL.a(SDL_wii_main.o)
                0x800208d4                Terminate
 .text.SDL_getenv
                0x80020954       0xd0 d:/devkitPro/libogc/lib/wii\libSDL.a(SDL_getenv.o)
                0x80020954                SDL_getenv
 .text.SDL_revcpy
                0x80020a24       0x34 d:/devkitPro/libogc/lib/wii\libSDL.a(SDL_string.o)
                0x80020a24                SDL_revcpy
 .text.SDL_vsnprintf
                0x80020a58      0xed8 d:/devkitPro/libogc/lib/wii\libSDL.a(SDL_string.o)
                0x80020a58                SDL_vsnprintf
 .text.SDL_snprintf
                0x80021930       0x7c d:/devkitPro/libogc/lib/wii\libSDL.a(SDL_string.o)
                0x80021930                SDL_snprintf
 .text.SDL_GetErrBuf
                0x800219ac       0xe8 d:/devkitPro/libogc/lib/wii\libSDL.a(SDL_thread.o)
                0x800219ac                SDL_GetErrBuf
 .text.SDL_RunThread
                0x80021a94       0x74 d:/devkitPro/libogc/lib/wii\libSDL.a(SDL_thread.o)
                0x80021a94                SDL_RunThread
 .text.SDL_DelThread
                0x80021b08      0x148 d:/devkitPro/libogc/lib/wii\libSDL.a(SDL_thread.o)
 .text.SDL_WaitThread
                0x80021c50       0x5c d:/devkitPro/libogc/lib/wii\libSDL.a(SDL_thread.o)
                0x80021c50                SDL_WaitThread
 .text.SDL_CreateThread
                0x80021cac      0x1f0 d:/devkitPro/libogc/lib/wii\libSDL.a(SDL_thread.o)
                0x80021cac                SDL_CreateThread
 .text.SDL_mutexV
                0x80021e9c       0x44 d:/devkitPro/libogc/lib/wii\libSDL.a(SDL_sysmutex.o)
                0x80021e9c                SDL_mutexV
 .text.SDL_mutexP
                0x80021ee0       0x44 d:/devkitPro/libogc/lib/wii\libSDL.a(SDL_sysmutex.o)
                0x80021ee0                SDL_mutexP
 .text.SDL_DestroyMutex
                0x80021f24       0x3c d:/devkitPro/libogc/lib/wii\libSDL.a(SDL_sysmutex.o)
                0x80021f24                SDL_DestroyMutex
 .text.SDL_CreateMutex
                0x80021f60       0x5c d:/devkitPro/libogc/lib/wii\libSDL.a(SDL_sysmutex.o)
                0x80021f60                SDL_CreateMutex
 .text.SDL_SemPost
                0x80021fbc       0x7c d:/devkitPro/libogc/lib/wii\libSDL.a(SDL_syssem.o)
                0x80021fbc                SDL_SemPost
 .text.SDL_DestroySemaphore
                0x80022038       0x8c d:/devkitPro/libogc/lib/wii\libSDL.a(SDL_syssem.o)
                0x80022038                SDL_DestroySemaphore
 .text.SDL_CreateSemaphore
                0x800220c4       0xac d:/devkitPro/libogc/lib/wii\libSDL.a(SDL_syssem.o)
                0x800220c4                SDL_CreateSemaphore
 .text.SDL_SemWaitTimeout
                0x80022170       0xf8 d:/devkitPro/libogc/lib/wii\libSDL.a(SDL_syssem.o)
                0x80022170                SDL_SemWaitTimeout
 .text.SDL_SemWait
                0x80022268        0x8 d:/devkitPro/libogc/lib/wii\libSDL.a(SDL_syssem.o)
                0x80022268                SDL_SemWait
 .text.SDL_SYS_SetupThread
                0x80022270        0x4 d:/devkitPro/libogc/lib/wii\libSDL.a(SDL_systhread.o)
                0x80022270                SDL_SYS_SetupThread
 .text.SDL_SYS_WaitThread
                0x80022274       0x28 d:/devkitPro/libogc/lib/wii\libSDL.a(SDL_systhread.o)
                0x80022274                SDL_SYS_WaitThread
 .text.SDL_ThreadID
                0x8002229c       0x20 d:/devkitPro/libogc/lib/wii\libSDL.a(SDL_systhread.o)
                0x8002229c                SDL_ThreadID
 .text.SDL_SYS_CreateThread
                0x800222bc       0x40 d:/devkitPro/libogc/lib/wii\libSDL.a(SDL_systhread.o)
                0x800222bc                SDL_SYS_CreateThread
 .text.run_thread
                0x800222fc       0x24 d:/devkitPro/libogc/lib/wii\libSDL.a(SDL_systhread.o)
                0x800222fc                run_thread
 .text.callback_wrapper
                0x80022320       0x24 d:/devkitPro/libogc/lib/wii\libSDL.a(SDL_timer.o)
 .text.SDL_SetTimer
                0x80022344      0x1a4 d:/devkitPro/libogc/lib/wii\libSDL.a(SDL_timer.o)
                0x80022344                SDL_SetTimer
 .text.SDL_ThreadedTimerCheck
                0x800224e8      0x1b4 d:/devkitPro/libogc/lib/wii\libSDL.a(SDL_timer.o)
                0x800224e8                SDL_ThreadedTimerCheck
 .text.SDL_SetTimerThreaded
                0x8002269c       0x50 d:/devkitPro/libogc/lib/wii\libSDL.a(SDL_timer.o)
                0x8002269c                SDL_SetTimerThreaded
 .text.SDL_TimerQuit
                0x800226ec       0x80 d:/devkitPro/libogc/lib/wii\libSDL.a(SDL_timer.o)
                0x800226ec                SDL_TimerQuit
 .text.SDL_TimerInit
                0x8002276c       0xe4 d:/devkitPro/libogc/lib/wii\libSDL.a(SDL_timer.o)
                0x8002276c                SDL_TimerInit
 .text.SDL_StartTicks
                0x80022850        0x4 d:/devkitPro/libogc/lib/wii\libSDL.a(SDL_systimer.o)
                0x80022850                SDL_StartTicks
 .text.SDL_SYS_StopTimer
                0x80022854        0x4 d:/devkitPro/libogc/lib/wii\libSDL.a(SDL_systimer.o)
                0x80022854                SDL_SYS_StopTimer
 .text.SDL_SYS_StartTimer
                0x80022858       0x30 d:/devkitPro/libogc/lib/wii\libSDL.a(SDL_systimer.o)
                0x80022858                SDL_SYS_StartTimer
 .text.SDL_SYS_TimerQuit
                0x80022888       0x54 d:/devkitPro/libogc/lib/wii\libSDL.a(SDL_systimer.o)
                0x80022888                SDL_SYS_TimerQuit
 .text.SDL_SYS_TimerInit
                0x800228dc       0x54 d:/devkitPro/libogc/lib/wii\libSDL.a(SDL_systimer.o)
                0x800228dc                SDL_SYS_TimerInit
 .text.SDL_Delay
                0x80022930       0x4c d:/devkitPro/libogc/lib/wii\libSDL.a(SDL_systimer.o)
                0x80022930                SDL_Delay
 .text.SDL_GetTicks
                0x8002297c       0x34 d:/devkitPro/libogc/lib/wii\libSDL.a(SDL_systimer.o)
                0x8002297c                SDL_GetTicks
 .text.RunTimer
                0x800229b0       0xb4 d:/devkitPro/libogc/lib/wii\libSDL.a(SDL_systimer.o)
 .text.SDL_LoadBMP_RW
                0x80022a64      0x7b0 d:/devkitPro/libogc/lib/wii\libSDL.a(SDL_bmp.o)
                0x80022a64                SDL_LoadBMP_RW
 .text.SDL_ResetCursor
                0x80023214       0x54 d:/devkitPro/libogc/lib/wii\libSDL.a(SDL_cursor.o)
                0x80023214                SDL_ResetCursor
 .text.SDL_EraseCursorNoLock
                0x80023268      0x250 d:/devkitPro/libogc/lib/wii\libSDL.a(SDL_cursor.o)
                0x80023268                SDL_EraseCursorNoLock
 .text.SDL_EraseCursor
                0x800234b8      0x1b8 d:/devkitPro/libogc/lib/wii\libSDL.a(SDL_cursor.o)
                0x800234b8                SDL_EraseCursor
 .text.SDL_DrawCursorNoLock
                0x80023670      0xc4c d:/devkitPro/libogc/lib/wii\libSDL.a(SDL_cursor.o)
                0x80023670                SDL_DrawCursorNoLock
 .text.SDL_DrawCursor
                0x800242bc      0x1b8 d:/devkitPro/libogc/lib/wii\libSDL.a(SDL_cursor.o)
                0x800242bc                SDL_DrawCursor
 .text.SDL_MoveCursor
                0x80024474       0xf8 d:/devkitPro/libogc/lib/wii\libSDL.a(SDL_cursor.o)
                0x80024474                SDL_MoveCursor
 .text.SDL_SetCursor
                0x8002456c      0x210 d:/devkitPro/libogc/lib/wii\libSDL.a(SDL_cursor.o)
                0x8002456c                SDL_SetCursor
 .text.SDL_ShowCursor
                0x8002477c       0xe0 d:/devkitPro/libogc/lib/wii\libSDL.a(SDL_cursor.o)
                0x8002477c                SDL_ShowCursor
 .text.SDL_FreeCursor
                0x8002485c       0xbc d:/devkitPro/libogc/lib/wii\libSDL.a(SDL_cursor.o)
                0x8002485c                SDL_FreeCursor
 .text.SDL_CreateCursor
                0x80024918      0x208 d:/devkitPro/libogc/lib/wii\libSDL.a(SDL_cursor.o)
                0x80024918                SDL_CreateCursor
 .text.SDL_CursorQuit
                0x80024b20       0x98 d:/devkitPro/libogc/lib/wii\libSDL.a(SDL_cursor.o)
                0x80024b20                SDL_CursorQuit
 .text.SDL_CursorInit
                0x80024bb8       0x94 d:/devkitPro/libogc/lib/wii\libSDL.a(SDL_cursor.o)
                0x80024bb8                SDL_CursorInit
 .text.SDL_DitherColors
                0x80024c4c       0x74 d:/devkitPro/libogc/lib/wii\libSDL.a(SDL_pixels.o)
                0x80024c4c                SDL_DitherColors
 .text.SDL_CalculatePitch
                0x80024cc0       0x50 d:/devkitPro/libogc/lib/wii\libSDL.a(SDL_pixels.o)
                0x80024cc0                SDL_CalculatePitch
 .text.SDL_InvalidateMap
                0x80024d10       0x58 d:/devkitPro/libogc/lib/wii\libSDL.a(SDL_pixels.o)
                0x80024d10                SDL_InvalidateMap
 .text.SDL_FreeFormat
                0x80024d68       0x5c d:/devkitPro/libogc/lib/wii\libSDL.a(SDL_pixels.o)
                0x80024d68                SDL_FreeFormat
 .text.Map1to1  0x80024dc4      0x198 d:/devkitPro/libogc/lib/wii\libSDL.a(SDL_pixels.o)
 .text.SDL_MapRGB
                0x80024f5c       0xec d:/devkitPro/libogc/lib/wii\libSDL.a(SDL_pixels.o)
                0x80024f5c                SDL_MapRGB
 .text.SDL_FreeBlitMap
                0x80025048       0x70 d:/devkitPro/libogc/lib/wii\libSDL.a(SDL_pixels.o)
                0x80025048                SDL_FreeBlitMap
 .text.SDL_MapSurface
                0x800250b8      0x424 d:/devkitPro/libogc/lib/wii\libSDL.a(SDL_pixels.o)
                0x800250b8                SDL_MapSurface
 .text.SDL_FormatChanged
                0x800254dc       0x88 d:/devkitPro/libogc/lib/wii\libSDL.a(SDL_pixels.o)
                0x800254dc                SDL_FormatChanged
 .text.SDL_AllocBlitMap
                0x80025564       0xd8 d:/devkitPro/libogc/lib/wii\libSDL.a(SDL_pixels.o)
                0x80025564                SDL_AllocBlitMap
 .text.SDL_AllocFormat
                0x8002563c      0x65c d:/devkitPro/libogc/lib/wii\libSDL.a(SDL_pixels.o)
                0x8002563c                SDL_AllocFormat
 .text.SDL_ReallocFormat
                0x80025c98      0x128 d:/devkitPro/libogc/lib/wii\libSDL.a(SDL_pixels.o)
                0x80025c98                SDL_ReallocFormat
 .text.SDL_SetClipRect
                0x80025dc0      0x154 d:/devkitPro/libogc/lib/wii\libSDL.a(SDL_surface.o)
                0x80025dc0                SDL_SetClipRect
 .text.SDL_LockSurface
                0x80025f14       0xb4 d:/devkitPro/libogc/lib/wii\libSDL.a(SDL_surface.o)
                0x80025f14                SDL_LockSurface
 .text.SDL_UnlockSurface
                0x80025fc8       0xa4 d:/devkitPro/libogc/lib/wii\libSDL.a(SDL_surface.o)
                0x80025fc8                SDL_UnlockSurface
 .text.SDL_LowerBlit
                0x8002606c      0x178 d:/devkitPro/libogc/lib/wii\libSDL.a(SDL_surface.o)
                0x8002606c                SDL_LowerBlit
 .text.SDL_UpperBlit
                0x800261e4      0x380 d:/devkitPro/libogc/lib/wii\libSDL.a(SDL_surface.o)
                0x800261e4                SDL_UpperBlit
 .text.SDL_FreeSurface
                0x80026564      0x1ac d:/devkitPro/libogc/lib/wii\libSDL.a(SDL_surface.o)
                0x80026564                SDL_FreeSurface
 .text.SDL_CreateRGBSurface
                0x80026710      0x2f8 d:/devkitPro/libogc/lib/wii\libSDL.a(SDL_surface.o)
                0x80026710                SDL_CreateRGBSurface
 .text.SDL_FillRect
                0x80026a08      0x6b0 d:/devkitPro/libogc/lib/wii\libSDL.a(SDL_surface.o)
                0x80026a08                SDL_FillRect
 .text.SDL_UpdateRects
                0x800270b8      0x31c d:/devkitPro/libogc/lib/wii\libSDL.a(SDL_video.o)
                0x800270b8                SDL_UpdateRects
 .text.SDL_VideoModeOK
                0x800273d4      0x1f0 d:/devkitPro/libogc/lib/wii\libSDL.a(SDL_video.o)
                0x800273d4                SDL_VideoModeOK
 .text.SDL_Flip
                0x800275c4      0x1d0 d:/devkitPro/libogc/lib/wii\libSDL.a(SDL_video.o)
                0x800275c4                SDL_Flip
 .text.SDL_SetVideoMode
                0x80027794      0x9cc d:/devkitPro/libogc/lib/wii\libSDL.a(SDL_video.o)
                0x80027794                SDL_SetVideoMode
 .text.SDL_VideoQuit
                0x80028160      0x190 d:/devkitPro/libogc/lib/wii\libSDL.a(SDL_video.o)
                0x80028160                SDL_VideoQuit
 .text.SDL_VideoInit
                0x800282f0      0x2dc d:/devkitPro/libogc/lib/wii\libSDL.a(SDL_video.o)
                0x800282f0                SDL_VideoInit
 .text.WII_VideoInit
                0x800285cc       0x68 d:/devkitPro/libogc/lib/wii\libSDL.a(SDL_wiivideo.o)
                0x800285cc                WII_VideoInit
 .text.WII_ListModes
                0x80028634        0xc d:/devkitPro/libogc/lib/wii\libSDL.a(SDL_wiivideo.o)
                0x80028634                WII_ListModes
 .text.WII_AllocHWSurface
                0x80028640        0x8 d:/devkitPro/libogc/lib/wii\libSDL.a(SDL_wiivideo.o)
 .text.WII_FreeHWSurface
                0x80028648        0x4 d:/devkitPro/libogc/lib/wii\libSDL.a(SDL_wiivideo.o)
 .text.WII_LockHWSurface
                0x8002864c        0x8 d:/devkitPro/libogc/lib/wii\libSDL.a(SDL_wiivideo.o)
 .text.WII_UnlockHWSurface
                0x80028654        0x4 d:/devkitPro/libogc/lib/wii\libSDL.a(SDL_wiivideo.o)
 .text.WII_SetColors
                0x80028658       0x64 d:/devkitPro/libogc/lib/wii\libSDL.a(SDL_wiivideo.o)
                0x80028658                WII_SetColors
 .text.WII_Available
                0x800286bc        0x8 d:/devkitPro/libogc/lib/wii\libSDL.a(SDL_wiivideo.o)
 .text.WII_DeleteDevice
                0x800286c4       0x38 d:/devkitPro/libogc/lib/wii\libSDL.a(SDL_wiivideo.o)
 .text.WII_CreateDevice
                0x800286fc      0x170 d:/devkitPro/libogc/lib/wii\libSDL.a(SDL_wiivideo.o)
 .text.WII_VideoQuit
                0x8002886c       0x4c d:/devkitPro/libogc/lib/wii\libSDL.a(SDL_wiivideo.o)
                0x8002886c                WII_VideoQuit
 .text.WII_SetVideoMode
                0x800288b8      0x3fc d:/devkitPro/libogc/lib/wii\libSDL.a(SDL_wiivideo.o)
                0x800288b8                WII_SetVideoMode
 .text.WII_InitVideoSystem
                0x80028cb4      0x314 d:/devkitPro/libogc/lib/wii\libSDL.a(SDL_wiivideo.o)
                0x80028cb4                WII_InitVideoSystem
 .text.flip_thread
                0x80028fc8      0x208 d:/devkitPro/libogc/lib/wii\libSDL.a(SDL_wiivideo.o)
                0x80028fc8                flip_thread
 .text.WII_UpdateRect
                0x800291d0      0x5cc d:/devkitPro/libogc/lib/wii\libSDL.a(SDL_wiivideo.o)
 .text.WII_FlipHWSurface
                0x8002979c      0x3c0 d:/devkitPro/libogc/lib/wii\libSDL.a(SDL_wiivideo.o)
 .text.WII_UpdateRects
                0x80029b5c       0x6c d:/devkitPro/libogc/lib/wii\libSDL.a(SDL_wiivideo.o)
 .text.SDL_PeepEvents
                0x80029bc8      0x3b4 d:/devkitPro/libogc/lib/wii\libSDL.a(SDL_events.o)
                0x80029bc8                SDL_PeepEvents
 .text.SDL_PushEvent
                0x80029f7c       0x3c d:/devkitPro/libogc/lib/wii\libSDL.a(SDL_events.o)
                0x80029f7c                SDL_PushEvent
 .text.SDL_Unlock_EventThread
                0x80029fb8       0x4c d:/devkitPro/libogc/lib/wii\libSDL.a(SDL_events.o)
                0x80029fb8                SDL_Unlock_EventThread
 .text.SDL_Lock_EventThread
                0x8002a004       0x78 d:/devkitPro/libogc/lib/wii\libSDL.a(SDL_events.o)
                0x8002a004                SDL_Lock_EventThread
 .text.SDL_GobbleEvents
                0x8002a07c      0x160 d:/devkitPro/libogc/lib/wii\libSDL.a(SDL_events.o)
 .text.SDL_StopEventLoop
                0x8002a1dc       0xa8 d:/devkitPro/libogc/lib/wii\libSDL.a(SDL_events.o)
                0x8002a1dc                SDL_StopEventLoop
 .text.SDL_StartEventLoop
                0x8002a284      0x184 d:/devkitPro/libogc/lib/wii\libSDL.a(SDL_events.o)
                0x8002a284                SDL_StartEventLoop
 .text.SDL_KeyboardQuit
                0x8002a408        0x4 d:/devkitPro/libogc/lib/wii\libSDL.a(SDL_keyboard.o)
                0x8002a408                SDL_KeyboardQuit
 .text.SDL_CheckKeyRepeat
                0x8002a40c       0xe8 d:/devkitPro/libogc/lib/wii\libSDL.a(SDL_keyboard.o)
                0x8002a40c                SDL_CheckKeyRepeat
 .text.SDL_PrivateKeyboard
                0x8002a4f4      0x370 d:/devkitPro/libogc/lib/wii\libSDL.a(SDL_keyboard.o)
                0x8002a4f4                SDL_PrivateKeyboard
 .text.SDL_ResetKeyboard
                0x8002a864       0xb0 d:/devkitPro/libogc/lib/wii\libSDL.a(SDL_keyboard.o)
                0x8002a864                SDL_ResetKeyboard
 .text.SDL_KeyboardInit
                0x8002a914      0xbd8 d:/devkitPro/libogc/lib/wii\libSDL.a(SDL_keyboard.o)
                0x8002a914                SDL_KeyboardInit
 .text.SDL_MouseInit
                0x8002b4ec       0x34 d:/devkitPro/libogc/lib/wii\libSDL.a(SDL_mouse.o)
                0x8002b4ec                SDL_MouseInit
 .text.SDL_MouseQuit
                0x8002b520        0x4 d:/devkitPro/libogc/lib/wii\libSDL.a(SDL_mouse.o)
                0x8002b520                SDL_MouseQuit
 .text.SDL_GetMouseState
                0x8002b524       0x34 d:/devkitPro/libogc/lib/wii\libSDL.a(SDL_mouse.o)
                0x8002b524                SDL_GetMouseState
 .text.SDL_GetRelativeMouseState
                0x8002b558       0x40 d:/devkitPro/libogc/lib/wii\libSDL.a(SDL_mouse.o)
                0x8002b558                SDL_GetRelativeMouseState
 .text.SDL_PrivateMouseButton
                0x8002b598      0x264 d:/devkitPro/libogc/lib/wii\libSDL.a(SDL_mouse.o)
                0x8002b598                SDL_PrivateMouseButton
 .text.SDL_ResetMouse
                0x8002b7fc      0x160 d:/devkitPro/libogc/lib/wii\libSDL.a(SDL_mouse.o)
                0x8002b7fc                SDL_ResetMouse
 .text.SDL_PrivateMouseMotion
                0x8002b95c      0x22c d:/devkitPro/libogc/lib/wii\libSDL.a(SDL_mouse.o)
                0x8002b95c                SDL_PrivateMouseMotion
 .text.SDL_QuitQuit
                0x8002bb88       0x6c d:/devkitPro/libogc/lib/wii\libSDL.a(SDL_quit.o)
                0x8002bb88                SDL_QuitQuit
 .text.SDL_QuitInit
                0x8002bbf4       0x70 d:/devkitPro/libogc/lib/wii\libSDL.a(SDL_quit.o)
                0x8002bbf4                SDL_QuitInit
 .text.SDL_HandleSIG
                0x8002bc64       0x94 d:/devkitPro/libogc/lib/wii\libSDL.a(SDL_quit.o)
 .text.SDL_PrivateResize
                0x8002bcf8      0x134 d:/devkitPro/libogc/lib/wii\libSDL.a(SDL_resize.o)
                0x8002bcf8                SDL_PrivateResize