Archive member included because of file (symbol)

d:/devkitPro/libogc/lib/wii\libgrrlib.a(GRRLIB_bmf.o)
                              strobe.o (GRRLIB_InitTileSet)
d:/devkitPro/libogc/lib/wii\libgrrlib.a(GRRLIB_core.o)
                              strobe.o (rmode)
d:/devkitPro/libogc/lib/wii\libgrrlib.a(GRRLIB_print.o)
                              strobe.o (GRRLIB_Printf)
d:/devkitPro/libogc/lib/wii\libgrrlib.a(GRRLIB_render.o)
                              strobe.o (GRRLIB_Render)
d:/devkitPro/libogc/lib/wii\libgrrlib.a(GRRLIB_texEdit.o)
                              strobe.o (GRRLIB_LoadTexture)
d:/devkitPro/libogc/lib/wii\libpngu.a(pngu.o)
                              d:/devkitPro/libogc/lib/wii\libgrrlib.a(GRRLIB_texEdit.o) (PNGU_SelectImageFromBuffer)
d:/devkitPro/libogc/lib/wii\libjpeg.a(jmemsrc.o)
                              d:/devkitPro/libogc/lib/wii\libgrrlib.a(GRRLIB_texEdit.o) (jpeg_memory_src)
d:/devkitPro/libogc/lib/wii\libjpeg.a(jdapimin.o)
                              d:/devkitPro/libogc/lib/wii\libgrrlib.a(GRRLIB_texEdit.o) (jpeg_CreateDecompress)
d:/devkitPro/libogc/lib/wii\libjpeg.a(jdapistd.o)
                              d:/devkitPro/libogc/lib/wii\libgrrlib.a(GRRLIB_texEdit.o) (jpeg_start_decompress)
d:/devkitPro/libogc/lib/wii\libjpeg.a(jdinput.o)
                              d:/devkitPro/libogc/lib/wii\libjpeg.a(jdapimin.o) (jinit_input_controller)
d:/devkitPro/libogc/lib/wii\libjpeg.a(jdmarker.o)
                              d:/devkitPro/libogc/lib/wii\libjpeg.a(jmemsrc.o) (jpeg_resync_to_restart)
d:/devkitPro/libogc/lib/wii\libjpeg.a(jdmaster.o)
                              d:/devkitPro/libogc/lib/wii\libjpeg.a(jdapistd.o) (jinit_master_decompress)
d:/devkitPro/libogc/lib/wii\libjpeg.a(jdmerge.o)
                              d:/devkitPro/libogc/lib/wii\libjpeg.a(jdmaster.o) (jinit_merged_upsampler)
d:/devkitPro/libogc/lib/wii\libjpeg.a(jdphuff.o)
                              d:/devkitPro/libogc/lib/wii\libjpeg.a(jdmaster.o) (jinit_phuff_decoder)
d:/devkitPro/libogc/lib/wii\libjpeg.a(jdpostct.o)
                              d:/devkitPro/libogc/lib/wii\libjpeg.a(jdmaster.o) (jinit_d_post_controller)
d:/devkitPro/libogc/lib/wii\libjpeg.a(jdsample.o)
                              d:/devkitPro/libogc/lib/wii\libjpeg.a(jdmaster.o) (jinit_upsampler)
d:/devkitPro/libogc/lib/wii\libjpeg.a(jerror.o)
                              d:/devkitPro/libogc/lib/wii\libgrrlib.a(GRRLIB_texEdit.o) (jpeg_std_error)
d:/devkitPro/libogc/lib/wii\libjpeg.a(jmemmgr.o)
                              d:/devkitPro/libogc/lib/wii\libjpeg.a(jdapimin.o) (jinit_memory_mgr)
d:/devkitPro/libogc/lib/wii\libjpeg.a(jmemnobs.o)
                              d:/devkitPro/libogc/lib/wii\libjpeg.a(jmemmgr.o) (jpeg_get_small)
d:/devkitPro/libogc/lib/wii\libjpeg.a(jquant1.o)
                              d:/devkitPro/libogc/lib/wii\libjpeg.a(jdmaster.o) (jinit_1pass_quantizer)
d:/devkitPro/libogc/lib/wii\libjpeg.a(jquant2.o)
                              d:/devkitPro/libogc/lib/wii\libjpeg.a(jdmaster.o) (jinit_2pass_quantizer)
d:/devkitPro/libogc/lib/wii\libjpeg.a(jutils.o)
                              d:/devkitPro/libogc/lib/wii\libjpeg.a(jdmarker.o) (jpeg_natural_order)
d:/devkitPro/libogc/lib/wii\libjpeg.a(jcomapi.o)
                              d:/devkitPro/libogc/lib/wii\libjpeg.a(jdapimin.o) (jpeg_abort)
d:/devkitPro/libogc/lib/wii\libjpeg.a(jdcoefct.o)
                              d:/devkitPro/libogc/lib/wii\libjpeg.a(jdmaster.o) (jinit_d_coef_controller)
d:/devkitPro/libogc/lib/wii\libjpeg.a(jdcolor.o)
                              d:/devkitPro/libogc/lib/wii\libjpeg.a(jdmaster.o) (jinit_color_deconverter)
d:/devkitPro/libogc/lib/wii\libjpeg.a(jddctmgr.o)
                              d:/devkitPro/libogc/lib/wii\libjpeg.a(jdmaster.o) (jinit_inverse_dct)
d:/devkitPro/libogc/lib/wii\libjpeg.a(jdhuff.o)
                              d:/devkitPro/libogc/lib/wii\libjpeg.a(jdphuff.o) (jpeg_make_d_derived_tbl)
d:/devkitPro/libogc/lib/wii\libjpeg.a(jdmainct.o)
                              d:/devkitPro/libogc/lib/wii\libjpeg.a(jdmaster.o) (jinit_d_main_controller)
d:/devkitPro/libogc/lib/wii\libjpeg.a(jidctflt.o)
                              d:/devkitPro/libogc/lib/wii\libjpeg.a(jddctmgr.o) (jpeg_idct_float)
d:/devkitPro/libogc/lib/wii\libjpeg.a(jidctfst.o)
                              d:/devkitPro/libogc/lib/wii\libjpeg.a(jddctmgr.o) (jpeg_idct_ifast)
d:/devkitPro/libogc/lib/wii\libjpeg.a(jidctint.o)
                              d:/devkitPro/libogc/lib/wii\libjpeg.a(jddctmgr.o) (jpeg_idct_islow)
d:/devkitPro/libogc/lib/wii\libjpeg.a(jidctred.o)
                              d:/devkitPro/libogc/lib/wii\libjpeg.a(jddctmgr.o) (jpeg_idct_4x4)
d:/devkitPro/libogc/lib/wii\libpng.a(png.o)
                              d:/devkitPro/libogc/lib/wii\libpngu.a(pngu.o) (png_get_io_ptr)
d:/devkitPro/libogc/lib/wii\libpng.a(pngerror.o)
                              d:/devkitPro/libogc/lib/wii\libpng.a(png.o) (png_warning)
[...]
Memory Configuration

Name             Origin             Length             Attributes
*default*        0x00000000         0xffffffff

Linker script and memory map

                0x00003400                . = 0x3400

.stub
 *(.stub)
                0x80004000                . = 0x80004000

.init           0x80004000      0x20c
 *crt0.o(*.init)
 .init          0x80004000      0x1e8 d:/devkitPro/libogc/lib/wii\libogc.a(ogc_crt0.o)
                0x800041a0                _memset
                0x80004000                _start
                0x800041d0                video_line
 *(.init)
 .init          0x800041e8        0xc d:/devkitpro/devkitppc/bin/../lib/gcc/powerpc-gekko/4.2.4/ecrti.o
                0x800041e8                __init
 .init          0x800041f4        0x4 d:/devkitpro/devkitppc/bin/../lib/gcc/powerpc-gekko/4.2.4/crtbegin.o
 .init          0x800041f8        0x4 d:/devkitpro/devkitppc/bin/../lib/gcc/powerpc-gekko/4.2.4/crtend.o
 .init          0x800041fc       0x10 d:/devkitpro/devkitppc/bin/../lib/gcc/powerpc-gekko/4.2.4/ecrtn.o

.plt
 *(.plt)

.interp
 *(.interp)

.hash
 *(.hash)

.dynsym
 *(.dynsym)

.dynstr
 *(.dynstr)

.gnu.version
 *(.gnu.version)

.gnu.version_d
 *(.gnu.version_d)

.gnu.version_r
 *(.gnu.version_r)

.rel.init
 *(.rel.init)

.rela.init      0x8000420c        0x0
 *(.rela.init)
 .rela.init     0x00000000        0x0 d:/devkitpro/devkitppc/bin/../lib/gcc/powerpc-gekko/4.2.4/crtbegin.o

.rel.text
 *(.rel.text .rel.text.* .rel.gnu.linkonce.t.*)

.rela.text      0x8000420c        0x0
 *(.rela.text .rela.text.* .rela.gnu.linkonce.t.*)
 .rela.text     0x00000000        0x0 d:/devkitpro/devkitppc/bin/../lib/gcc/powerpc-gekko/4.2.4/crtbegin.o
 .rela.text.GRRLIB_GetBlend
                0x00000000        0x0 d:/devkitpro/devkitppc/bin/../lib/gcc/powerpc-gekko/4.2.4/crtbegin.o
 .rela.text.GRRLIB_SetAntiAliasing
                0x00000000        0x0 d:/devkitpro/devkitppc/bin/../lib/gcc/powerpc-gekko/4.2.4/crtbegin.o
 .rela.text.GRRLIB_GetAntiAliasing
                0x00000000        0x0 d:/devkitpro/devkitppc/bin/../lib/gcc/powerpc-gekko/4.2.4/crtbegin.o
 .rela.text.GRRLIB_ClipReset
                0x00000000        0x0 d:/devkitpro/devkitppc/bin/../lib/gcc/powerpc-gekko/4.2.4/crtbegin.o
 .rela.text.GRRLIB_SetBlend
                0x00000000        0x0 d:/devkitpro/devkitppc/bin/../lib/gcc/powerpc-gekko/4.2.4/crtbegin.o
 .rela.text.GRRLIB_Init
                0x00000000        0x0 d:/devkitpro/devkitppc/bin/../lib/gcc/powerpc-gekko/4.2.4/crtbegin.o
 .rela.text.GRRLIB_GXEngine
                0x00000000        0x0 d:/devkitpro/devkitppc/bin/../lib/gcc/powerpc-gekko/4.2.4/crtbegin.o
 .rela.text.GRRLIB_FillScreen
                0x00000000        0x0 d:/devkitpro/devkitppc/bin/../lib/gcc/powerpc-gekko/4.2.4/crtbegin.o
 .rela.text.GRRLIB_Exit
                0x00000000        0x0 d:/devkitpro/devkitppc/bin/../lib/gcc/powerpc-gekko/4.2.4/crtbegin.o
 .rela.text.GRRLIB_GetPixelFromFB
                0x00000000        0x0 d:/devkitpro/devkitppc/bin/../lib/gcc/powerpc-gekko/4.2.4/crtbegin.o
 .rela.text.GRRLIB_Plot
                0x00000000        0x0 d:/devkitpro/devkitppc/bin/../lib/gcc/powerpc-gekko/4.2.4/crtbegin.o
 .rela.text.GRRLIB_Line
                0x00000000        0x0 d:/devkitpro/devkitppc/bin/../lib/gcc/powerpc-gekko/4.2.4/crtbegin.o
 .rela.text.GRRLIB_PrintBMF
                0x00000000        0x0 d:/devkitpro/devkitppc/bin/../lib/gcc/powerpc-gekko/4.2.4/crtbegin.o
 .rela.text.GRRLIB_Render
                0x00000000        0x0 d:/devkitpro/devkitppc/bin/../lib/gcc/powerpc-gekko/4.2.4/crtbegin.o
 .rela.text.GRRLIB_DrawImgQuad
                0x00000000        0x0 d:/devkitpro/devkitppc/bin/../lib/gcc/powerpc-gekko/4.2.4/crtbegin.o
 .rela.text.GRRLIB_DrawTileQuad
                0x00000000        0x0 d:/devkitpro/devkitppc/bin/../lib/gcc/powerpc-gekko/4.2.4/crtbegin.o
 .rela.text.GRRLIB_DrawImg
                0x00000000        0x0 d:/devkitpro/devkitppc/bin/../lib/gcc/powerpc-gekko/4.2.4/crtbegin.o
 .rela.text.GRRLIB_DrawTile
                0x00000000        0x0 d:/devkitpro/devkitppc/bin/../lib/gcc/powerpc-gekko/4.2.4/crtbegin.o
 .rela.text.deflate
                0x00000000        0x0 d:/devkitpro/devkitppc/bin/../lib/gcc/powerpc-gekko/4.2.4/crtbegin.o
 .rela.text.deflate_slow
                0x00000000        0x0 d:/devkitpro/devkitppc/bin/../lib/gcc/powerpc-gekko/4.2.4/crtbegin.o
 .rela.text.deflate_fast
                0x00000000        0x0 d:/devkitpro/devkitppc/bin/../lib/gcc/powerpc-gekko/4.2.4/crtbegin.o
 .rela.text.deflateInit2_
                0x00000000        0x0 d:/devkitpro/devkitppc/bin/../lib/gcc/powerpc-gekko/4.2.4/crtbegin.o
 .rela.text.fatUnmount
                0x00000000        0x0 d:/devkitpro/devkitppc/bin/../lib/gcc/powerpc-gekko/4.2.4/crtbegin.o
 .rela.text.fatInit
                0x00000000        0x0 d:/devkitpro/devkitppc/bin/../lib/gcc/powerpc-gekko/4.2.4/crtbegin.o
 .rela.text.get_io_wiisd
                0x00000000        0x0 d:/devkitpro/devkitppc/bin/../lib/gcc/powerpc-gekko/4.2.4/crtbegin.o
 .rela.text.get_io_usbstorage
                0x00000000        0x0 d:/devkitpro/devkitppc/bin/../lib/gcc/powerpc-gekko/4.2.4/crtbegin.o
 .rela.text.get_io_gcsda
                0x00000000        0x0 d:/devkitpro/devkitppc/bin/../lib/gcc/powerpc-gekko/4.2.4/crtbegin.o
 .rela.text.get_io_gcsdb
                0x00000000        0x0 d:/devkitpro/devkitppc/bin/../lib/gcc/powerpc-gekko/4.2.4/crtbegin.o
 .rela.text._FAT_directory_mbsncasecmp
                0x00000000        0x0 d:/devkitpro/devkitppc/bin/../lib/gcc/powerpc-gekko/4.2.4/crtbegin.o
 .rela.text._FAT_directory_ucs2tombs
                0x00000000        0x0 d:/devkitpro/devkitppc/bin/../lib/gcc/powerpc-gekko/4.2.4/crtbegin.o
 .rela.text._FAT_directory_addEntry
                0x00000000        0x0 d:/devkitpro/devkitppc/bin/../lib/gcc/powerpc-gekko/4.2.4/crtbegin.o
 .rela.text.wiiuse_handshake_expansion
                0x00000000        0x0 d:/devkitpro/devkitppc/bin/../lib/gcc/powerpc-gekko/4.2.4/crtbegin.o
 .rela.text.wiiuse_handshake
                0x00000000        0x0 d:/devkitpro/devkitppc/bin/../lib/gcc/powerpc-gekko/4.2.4/crtbegin.o
 .rela.text.wiiuse_init_cmd_queue
                0x00000000        0x0 d:/devkitpro/devkitppc/bin/../lib/gcc/powerpc-gekko/4.2.4/crtbegin.o
 .rela.text.wiiuse_init
                0x00000000        0x0 d:/devkitpro/devkitppc/bin/../lib/gcc/powerpc-gekko/4.2.4/crtbegin.o
 .rela.text.bt_alarmhandler
                0x00000000        0x0 d:/devkitpro/devkitppc/bin/../lib/gcc/powerpc-gekko/4.2.4/crtbegin.o
 .rela.text.__lwp_rotate_readyqueue
                0x00000000        0x0 d:/devkitpro/devkitppc/bin/../lib/gcc/powerpc-gekko/4.2.4/crtbegin.o
 .rela.text.__lwp_thread_setstate
                0x00000000        0x0 d:/devkitpro/devkitppc/bin/../lib/gcc/powerpc-gekko/4.2.4/crtbegin.o
 .rela.text.__lwp_thread_setpriority
                0x00000000        0x0 d:/devkitpro/devkitppc/bin/../lib/gcc/powerpc-gekko/4.2.4/crtbegin.o
 .rela.text.__lwp_thread_ready
                0x00000000        0x0 d:/devkitpro/devkitppc/bin/../lib/gcc/powerpc-gekko/4.2.4/crtbegin.o
 .rela.text.__lwp_thread_close
                0x00000000        0x0 d:/devkitpro/devkitppc/bin/../lib/gcc/powerpc-gekko/4.2.4/crtbegin.o
 .rela.text.__lwp_thread_closeall
                0x00000000        0x0 d:/devkitpro/devkitppc/bin/../lib/gcc/powerpc-gekko/4.2.4/crtbegin.o
 .rela.text.__lwp_thread_stopmultitasking
                0x00000000        0x0 d:/devkitpro/devkitppc/bin/../lib/gcc/powerpc-gekko/4.2.4/crtbegin.o
 .rela.text.__lwp_thread_changepriority
                0x00000000        0x0 d:/devkitpro/devkitppc/bin/../lib/gcc/powerpc-gekko/4.2.4/crtbegin.o
 .rela.text.__lwp_thread_coreinit
                0x00000000        0x0 d:/devkitpro/devkitppc/bin/../lib/gcc/powerpc-gekko/4.2.4/crtbegin.o
 .rela.text.__lwp_thread_suspend
                0x00000000        0x0 d:/devkitpro/devkitppc/bin/../lib/gcc/powerpc-gekko/4.2.4/crtbegin.o
 .rela.text.__lwp_thread_startmultitasking
                0x00000000        0x0 d:/devkitpro/devkitppc/bin/../lib/gcc/powerpc-gekko/4.2.4/crtbegin.o
 .rela.text.__lwp_thread_tickle_timeslice
                0x00000000        0x0 d:/devkitpro/devkitppc/bin/../lib/gcc/powerpc-gekko/4.2.4/crtbegin.o
 .rela.text.__lwp_thread_context
                0x00000000        0x0 d:/devkitpro/devkitppc/bin/../lib/gcc/powerpc-gekko/4.2.4/crtbegin.o
 .rela.text.__lwp_thread_exists
                0x00000000        0x0 d:/devkitpro/devkitppc/bin/../lib/gcc/powerpc-gekko/4.2.4/crtbegin.o
 .rela.text.__lwp_thread_isalive
                0x00000000        0x0 d:/devkitpro/devkitppc/bin/../lib/gcc/powerpc-gekko/4.2.4/crtbegin.o
 .rela.text.__lwp_sysinit
                0x00000000        0x0 d:/devkitpro/devkitppc/bin/../lib/gcc/powerpc-gekko/4.2.4/crtbegin.o
 .rela.text.LWP_ThreadSignal
                0x00000000        0x0 d:/devkitpro/devkitppc/bin/../lib/gcc/powerpc-gekko/4.2.4/crtbegin.o
 .rela.text.LWP_ThreadBroadcast
                0x00000000        0x0 d:/devkitpro/devkitppc/bin/../lib/gcc/powerpc-gekko/4.2.4/crtbegin.o
 .rela.text.LWP_ThreadSleep
                0x00000000        0x0 d:/devkitpro/devkitppc/bin/../lib/gcc/powerpc-gekko/4.2.4/crtbegin.o
 .rela.text.LWP_CloseQueue
                0x00000000        0x0 d:/devkitpro/devkitppc/bin/../lib/gcc/powerpc-gekko/4.2.4/crtbegin.o
 .rela.text.LWP_InitQueue
                0x00000000        0x0 d:/devkitpro/devkitppc/bin/../lib/gcc/powerpc-gekko/4.2.4/crtbegin.o
 .rela.text.LWP_JoinThread
                0x00000000        0x0 d:/devkitpro/devkitppc/bin/../lib/gcc/powerpc-gekko/4.2.4/crtbegin.o
 .rela.text.LWP_ThreadIsSuspended
                0x00000000        0x0 d:/devkitpro/devkitppc/bin/../lib/gcc/powerpc-gekko/4.2.4/crtbegin.o
 .rela.text.LWP_SetThreadPriority
                0x00000000        0x0 d:/devkitpro/devkitppc/bin/../lib/gcc/powerpc-gekko/4.2.4/crtbegin.o
 .rela.text.LWP_ResumeThread
                0x00000000        0x0 d:/devkitpro/devkitppc/bin/../lib/gcc/powerpc-gekko/4.2.4/crtbegin.o
 .rela.text.LWP_SuspendThread
                0x00000000        0x0 d:/devkitpro/devkitppc/bin/../lib/gcc/powerpc-gekko/4.2.4/crtbegin.o
 .rela.text.LWP_CreateThread
                0x00000000        0x0 d:/devkitpro/devkitppc/bin/../lib/gcc/powerpc-gekko/4.2.4/crtbegin.o
 .rela.text.__lwp_stack_free
                0x00000000        0x0 d:/devkitpro/devkitppc/bin/../lib/gcc/powerpc-gekko/4.2.4/crtbegin.o
 .rela.text.__lwp_stack_allocate
                0x00000000        0x0 d:/devkitpro/devkitppc/bin/../lib/gcc/powerpc-gekko/4.2.4/crtbegin.o
 .rela.text.__lwp_watchdog_init
                0x00000000        0x0 d:/devkitpro/devkitppc/bin/../lib/gcc/powerpc-gekko/4.2.4/crtbegin.o
 .rela.text.__lwp_wd_tickle
                0x00000000        0x0 d:/devkitpro/devkitppc/bin/../lib/gcc/powerpc-gekko/4.2.4/crtbegin.o
 .rela.text.__lwp_wkspace_init
                0x00000000        0x0 d:/devkitpro/devkitppc/bin/../lib/gcc/powerpc-gekko/4.2.4/crtbegin.o
 .rela.text.__lwp_wkspace_heapused
                0x00000000        0x0 d:/devkitpro/devkitppc/bin/../lib/gcc/powerpc-gekko/4.2.4/crtbegin.o
 .rela.text.__lwp_wkspace_heapfree
                0x00000000        0x0 d:/devkitpro/devkitppc/bin/../lib/gcc/powerpc-gekko/4.2.4/crtbegin.o
 .rela.text.__lwp_objmgr_initinfo
                0x00000000        0x0 d:/devkitpro/devkitppc/bin/../lib/gcc/powerpc-gekko/4.2.4/crtbegin.o
 .rela.text.__irq_init
                0x00000000        0x0 d:/devkitpro/devkitppc/bin/../lib/gcc/powerpc-gekko/4.2.4/crtbegin.o
 .rela.text.LWP_MutexInit
                0x00000000        0x0 d:/devkitpro/devkitppc/bin/../lib/gcc/powerpc-gekko/4.2.4/crtbegin.o
 .rela.text.__lwp_mutex_init
                0x00000000        0x0 d:/devkitpro/devkitppc/bin/../lib/gcc/powerpc-gekko/4.2.4/crtbegin.o
 .rela.text.LWP_MutexDestroy
                0x00000000        0x0 d:/devkitpro/devkitppc/bin/../lib/gcc/powerpc-gekko/4.2.4/crtbegin.o
 .rela.text.__lwp_mutex_locksupp
                0x00000000        0x0 d:/devkitpro/devkitppc/bin/../lib/gcc/powerpc-gekko/4.2.4/crtbegin.o
 .rela.text.LWP_MutexUnlock
                0x00000000        0x0 d:/devkitpro/devkitppc/bin/../lib/gcc/powerpc-gekko/4.2.4/crtbegin.o
 .rela.text.__sram_sync
                0x00000000        0x0 d:/devkitpro/devkitppc/bin/../lib/gcc/powerpc-gekko/4.2.4/crtbegin.o
 .rela.text.__locksram
                0x00000000        0x0 d:/devkitpro/devkitppc/bin/../lib/gcc/powerpc-gekko/4.2.4/crtbegin.o
 .rela.text.__sram_init
                0x00000000        0x0 d:/devkitpro/devkitppc/bin/../lib/gcc/powerpc-gekko/4.2.4/crtbegin.o
 .rela.text.SYS_Init
                0x00000000        0x0 d:/devkitpro/devkitppc/bin/../lib/gcc/powerpc-gekko/4.2.4/crtbegin.o
 .rela.text.__unlocksram
                0x00000000        0x0 d:/devkitpro/devkitppc/bin/../lib/gcc/powerpc-gekko/4.2.4/crtbegin.o
 .rela.text.__sram_writecallback
                0x00000000        0x0 d:/devkitpro/devkitppc/bin/../lib/gcc/powerpc-gekko/4.2.4/crtbegin.o
 .rela.text.SYS_CancelAlarm
                0x00000000        0x0 d:/devkitpro/devkitppc/bin/../lib/gcc/powerpc-gekko/4.2.4/crtbegin.o
 .rela.text.SYS_RemoveAlarm
                0x00000000        0x0 d:/devkitpro/devkitppc/bin/../lib/gcc/powerpc-gekko/4.2.4/crtbegin.o
 .rela.text.SYS_SetAlarm
                0x00000000        0x0 d:/devkitpro/devkitppc/bin/../lib/gcc/powerpc-gekko/4.2.4/crtbegin.o
 .rela.text.__sys_alarmhandler
                0x00000000        0x0 d:/devkitpro/devkitppc/bin/../lib/gcc/powerpc-gekko/4.2.4/crtbegin.o
 .rela.text.SYS_SetPeriodicAlarm
                0x00000000        0x0 d:/devkitpro/devkitppc/bin/../lib/gcc/powerpc-gekko/4.2.4/crtbegin.o
 .rela.text.__lwp_cond_init
                0x00000000        0x0 d:/devkitpro/devkitppc/bin/../lib/gcc/powerpc-gekko/4.2.4/crtbegin.o
 .rela.text.LWP_CondDestroy
                0x00000000        0x0 d:/devkitpro/devkitppc/bin/../lib/gcc/powerpc-gekko/4.2.4/crtbegin.o
 .rela.text.LWP_CondInit
                0x00000000        0x0 d:/devkitpro/devkitppc/bin/../lib/gcc/powerpc-gekko/4.2.4/crtbegin.o
 .rela.text.__lwp_cond_signalsupp
                0x00000000        0x0 d:/devkitpro/devkitppc/bin/../lib/gcc/powerpc-gekko/4.2.4/crtbegin.o
 .rela.text.__lwp_cond_waitsupp
                0x00000000        0x0 d:/devkitpro/devkitppc/bin/../lib/gcc/powerpc-gekko/4.2.4/crtbegin.o
 .rela.text.GX_EndDispList
                0x00000000        0x0 d:/devkitpro/devkitppc/bin/../lib/gcc/powerpc-gekko/4.2.4/crtbegin.o
 .rela.text.GX_BeginDispList
                0x00000000        0x0 d:/devkitpro/devkitppc/bin/../lib/gcc/powerpc-gekko/4.2.4/crtbegin.o
 .rela.text.GX_Init
                0x00000000        0x0 d:/devkitpro/devkitppc/bin/../lib/gcc/powerpc-gekko/4.2.4/crtbegin.o
 .rela.text.c_decrementer_handler
                0x00000000        0x0 d:/devkitpro/devkitppc/bin/../lib/gcc/powerpc-gekko/4.2.4/crtbegin.o
 .rela.text.__lwp_mqbox_init
                0x00000000        0x0 d:/devkitpro/devkitppc/bin/../lib/gcc/powerpc-gekko/4.2.4/crtbegin.o
 .rela.text.MQ_Close
                0x00000000        0x0 d:/devkitpro/devkitppc/bin/../lib/gcc/powerpc-gekko/4.2.4/crtbegin.o
 .rela.text.MQ_Init
                0x00000000        0x0 d:/devkitpro/devkitppc/bin/../lib/gcc/powerpc-gekko/4.2.4/crtbegin.o
 .rela.text.MQ_Jam
                0x00000000        0x0 d:/devkitpro/devkitppc/bin/../lib/gcc/powerpc-gekko/4.2.4/crtbegin.o
 .rela.text.MQ_Receive
                0x00000000        0x0 d:/devkitpro/devkitppc/bin/../lib/gcc/powerpc-gekko/4.2.4/crtbegin.o
 .rela.text.MQ_Send
                0x00000000        0x0 d:/devkitpro/devkitppc/bin/../lib/gcc/powerpc-gekko/4.2.4/crtbegin.o
 .rela.text.__ios_ioctlvformat_parse
                0x00000000        0x0 d:/devkitpro/devkitppc/bin/../lib/gcc/powerpc-gekko/4.2.4/crtbegin.o
 .rela.text.__ioctlvfmtCB
                0x00000000        0x0 d:/devkitpro/devkitppc/bin/../lib/gcc/powerpc-gekko/4.2.4/crtbegin.o
 .rela.text.IOS_IoctlvFormatAsync
                0x00000000        0x0 d:/devkitpro/devkitppc/bin/../lib/gcc/powerpc-gekko/4.2.4/crtbegin.o
 .rela.text.IOS_IoctlvFormat
                0x00000000        0x0 d:/devkitpro/devkitppc/bin/../lib/gcc/powerpc-gekko/4.2.4/crtbegin.o
 .rela.text.nanosleep
                0x00000000        0x0 d:/devkitpro/devkitppc/bin/../lib/gcc/powerpc-gekko/4.2.4/crtbegin.o
 .rela.text.__libc_init
                0x00000000        0x0 d:/devkitpro/devkitppc/bin/../lib/gcc/powerpc-gekko/4.2.4/crtbegin.o
 .rela.text.__libc_wrapup
                0x00000000        0x0 d:/devkitpro/devkitppc/bin/../lib/gcc/powerpc-gekko/4.2.4/crtbegin.o
 .rela.text.__libc_delete_hook
                0x00000000        0x0 d:/devkitpro/devkitppc/bin/../lib/gcc/powerpc-gekko/4.2.4/crtbegin.o
 .rela.text.__libogc_sbrk_r
                0x00000000        0x0 d:/devkitpro/devkitppc/bin/../lib/gcc/powerpc-gekko/4.2.4/crtbegin.o
 .rela.text.__CheckARGV
                0x00000000        0x0 d:/devkitpro/devkitppc/bin/../lib/gcc/powerpc-gekko/4.2.4/crtbegin.o
 .rela.text.__lwp_priority_init
                0x00000000        0x0 d:/devkitpro/devkitppc/bin/../lib/gcc/powerpc-gekko/4.2.4/crtbegin.o
 .rela.text.__lwp_threadqueue_extractpriority
                0x00000000        0x0 d:/devkitpro/devkitppc/bin/../lib/gcc/powerpc-gekko/4.2.4/crtbegin.o
 .rela.text.__lwp_threadqueue_extractfifo
                0x00000000        0x0 d:/devkitpro/devkitppc/bin/../lib/gcc/powerpc-gekko/4.2.4/crtbegin.o
 .rela.text.__lwp_threadqueue_dequeuepriority
                0x00000000        0x0 d:/devkitpro/devkitppc/bin/../lib/gcc/powerpc-gekko/4.2.4/crtbegin.o
 .rela.text.__lwp_threadqueue_enqueuepriority
                0x00000000        0x0 d:/devkitpro/devkitppc/bin/../lib/gcc/powerpc-gekko/4.2.4/crtbegin.o
 .rela.text.__lwp_threadqueue_dequeuefifo
                0x00000000        0x0 d:/devkitpro/devkitppc/bin/../lib/gcc/powerpc-gekko/4.2.4/crtbegin.o
 .rela.text.__lwp_threadqueue_enqueuefifo
                0x00000000        0x0 d:/devkitpro/devkitppc/bin/../lib/gcc/powerpc-gekko/4.2.4/crtbegin.o
 .rela.text.__lwp_threadqueue_enqueue
                0x00000000        0x0 d:/devkitpro/devkitppc/bin/../lib/gcc/powerpc-gekko/4.2.4/crtbegin.o
 .rela.text.__lwpmq_close
                0x00000000        0x0 d:/devkitpro/devkitppc/bin/../lib/gcc/powerpc-gekko/4.2.4/crtbegin.o
 .rela.text.__lwpmq_initialize
                0x00000000        0x0 d:/devkitpro/devkitppc/bin/../lib/gcc/powerpc-gekko/4.2.4/crtbegin.o
 .rela.text.__exception_sethandler
                0x00000000        0x0 d:/devkitpro/devkitppc/bin/../lib/gcc/powerpc-gekko/4.2.4/crtbegin.o
 .rela.text.__exception_init
                0x00000000        0x0 d:/devkitpro/devkitppc/bin/../lib/gcc/powerpc-gekko/4.2.4/crtbegin.o
 .rela.text.__systemcall_init
                0x00000000        0x0 d:/devkitpro/devkitppc/bin/../lib/gcc/powerpc-gekko/4.2.4/crtbegin.o
 .rela.text.__lwp_sema_init
                0x00000000        0x0 d:/devkitpro/devkitppc/bin/../lib/gcc/powerpc-gekko/4.2.4/crtbegin.o
 .rela.text.LWP_SemInit
                0x00000000        0x0 d:/devkitpro/devkitppc/bin/../lib/gcc/powerpc-gekko/4.2.4/crtbegin.o
 .rela.text.LWP_SemDestroy
                0x00000000        0x0 d:/devkitpro/devkitppc/bin/../lib/gcc/powerpc-gekko/4.2.4/crtbegin.o
 .rela.text.LWP_SemPost
                0x00000000        0x0 d:/devkitpro/devkitppc/bin/../lib/gcc/powerpc-gekko/4.2.4/crtbegin.o
 .rela.text.LWP_SemWait
                0x00000000        0x0 d:/devkitpro/devkitppc/bin/../lib/gcc/powerpc-gekko/4.2.4/crtbegin.o
 .rela.text.kprintf
                0x00000000        0x0 d:/devkitpro/devkitppc/bin/../lib/gcc/powerpc-gekko/4.2.4/crtbegin.o
 .rela.text.__card_readcid
                0x00000000        0x0 d:/devkitpro/devkitppc/bin/../lib/gcc/powerpc-gekko/4.2.4/crtbegin.o
 .rela.text.__card_readcsd
                0x00000000        0x0 d:/devkitpro/devkitppc/bin/../lib/gcc/powerpc-gekko/4.2.4/crtbegin.o
 .rela.text.__card_sd_status
                0x00000000        0x0 d:/devkitpro/devkitppc/bin/../lib/gcc/powerpc-gekko/4.2.4/crtbegin.o
 .rela.text.sdgecko_initIO
                0x00000000        0x0 d:/devkitpro/devkitppc/bin/../lib/gcc/powerpc-gekko/4.2.4/crtbegin.o
 .rela.text.CON_EnableGecko
                0x00000000        0x0 d:/devkitpro/devkitppc/bin/../lib/gcc/powerpc-gekko/4.2.4/crtbegin.o
 .rela.text.__console_init
                0x00000000        0x0 d:/devkitpro/devkitppc/bin/../lib/gcc/powerpc-gekko/4.2.4/crtbegin.o
 .rela.text.__console_init_ex
                0x00000000        0x0 d:/devkitpro/devkitppc/bin/../lib/gcc/powerpc-gekko/4.2.4/crtbegin.o

.rel.fini
 *(.rel.fini)

.rela.fini
 *(.rela.fini)

.rel.rodata
 *(.rel.rodata .rel.rodata.* .rel.gnu.linkonce.r.*)

.rela.rodata    0x8000420c        0x0
 *(.rela.rodata .rela.rodata.* .rela.gnu.linkonce.r.*)
 .rela.rodata.dotab_fat
                0x00000000        0x0 d:/devkitpro/devkitppc/bin/../lib/gcc/powerpc-gekko/4.2.4/crtbegin.o

.rel.data
 *(.rel.data .rel.data.* .rel.gnu.linkonce.d.*)

.rela.data
 *(.rela.data .rela.data.* .rela.gnu.linkonce.d.*)

.rel.tdata
 *(.rel.tdata .rel.tdata.* .rel.gnu.linkonce.td.*)

.rela.tdata
 *(.rela.tdata .rela.tdata.* .rela.gnu.linkonce.td.*)

.rel.tbss
 *(.rel.tbss .rel.tbss.* .rel.gnu.linkonce.tb.*)

.rela.tbss
 *(.rela.tbss .rela.tbss.* .rela.gnu.linkonce.tb.*)

.rel.ctors
 *(.rel.ctors)

.rela.ctors
 *(.rela.ctors)

.rel.dtors
 *(.rel.dtors)

.rela.dtors
 *(.rela.dtors)

.rel.got
 *(.rel.got)

.rela.got
 *(.rela.got)

.rela.got1
 *(.rela.got1)

.rela.got2      0x8000420c        0x0
 *(.rela.got2)
 .rela.got2     0x00000000        0x0 d:/devkitpro/devkitppc/bin/../lib/gcc/powerpc-gekko/4.2.4/crtbegin.o

.rel.sdata
 *(.rel.sdata .rel.sdata.* .rel.gnu.linkonce.s.*)

.rela.sdata
 *(.rela.sdata .rela.sdata.* .rela.gnu.linkonce.s.*)

.rel.sbss
 *(.rel.sbss .rel.sbss.* .rel.gnu.linkonce.sb.*)

.rela.sbss
 *(.rela.sbss .rela.sbss.* .rel.gnu.linkonce.sb.*)

.rel.sdata2
 *(.rel.sdata2 .rel.sdata2.* .rel.gnu.linkonce.s2.*)

.rela.sdata2    0x8000420c        0x0
 *(.rela.sdata2 .rela.sdata2.* .rela.gnu.linkonce.s2.*)
 .rela.sdata2.__sys_inIPL
                0x00000000        0x0 d:/devkitpro/devkitppc/bin/../lib/gcc/powerpc-gekko/4.2.4/crtbegin.o
 .rela.sdata2.__gx
                0x00000000        0x0 d:/devkitpro/devkitppc/bin/../lib/gcc/powerpc-gekko/4.2.4/crtbegin.o

.rel.sbss2
 *(.rel.sbss2 .rel.sbss2.* .rel.gnu.linkonce.sb2.*)

.rela.sbss2
 *(.rela.sbss2 .rela.sbss2.* .rela.gnu.linkonce.sb2.*)

.rel.bss
 *(.rel.bss .rel.bss.* .rel.gnu.linkonce.b.*)

.rela.bss
 *(.rela.bss .rela.bss.* .rela.gnu.linkonce.b.*)

.rel.plt
 *(.rel.plt)

.rela.plt
 *(.rela.plt)

.text           0x80004220    0x7a8e0
 *(.text)
 .text          0x80004220      0x140 d:/devkitpro/devkitppc/bin/../lib/gcc/powerpc-gekko/4.2.4/crtbegin.o
 .text          0x80004360       0x48 d:/devkitpro/devkitppc/bin/../lib/gcc/powerpc-gekko/4.2.4/../../../../powerpc-gekko/lib/crtmain.o
                0x80004364                __crtmain
 .text          0x800043a8     0x2630 strobe.o
                0x800051dc                main
                0x8000519c                seconds
                0x800043a8                strobe
 .text          0x800069d8       0x6c wpad_leds.o
                0x800069d8                WPAD_SetLeds
 .text          0x80006a44      0x1a0 d:/devkitPro/libogc/lib/wii\libjpeg.a(jmemsrc.o)
                0x80006b30                jpeg_memory_src
 .text          0x80006be4      0x7f8 d:/devkitPro/libogc/lib/wii\libjpeg.a(jdapimin.o)
                0x80006d4c                jpeg_abort_decompress
                0x80006d2c                jpeg_destroy_decompress
                0x80006be4                jpeg_CreateDecompress
                0x80007228                jpeg_has_multiple_scans
                0x80006d6c                jpeg_consume_input
                0x800071a8                jpeg_input_complete
                0x800070bc                jpeg_read_header
                0x800072a8                jpeg_finish_decompress
 .text          0x800073dc      0x78c d:/devkitPro/libogc/lib/wii\libjpeg.a(jdapistd.o)
                0x80007734                jpeg_read_scanlines
                0x80007588                jpeg_start_decompress
                0x80007858                jpeg_read_raw_data
                0x80007a70                jpeg_finish_output
                0x800079c4                jpeg_start_output
 .text          0x80007b68      0x7f8 d:/devkitPro/libogc/lib/wii\libjpeg.a(jdinput.o)
                0x800082d8                jinit_input_controller
 .text          0x80008360     0x2734 d:/devkitPro/libogc/lib/wii\libjpeg.a(jdmarker.o)
                0x8000aa10                jpeg_set_marker_processor
                0x8000a5fc                jpeg_resync_to_restart
                0x8000a824                jinit_marker_reader
                0x8000a8d8                jpeg_save_markers
 .text          0x8000aa94      0xae8 d:/devkitPro/libogc/lib/wii\libjpeg.a(jdmaster.o)
                0x8000b1b8                jinit_master_decompress
                0x8000ab68                jpeg_calc_output_dimensions
                0x8000b0e0                jpeg_new_colormap
 .text          0x8000b57c      0x6d8 d:/devkitPro/libogc/lib/wii\libjpeg.a(jdmerge.o)
                0x8000ba6c                jinit_merged_upsampler
 .text          0x8000bc54     0x10f4 d:/devkitPro/libogc/lib/wii\libjpeg.a(jdphuff.o)
                0x8000cc80                jinit_phuff_decoder
 .text          0x8000cd48      0x5d4 d:/devkitPro/libogc/lib/wii\libjpeg.a(jdpostct.o)
                0x8000d204                jinit_d_post_controller
 .text          0x8000d31c      0x95c d:/devkitPro/libogc/lib/wii\libjpeg.a(jdsample.o)
                0x8000d97c                jinit_upsampler
 .text          0x8000dc78      0x2b8 d:/devkitPro/libogc/lib/wii\libjpeg.a(jerror.o)
                0x8000dec0                jpeg_std_error
 .text          0x8000df30     0x1524 d:/devkitPro/libogc/lib/wii\libjpeg.a(jmemmgr.o)
                0x8000f290                jinit_memory_mgr
 .text          0x8000f454       0xd8 d:/devkitPro/libogc/lib/wii\libjpeg.a(jmemnobs.o)
                0x8000f454                jpeg_get_small
                0x8000f520                jpeg_mem_init
                0x8000f4ec                jpeg_open_backing_store
                0x8000f528                jpeg_mem_term
                0x8000f4e4                jpeg_mem_available
                0x8000f49c                jpeg_get_large
                0x8000f4c0                jpeg_free_large
                0x8000f478                jpeg_free_small
 .text          0x8000f52c      0xf70 d:/devkitPro/libogc/lib/wii\libjpeg.a(jquant1.o)
                0x800100dc                jinit_1pass_quantizer
 .text          0x8001049c     0x16dc d:/devkitPro/libogc/lib/wii\libjpeg.a(jquant2.o)
                0x80011938                jinit_2pass_quantizer
 .text          0x80011b78       0xf4 d:/devkitPro/libogc/lib/wii\libjpeg.a(jutils.o)
                0x80011b88                jround_up
                0x80011b78                jdiv_round_up
                0x80011b9c                jcopy_sample_rows
                0x80011c44                jzero_far
                0x80011c14                jcopy_block_row
 .text          0x80011c6c      0x198 d:/devkitPro/libogc/lib/wii\libjpeg.a(jcomapi.o)
                0x80011d20                jpeg_destroy
                0x80011dc8                jpeg_alloc_huff_table
                0x80011c6c                jpeg_abort
                0x80011d8c                jpeg_alloc_quant_table
 .text          0x80011e04     0x12cc d:/devkitPro/libogc/lib/wii\libjpeg.a(jdcoefct.o)
                0x80012efc                jinit_d_coef_controller
 .text          0x800130d0      0x708 d:/devkitPro/libogc/lib/wii\libjpeg.a(jdcolor.o)
                0x80013598                jinit_color_deconverter
 .text          0x800137d8      0x3d0 d:/devkitPro/libogc/lib/wii\libjpeg.a(jddctmgr.o)
                0x80013ad4                jinit_inverse_dct
 .text          0x80013ba8      0xf28 d:/devkitPro/libogc/lib/wii\libjpeg.a(jdhuff.o)
                0x80013ba8                jpeg_make_d_derived_tbl
                0x80014348                jpeg_huff_decode
                0x80014188                jpeg_fill_bit_buffer
                0x80014a58                jinit_huff_decoder
 .text          0x80014ad0      0x960 d:/devkitPro/libogc/lib/wii\libjpeg.a(jdmainct.o)
                0x800151a8                jinit_d_main_controller
 .text          0x80015430      0x514 d:/devkitPro/libogc/lib/wii\libjpeg.a(jidctflt.o)
                0x80015430                jpeg_idct_float
 .text          0x80015944      0x448 d:/devkitPro/libogc/lib/wii\libjpeg.a(jidctfst.o)
                0x80015944                jpeg_idct_ifast
 .text          0x80015d8c      0x520 d:/devkitPro/libogc/lib/wii\libjpeg.a(jidctint.o)
                0x80015d8c                jpeg_idct_islow
 .text          0x800162ac      0x5e8 d:/devkitPro/libogc/lib/wii\libjpeg.a(jidctred.o)
                0x80016864                jpeg_idct_1x1
                0x80016600                jpeg_idct_2x2
                0x800162ac                jpeg_idct_4x4
 *fill*         0x80016894        0xc 00000000
 .text          0x800168a0      0x4ec d:/devkitPro/libogc/lib/wii\libogc.a(lwp_handler.o)
                0x800169e0                _cpu_context_restore_fp
                0x80016ca0                _cpu_context_save
                0x800168a0                _cpu_context_save_fp
                0x80016b20                _cpu_context_switch
                0x80016d20                _cpu_context_restore
 .text          0x80016d8c      0x4d8 d:/devkitPro/libogc/lib/wii\libogc.a(cache_asm.o)
                0x80017068                L2Disable
                0x80016df0                DCBlockZero
                0x80016ea8                DCFlushRangeNoSync
                0x80016ffc                ICBlockInvalidate
                0x80016d8c                DCFlashInvalidate
                0x80016df8                DCBlockStore
                0x80016f08                DCZeroRange
                0x8001721c                LCLoadBlocks
                0x80016de8                DCTouchLoad
                0x800171dc                LCAllocTags
                0x80016fc4                ICDisable
                0x80016fb0                ICEnable
                0x80017080                L2GlobalInvalidate
                0x80017240                LCStoreBlocks
                0x80016fa0                ICFlashInvalidate
                0x80016f38                DCTouchRange
                0x80016ed8                DCStoreRangeNoSync
                0x80016fd8                ICFreeze
                0x80016db0                DCDisable
                0x80016e00                DCBlockFlush
                0x80016d9c                DCEnable
                0x80017054                L2Enable
                0x800170d8                __LCEnable
                0x80016e10                DCInvalidateRange
                0x800171c8                LCAllocOneTag
                0x80016dd8                DCUnfreeze
                0x80016f68                ICInvalidateRange
                0x80016e40                DCFlushRange
                0x80017004                ICSync
                0x80016e08                DCBlockInvalidate
                0x80016dc4                DCFreeze
                0x8001700c                L2Init
                0x80016fec                ICUnfreeze
                0x80016e74                DCStoreRange
                0x800171a0                LCDisable
 .text          0x80017264      0x518 d:/devkitPro/libogc/lib/wii\libogc.a(system_asm.o)
                0x80017434                __configMEM1_48Mb
                0x800176c4                __reset
                0x80017264                __realmode
                0x800175a8                __CacheInit
                0x800174a8                __configMEM2_64Mb
                0x8001760c                __SystemInit
                0x8001750c                __configMEM2_128Mb
                0x800173c0                __configMEM1_24Mb
                0x80017570                __PSInit
                0x80017764                InitBATS
                0x8001727c                __configBATS
                0x80017690                __flush_cache
                0x80017734                SYS_SwitchFiber
 .text          0x8001777c      0x934 d:/devkitPro/libogc/lib/wii\libogc.a(gu_psasm.o)
                0x8001777c                ps_guMtxConcat
                0x80017c44                ps_guMtxApplyTrans
                0x80017e48                ps_guMtxReflect
                0x80017f24                ps_guVecNormalize
                0x80017fac                ps_guVecDotProduct
                0x80017d80                __ps_guMtxRotAxisRadInternal
                0x80017a00                ps_guMtxInvXpos
                0x80017fcc                ps_guVecMultiply
                0x80018090                ps_guQuatDotProduct
                0x80017f70                ps_guVecCross
                0x80018020                ps_guVecMultiplySR
                0x80017848                ps_guMtxIdentity
                0x80017cc8                ps_guMtxRotTrig
                0x80017ec0                ps_guVecAdd
                0x80017b50                ps_guMtxApplyScale
                0x80017f08                ps_guVecScale
                0x80017ac8                ps_guMtxScale
                0x8001787c                ps_guMtxCopy
                0x80017af8                ps_guMtxScaleApply
                0x800178b0                ps_guMtxTranspose
                0x80017908                ps_guMtxInverse
                0x80017bbc                ps_guMtxTrans
                0x80017bf8                ps_guMtxTransApply
                0x80017ee4                ps_guVecSub
 .text          0x800180b0      0x1b0 d:/devkitPro/libogc/lib/wii\libogc.a(irq_handler.o)
                0x800180b0                irq_exceptionhandler
 .text          0x80018260      0x1b0 d:/devkitPro/libogc/lib/wii\libogc.a(decrementer_handler.o)
                0x80018260                dec_exceptionhandler
 .text          0x80018410      0x35c d:/devkitPro/libogc/lib/wii\libogc.a(exception_handler.o)
                0x80018410                exceptionhandler_start
                0x800184c4                default_exceptionhandler
                0x80018768                systemcallhandler_end
                0x8001873c                systemcallhandler_start
                0x800184c0                exceptionhandler_end
                0x8001848c                exceptionhandler_patch
                0x80018604                fpu_exceptionhandler
 .text          0x8001876c       0x34 d:/devkitpro/devkitppc/bin/../lib/gcc/powerpc-gekko/4.2.4/../../../../powerpc-gekko/lib\libm.a(lib_a-s_atan2.o)
                0x8001876c                atan2
 .text          0x800187a0      0x284 d:/devkitpro/devkitppc/bin/../lib/gcc/powerpc-gekko/4.2.4/../../../../powerpc-gekko/lib\libm.a(lib_a-s_atangent.o)
                0x800187a0                atangent
 .text          0x80018a24       0x24 d:/devkitpro/devkitppc/bin/../lib/gcc/powerpc-gekko/4.2.4/../../../../powerpc-gekko/lib\libm.a(lib_a-s_cos.o)
                0x80018a24                cos
 .text          0x80018a48       0xb4 d:/devkitpro/devkitppc/bin/../lib/gcc/powerpc-gekko/4.2.4/../../../../powerpc-gekko/lib\libm.a(lib_a-s_fabs.o)
                0x80018a48                fabs
 .text          0x80018afc       0xb4 d:/devkitpro/devkitppc/bin/../lib/gcc/powerpc-gekko/4.2.4/../../../../powerpc-gekko/lib\libm.a(lib_a-s_frexp.o)
                0x80018afc                frexp
 .text          0x80018bb0       0x50 d:/devkitpro/devkitppc/bin/../lib/gcc/powerpc-gekko/4.2.4/../../../../powerpc-gekko/lib\libm.a(lib_a-s_numtest.o)
                0x80018bb0                numtest
 .text          0x80018c00      0x290 d:/devkitpro/devkitppc/bin/../lib/gcc/powerpc-gekko/4.2.4/../../../../powerpc-gekko/lib\libm.a(lib_a-s_pow.o)
                0x80018c00                pow
 .text          0x80018e90       0x24 d:/devkitpro/devkitppc/bin/../lib/gcc/powerpc-gekko/4.2.4/../../../../powerpc-gekko/lib\libm.a(lib_a-s_sin.o)
                0x80018e90                sin
 .text          0x80018eb4      0x2c4 d:/devkitpro/devkitppc/bin/../lib/gcc/powerpc-gekko/4.2.4/../../../../powerpc-gekko/lib\libm.a(lib_a-s_sine.o)
                0x80018eb4                sine
 .text          0x80019178      0x184 d:/devkitpro/devkitppc/bin/../lib/gcc/powerpc-gekko/4.2.4/../../../../powerpc-gekko/lib\libm.a(lib_a-s_sqrt.o)
                0x80019178                sqrt
 .text          0x800192fc       0xc8 d:/devkitpro/devkitppc/bin/../lib/gcc/powerpc-gekko/4.2.4/../../../../powerpc-gekko/lib\libm.a(lib_a-sf_atan.o)
                0x800192fc                atanf
 .text          0x800193c4       0x38 d:/devkitpro/devkitppc/bin/../lib/gcc/powerpc-gekko/4.2.4/../../../../powerpc-gekko/lib\libm.a(lib_a-sf_atan2.o)
                0x800193c4                atan2f
 .text          0x800193fc      0x250 d:/devkitpro/devkitppc/bin/../lib/gcc/powerpc-gekko/4.2.4/../../../../powerpc-gekko/lib\libm.a(lib_a-sf_atangent.o)
                0x800193fc                atangentf
 .text          0x8001964c       0x24 d:/devkitpro/devkitppc/bin/../lib/gcc/powerpc-gekko/4.2.4/../../../../powerpc-gekko/lib\libm.a(lib_a-sf_cos.o)
                0x8001964c                cosf
 .text          0x80019670       0xb4 d:/devkitpro/devkitppc/bin/../lib/gcc/powerpc-gekko/4.2.4/../../../../powerpc-gekko/lib\libm.a(lib_a-sf_fabs.o)
                0x80019670                fabsf
 .text          0x80019724       0xa8 d:/devkitpro/devkitppc/bin/../lib/gcc/powerpc-gekko/4.2.4/../../../../powerpc-gekko/lib\libm.a(lib_a-sf_fpclassify.o)
                0x80019724                __fpclassifyf
 .text          0x800197cc       0x90 d:/devkitpro/devkitppc/bin/../lib/gcc/powerpc-gekko/4.2.4/../../../../powerpc-gekko/lib\libm.a(lib_a-sf_frexp.o)
                0x800197cc                frexpf
 .text          0x8001985c       0x24 d:/devkitpro/devkitppc/bin/../lib/gcc/powerpc-gekko/4.2.4/../../../../powerpc-gekko/lib\libm.a(lib_a-sf_isinff.o)
                0x8001985c                __isinff
 .text          0x80019880       0x28 d:/devkitpro/devkitppc/bin/../lib/gcc/powerpc-gekko/4.2.4/../../../../powerpc-gekko/lib\libm.a(lib_a-sf_isnanf.o)
                0x80019880                __isnanf
 .text          0x800198a8       0x48 d:/devkitpro/devkitppc/bin/../lib/gcc/powerpc-gekko/4.2.4/../../../../powerpc-gekko/lib\libm.a(lib_a-sf_numtest.o)
                0x800198a8                numtestf
 .text          0x800198f0       0x24 d:/devkitpro/devkitppc/bin/../lib/gcc/powerpc-gekko/4.2.4/../../../../powerpc-gekko/lib\libm.a(lib_a-sf_sin.o)
                0x800198f0                sinf
 .text          0x80019914      0x2b8 d:/devkitpro/devkitppc/bin/../lib/gcc/powerpc-gekko/4.2.4/../../../../powerpc-gekko/lib\libm.a(lib_a-sf_sine.o)
                0x80019914                sinef
 .text          0x80019bcc      0x190 d:/devkitpro/devkitppc/bin/../lib/gcc/powerpc-gekko/4.2.4/../../../../powerpc-gekko/lib\libm.a(lib_a-sf_sqrt.o)
                0x80019bcc                sqrtf
 .text          0x80019d5c      0x218 d:/devkitpro/devkitppc/bin/../lib/gcc/powerpc-gekko/4.2.4/../../../../powerpc-gekko/lib\libm.a(lib_a-s_exp.o)
                0x80019d5c                exp
 .text          0x80019f74       0x1c d:/devkitpro/devkitppc/bin/../lib/gcc/powerpc-gekko/4.2.4/../../../../powerpc-gekko/lib\libm.a(lib_a-s_ispos.o)
                0x80019f74                ispos
 .text          0x80019f90      0x154 d:/devkitpro/devkitppc/bin/../lib/gcc/powerpc-gekko/4.2.4/../../../../powerpc-gekko/lib\libm.a(lib_a-s_ldexp.o)
                0x80019f90                ldexp
 .text          0x8001a0e4       0x24 d:/devkitpro/devkitppc/bin/../lib/gcc/powerpc-gekko/4.2.4/../../../../powerpc-gekko/lib\libm.a(lib_a-s_log.o)
                0x8001a0e4                log
 .text          0x8001a108      0x200 d:/devkitpro/devkitppc/bin/../lib/gcc/powerpc-gekko/4.2.4/../../../../powerpc-gekko/lib\libm.a(lib_a-s_logarithm.o)
                0x8001a108                logarithm
 .text          0x8001a308      0x244 d:/devkitpro/devkitppc/bin/../lib/gcc/powerpc-gekko/4.2.4/../../../../powerpc-gekko/lib\libm.a(lib_a-s_modf.o)
                0x8001a308                modf
 .text          0x8001a54c       0x1c d:/devkitpro/devkitppc/bin/../lib/gcc/powerpc-gekko/4.2.4/../../../../powerpc-gekko/lib\libm.a(lib_a-sf_ispos.o)
                0x8001a54c                isposf
 .text          0x8001a568      0x14c d:/devkitpro/devkitppc/bin/../lib/gcc/powerpc-gekko/4.2.4/../../../../powerpc-gekko/lib\libm.a(lib_a-sf_ldexp.o)
                0x8001a568                ldexpf
 .text          0x8001a6b4       0xc8 d:/devkitpro/devkitppc/bin/../lib/gcc/powerpc-gekko/4.2.4/../../../../powerpc-gekko/lib\libm.a(lib_a-s_fpclassify.o)
                0x8001a6b4                __fpclassifyd
 .text          0x8001a77c       0x38 d:/devkitpro/devkitppc/bin/../lib/gcc/powerpc-gekko/4.2.4/../../../../powerpc-gekko/lib\libm.a(lib_a-s_isnand.o)
                0x8001a77c                __isnand
 .text          0x8001a7b4      0x408 d:/devkitpro/devkitppc/bin/../lib/gcc/powerpc-gekko/4.2.4\libgcc.a(_udivdi3.o)
                0x8001a7b4                __udivdi3
 .text          0x8001abbc       0x28 d:/devkitpro/devkitppc/bin/../lib/gcc/powerpc-gekko/4.2.4/../../../../powerpc-gekko/lib\libsysbase.a(abort.o)
                0x8001abbc                abort
 .text          0x8001abe4      0x2c4 d:/devkitpro/devkitppc/bin/../lib/gcc/powerpc-gekko/4.2.4/../../../../powerpc-gekko/lib\libsysbase.a(iosupport.o)
                0x8001ae58                RemoveDevice
                0x8001abe4                setDefaultDevice
                0x8001abfc                AddDevice
                0x8001ae14                GetDeviceOpTab
                0x8001ad24                FindDevice
 .text          0x8001aea8       0x28 d:/devkitpro/devkitppc/bin/../lib/gcc/powerpc-gekko/4.2.4/../../../../powerpc-gekko/lib\libsysbase.a(_exit.o)
                0x8001aea8                _exit
 .text          0x8001aed0      0x510 d:/devkitpro/devkitppc/bin/../lib/gcc/powerpc-gekko/4.2.4/../../../../powerpc-gekko/lib\libsysbase.a(chdir.o)
                0x8001b258                chdir
                0x8001aed0                getcwd
                0x8001afb4                _concatenate_path
 .text          0x8001b3e0       0x9c d:/devkitpro/devkitppc/bin/../lib/gcc/powerpc-gekko/4.2.4/../../../../powerpc-gekko/lib\libsysbase.a(build_argv.o)
                0x8001b3e0                build_argv
 .text          0x8001b47c      0x168 d:/devkitpro/devkitppc/bin/../lib/gcc/powerpc-gekko/4.2.4/../../../../powerpc-gekko/lib\libsysbase.a(syscall_support.o)
                0x8001b5b0                __malloc_unlock
                0x8001b4fc                __libc_lock_release
                0x8001b47c                __libc_lock_init
                0x8001b57c                __malloc_lock
                0x8001b4bc                __libc_lock_close
                0x8001b53c                __libc_lock_acquire
 .text          0x8001b5e4       0x2c d:/devkitpro/devkitppc/bin/../lib/gcc/powerpc-gekko/4.2.4/../../../../powerpc-gekko/lib\libc.a(lib_a-asctime.o)
                0x8001b5e4                asctime
 .text          0x8001b610       0x88 d:/devkitpro/devkitppc/bin/../lib/gcc/powerpc-gekko/4.2.4/../../../../powerpc-gekko/lib\libc.a(lib_a-asctime_r.o)
                0x8001b610                asctime_r
 .text          0x8001b698       0x30 d:/devkitpro/devkitppc/bin/../lib/gcc/powerpc-gekko/4.2.4/../../../../powerpc-gekko/lib\libc.a(lib_a-atexit.o)
                0x8001b698                atexit
 .text          0x8001b6c8       0x34 d:/devkitpro/devkitppc/bin/../lib/gcc/powerpc-gekko/4.2.4/../../../../powerpc-gekko/lib\libc.a(lib_a-calloc.o)
                0x8001b6c8                calloc
 .text          0x8001b6fc       0xd0 d:/devkitpro/devkitppc/bin/../lib/gcc/powerpc-gekko/4.2.4/../../../../powerpc-gekko/lib\libc.a(lib_a-callocr.o)
                0x8001b6fc                _calloc_r
 .text          0x8001b7cc        0xc d:/devkitpro/devkitppc/bin/../lib/gcc/powerpc-gekko/4.2.4/../../../../powerpc-gekko/lib\libc.a(lib_a-errno.o)
                0x8001b7cc                __errno
 .text          0x8001b7d8       0x40 d:/devkitpro/devkitppc/bin/../lib/gcc/powerpc-gekko/4.2.4/../../../../powerpc-gekko/lib\libc.a(lib_a-exit.o)
                0x8001b7d8                exit
 .text          0x8001b818      0x188 d:/devkitpro/devkitppc/bin/../lib/gcc/powerpc-gekko/4.2.4/../../../../powerpc-gekko/lib\libc.a(lib_a-fclose.o)
                0x8001b818                _fclose_r
                0x8001b990                fclose
 .text          0x8001b9a0      0x370 d:/devkitpro/devkitppc/bin/../lib/gcc/powerpc-gekko/4.2.4/../../../../powerpc-gekko/lib\libc.a(lib_a-fflush.o)
                0x8001bcc0                fflush
                0x8001b9a0                _fflush_r
 .text          0x8001bd10      0x4e0 d:/devkitpro/devkitppc/bin/../lib/gcc/powerpc-gekko/4.2.4/../../../../powerpc-gekko/lib\libc.a(lib_a-findfp.o)
                0x8001bfa0                __sinit
                0x8001c03c                __sfmoreglue
                0x8001bd38                _cleanup
                0x8001bd10                _cleanup_r
                0x8001becc                __fp_lock_all
                0x8001be7c                __sfp_lock_acquire
                0x8001c0b4                __sfp
                0x8001bda4                __sinit_lock_release
                0x8001bdf8                __fp_unlock_all
                0x8001bdcc                __sfp_lock_release
                0x8001be30                __sinit_lock_acquire
 .text          0x8001c1f0      0x154 d:/devkitpro/devkitppc/bin/../lib/gcc/powerpc-gekko/4.2.4/../../../../powerpc-gekko/lib\libc.a(lib_a-fopen.o)
                0x8001c32c                fopen
                0x8001c1f0                _fopen_r
 .text          0x8001c344      0x110 d:/devkitpro/devkitppc/bin/../lib/gcc/powerpc-gekko/4.2.4/../../../../powerpc-gekko/lib\libc.a(lib_a-fprintf.o)
                0x8001c344                fprintf
                0x8001c3d8                _fprintf_r
 .text          0x8001c454      0x420 d:/devkitpro/devkitppc/bin/../lib/gcc/powerpc-gekko/4.2.4/../../../../powerpc-gekko/lib\libc.a(lib_a-fread.o)
                0x8001c84c                fread
                0x8001c454                _fread_r
 .text          0x8001c874      0x3f8 d:/devkitpro/devkitppc/bin/../lib/gcc/powerpc-gekko/4.2.4/../../../../powerpc-gekko/lib\libc.a(lib_a-freer.o)
                0x8001c990                _free_r
                0x8001c874                _malloc_trim_r
 .text          0x8001cc6c      0x6ac d:/devkitpro/devkitppc/bin/../lib/gcc/powerpc-gekko/4.2.4/../../../../powerpc-gekko/lib\libc.a(lib_a-fseek.o)
                0x8001d2f8                fseek
                0x8001cc6c                _fseek_r
 .text          0x8001d318      0x194 d:/devkitpro/devkitppc/bin/../lib/gcc/powerpc-gekko/4.2.4/../../../../powerpc-gekko/lib\libc.a(lib_a-fwalk.o)
                0x8001d3e8                _fwalk
                0x8001d318                _fwalk_reent
 .text          0x8001d4ac      0x1a4 d:/devkitpro/devkitppc/bin/../lib/gcc/powerpc-gekko/4.2.4/../../../../powerpc-gekko/lib\libc.a(lib_a-fwrite.o)
                0x8001d4ac                _fwrite_r
                0x8001d628                fwrite
 .text          0x8001d650       0x64 d:/devkitpro/devkitppc/bin/../lib/gcc/powerpc-gekko/4.2.4/../../../../powerpc-gekko/lib\libc.a(lib_a-getenv.o)
                0x8001d650                getenv
                0x8001d680                _findenv
 .text          0x8001d6b4      0x168 d:/devkitpro/devkitppc/bin/../lib/gcc/powerpc-gekko/4.2.4/../../../../powerpc-gekko/lib\libc.a(lib_a-getenv_r.o)
                0x8001d6b4                _findenv_r
                0x8001d7f8                _getenv_r
 .text          0x8001d81c       0x2c d:/devkitpro/devkitppc/bin/../lib/gcc/powerpc-gekko/4.2.4/../../../../powerpc-gekko/lib\libc.a(lib_a-lcltime.o)
                0x8001d81c                localtime
 .text          0x8001d848       0x24 d:/devkitpro/devkitppc/bin/../lib/gcc/powerpc-gekko/4.2.4/../../../../powerpc-gekko/lib\libc.a(lib_a-lcltime_r.o)
                0x8001d848                localtime_r
 .text          0x8001d86c      0x4c4 d:/devkitpro/devkitppc/bin/../lib/gcc/powerpc-gekko/4.2.4/../../../../powerpc-gekko/lib\libc.a(lib_a-locale.o)
                0x8001d890                _setlocale_r
                0x8001d86c                __locale_charset
                0x8001d878                _localeconv_r
                0x8001dd18                setlocale
                0x8001d884                localeconv
 .text          0x8001dd30      0x1c0 d:/devkitpro/devkitppc/bin/../lib/gcc/powerpc-gekko/4.2.4/../../../../powerpc-gekko/lib\libc.a(lib_a-makebuf.o)
                0x8001dd30                __smakebuf_r
 .text          0x8001def0       0x34 d:/devkitpro/devkitppc/bin/../lib/gcc/powerpc-gekko/4.2.4/../../../../powerpc-gekko/lib\libc.a(lib_a-malign.o)
                0x8001def0                memalign
 .text          0x8001df24      0x1b0 d:/devkitpro/devkitppc/bin/../lib/gcc/powerpc-gekko/4.2.4/../../../../powerpc-gekko/lib\libc.a(lib_a-malignr.o)
                0x8001df24                _memalign_r
 .text          0x8001e0d4       0x58 d:/devkitpro/devkitppc/bin/../lib/gcc/powerpc-gekko/4.2.4/../../../../powerpc-gekko/lib\libc.a(lib_a-malloc.o)
                0x8001e100                malloc
                0x8001e0d4                free
 .text          0x8001e12c      0x86c d:/devkitpro/devkitppc/bin/../lib/gcc/powerpc-gekko/4.2.4/../../../../powerpc-gekko/lib\libc.a(lib_a-mallocr.o)
                0x8001e12c                _malloc_r
 .text          0x8001e998       0xb4 d:/devkitpro/devkitppc/bin/../lib/gcc/powerpc-gekko/4.2.4/../../../../powerpc-gekko/lib\libc.a(lib_a-mbrtowc.o)
                0x8001ea24                mbrtowc
                0x8001e998                _mbrtowc_r
 .text          0x8001ea4c      0x1d4 d:/devkitpro/devkitppc/bin/../lib/gcc/powerpc-gekko/4.2.4/../../../../powerpc-gekko/lib\libc.a(lib_a-mbsrtowcs.o)
                0x8001ebf8                mbsrtowcs
                0x8001ea4c                _mbsrtowcs_r
 .text          0x8001ec20      0x9a8 d:/devkitpro/devkitppc/bin/../lib/gcc/powerpc-gekko/4.2.4/../../../../powerpc-gekko/lib\libc.a(lib_a-mbtowc_r.o)
                0x8001ec20                _mbtowc_r
 .text          0x8001f5c8       0x8c d:/devkitpro/devkitppc/bin/../lib/gcc/powerpc-gekko/4.2.4/../../../../powerpc-gekko/lib\libc.a(lib_a-memcmp.o)
                0x8001f5c8                memcmp
 .text          0x8001f654       0xc8 d:/devkitpro/devkitppc/bin/../lib/gcc/powerpc-gekko/4.2.4/../../../../powerpc-gekko/lib\libc.a(lib_a-memcpy.o)
                0x8001f654                memcpy
 .text          0x8001f71c      0x104 d:/devkitpro/devkitppc/bin/../lib/gcc/powerpc-gekko/4.2.4/../../../../powerpc-gekko/lib\libc.a(lib_a-memmove.o)
                0x8001f71c                memmove
 .text          0x8001f820       0xe4 d:/devkitpro/devkitppc/bin/../lib/gcc/powerpc-gekko/4.2.4/../../../../powerpc-gekko/lib\libc.a(lib_a-memset.o)
                0x8001f820                memset
 .text          0x8001f904      0x740 d:/devkitpro/devkitppc/bin/../lib/gcc/powerpc-gekko/4.2.4/../../../../powerpc-gekko/lib\libc.a(lib_a-mktime.o)
                0x8001fc54                mktime
 .text          0x80020044      0x870 d:/devkitpro/devkitppc/bin/../lib/gcc/powerpc-gekko/4.2.4/../../../../powerpc-gekko/lib\libc.a(lib_a-mktm_r.o)
                0x80020044                __tzcalc_limits
                0x800202b8                _mktm_r
 .text          0x800208b4      0x124 d:/devkitpro/devkitppc/bin/../lib/gcc/powerpc-gekko/4.2.4/../../../../powerpc-gekko/lib\libc.a(lib_a-printf.o)
                0x800208b4                printf
                0x8002094c                _printf_r
 .text          0x800209d8       0xd0 d:/devkitpro/devkitppc/bin/../lib/gcc/powerpc-gekko/4.2.4/../../../../powerpc-gekko/lib\libc.a(lib_a-puts.o)
                0x800209d8                _puts_r
                0x80020a98                puts
 .text          0x80020aa8      0x248 d:/devkitpro/devkitppc/bin/../lib/gcc/powerpc-gekko/4.2.4/../../../../powerpc-gekko/lib\libc.a(lib_a-reent.o)
                0x80020b68                cleanup_glue
                0x80020bb8                _reclaim_reent
                0x80020aa8                _wrapup_reent
 .text          0x80020cf0      0x264 d:/devkitpro/devkitppc/bin/../lib/gcc/powerpc-gekko/4.2.4/../../../../powerpc-gekko/lib\libc.a(lib_a-refill.o)
                0x80020cf0                __srefill_r
 .text          0x80020f54      0x180 d:/devkitpro/devkitppc/bin/../lib/gcc/powerpc-gekko/4.2.4/../../../../powerpc-gekko/lib\libc.a(lib_a-setjmp.o)
                0x80021010                longjmp
                0x80020f54                setjmp
 .text          0x800210d4      0x2cc d:/devkitpro/devkitppc/bin/../lib/gcc/powerpc-gekko/4.2.4/../../../../powerpc-gekko/lib\libc.a(lib_a-setvbuf.o)
                0x800210d4                setvbuf
 .text          0x800213a0      0x188 d:/devkitpro/devkitppc/bin/../lib/gcc/powerpc-gekko/4.2.4/../../../../powerpc-gekko/lib\libc.a(lib_a-siprintf.o)
                0x8002146c                _siprintf_r
                0x800213a0                siprintf
 .text          0x80021528      0x230 d:/devkitpro/devkitppc/bin/../lib/gcc/powerpc-gekko/4.2.4/../../../../powerpc-gekko/lib\libc.a(lib_a-snprintf.o)
                0x80021528                snprintf
                0x80021640                _snprintf_r
 .text          0x80021758      0x188 d:/devkitpro/devkitppc/bin/../lib/gcc/powerpc-gekko/4.2.4/../../../../powerpc-gekko/lib\libc.a(lib_a-sprintf.o)
                0x80021824                _sprintf_r
                0x80021758                sprintf
 .text          0x800218e0      0x1c4 d:/devkitpro/devkitppc/bin/../lib/gcc/powerpc-gekko/4.2.4/../../../../powerpc-gekko/lib\libc.a(lib_a-sscanf.o)
                0x800219c8                sscanf
                0x800218e8                _sscanf_r
 .text          0x80021aa4      0x184 d:/devkitpro/devkitppc/bin/../lib/gcc/powerpc-gekko/4.2.4/../../../../powerpc-gekko/lib\libc.a(lib_a-stdio.o)
                0x80021ac8                __sseek
                0x80021bc4                __sread
                0x80021aa4                __sclose
                0x80021b38                __swrite
 .text          0x80021c28       0xb8 d:/devkitpro/devkitppc/bin/../lib/gcc/powerpc-gekko/4.2.4/../../../../powerpc-gekko/lib\libc.a(lib_a-strcasecmp.o)
                0x80021c28                strcasecmp
 .text          0x80021ce0      0x188 d:/devkitpro/devkitppc/bin/../lib/gcc/powerpc-gekko/4.2.4/../../../../powerpc-gekko/lib\libc.a(lib_a-strchr.o)
                0x80021ce0                strchr
 .text          0x80021e68       0xc0 d:/devkitpro/devkitppc/bin/../lib/gcc/powerpc-gekko/4.2.4/../../../../powerpc-gekko/lib\libc.a(lib_a-strcmp.o)
                0x80021e68                strcmp
 .text          0x80021f28       0x74 d:/devkitpro/devkitppc/bin/../lib/gcc/powerpc-gekko/4.2.4/../../../../powerpc-gekko/lib\libc.a(lib_a-strcpy.o)
                0x80021f28                strcpy
 .text          0x80021f9c     0x105c d:/devkitpro/devkitppc/bin/../lib/gcc/powerpc-gekko/4.2.4/../../../../powerpc-gekko/lib\libc.a(lib_a-strftime.o)
                0x800220e4                strftime
 .text          0x80022ff8       0xa4 d:/devkitpro/devkitppc/bin/../lib/gcc/powerpc-gekko/4.2.4/../../../../powerpc-gekko/lib\libc.a(lib_a-strlen.o)
                0x80022ff8                strlen
 .text          0x8002309c       0xe0 d:/devkitpro/devkitppc/bin/../lib/gcc/powerpc-gekko/4.2.4/../../../../powerpc-gekko/lib\libc.a(lib_a-strncasecmp.o)
                0x8002309c                strncasecmp
 .text          0x8002317c      0x144 d:/devkitpro/devkitppc/bin/../lib/gcc/powerpc-gekko/4.2.4/../../../../powerpc-gekko/lib\libc.a(lib_a-strncmp.o)
                0x8002317c                strncmp
 .text          0x800232c0       0xdc d:/devkitpro/devkitppc/bin/../lib/gcc/powerpc-gekko/4.2.4/../../../../powerpc-gekko/lib\libc.a(lib_a-strncpy.o)
                0x800232c0                strncpy
 .text          0x8002339c       0x44 d:/devkitpro/devkitppc/bin/../lib/gcc/powerpc-gekko/4.2.4/../../../../powerpc-gekko/lib\libc.a(lib_a-strnlen.o)
                0x8002339c                strnlen
 .text          0x800233e0       0x50 d:/devkitpro/devkitppc/bin/../lib/gcc/powerpc-gekko/4.2.4/../../../../powerpc-gekko/lib\libc.a(lib_a-strpbrk.o)
                0x800233e0                strpbrk
 .text          0x80023430       0x84 d:/devkitpro/devkitppc/bin/../lib/gcc/powerpc-gekko/4.2.4/../../../../powerpc-gekko/lib\libc.a(lib_a-strrchr.o)
                0x80023430                strrchr
 .text          0x800234b4     0x13c0 d:/devkitpro/devkitppc/bin/../lib/gcc/powerpc-gekko/4.2.4/../../../../powerpc-gekko/lib\libc.a(lib_a-strtod.o)
                0x80023500                _strtod_r
                0x8002485c                strtod
                0x800247f0                strtof
 .text          0x80024874      0x1f4 d:/devkitpro/devkitppc/bin/../lib/gcc/powerpc-gekko/4.2.4/../../../../powerpc-gekko/lib\libc.a(lib_a-strtoul.o)
                0x80024a48                strtoul
                0x80024874                _strtoul_r
 .text          0x80024a68      0x290 d:/devkitpro/devkitppc/bin/../lib/gcc/powerpc-gekko/4.2.4/../../../../powerpc-gekko/lib\libc.a(lib_a-strtoull_r.o)
                0x80024a68                _strtoull_r
 .text          0x80024cf8     0x1668 d:/devkitpro/devkitppc/bin/../lib/gcc/powerpc-gekko/4.2.4/../../../../powerpc-gekko/lib\libc.a(lib_a-svfiprintf.o)
                0x80024f10                _svfiprintf_r
 .text          0x80026360     0x23c8 d:/devkitpro/devkitppc/bin/../lib/gcc/powerpc-gekko/4.2.4/../../../../powerpc-gekko/lib\libc.a(lib_a-svfprintf.o)
                0x80026578                _svfprintf_r
 .text          0x80028728     0x15e0 d:/devkitpro/devkitppc/bin/../lib/gcc/powerpc-gekko/4.2.4/../../../../powerpc-gekko/lib\libc.a(lib_a-svfscanf.o)
                0x800288f4                __ssvfscanf_r
 .text          0x80029d08       0x3c d:/devkitpro/devkitppc/bin/../lib/gcc/powerpc-gekko/4.2.4/../../../../powerpc-gekko/lib\libc.a(lib_a-syswrite.o)
                0x80029d08                write
 .text          0x80029d44      0x724 d:/devkitpro/devkitppc/bin/../lib/gcc/powerpc-gekko/4.2.4/../../../../powerpc-gekko/lib\libc.a(lib_a-towlower.o)
                0x80029d44                towlower
 .text          0x8002a468      0x704 d:/devkitpro/devkitppc/bin/../lib/gcc/powerpc-gekko/4.2.4/../../../../powerpc-gekko/lib\libc.a(lib_a-towupper.o)
                0x8002a468                towupper
 .text          0x8002ab6c       0x74 d:/devkitpro/devkitppc/bin/../lib/gcc/powerpc-gekko/4.2.4/../../../../powerpc-gekko/lib\libc.a(lib_a-tzlock.o)
                0x8002ab6c                __tz_unlock
                0x8002ab94                __tz_lock
 .text          0x8002abe0      0x3a0 d:/devkitpro/devkitppc/bin/../lib/gcc/powerpc-gekko/4.2.4/../../../../powerpc-gekko/lib\libc.a(lib_a-ungetc.o)
                0x8002af68                ungetc
                0x8002abe0                __submore
                0x8002ad0c                _ungetc_r
 .text          0x8002af80     0x2360 d:/devkitpro/devkitppc/bin/../lib/gcc/powerpc-gekko/4.2.4/../../../../powerpc-gekko/lib\libc.a(lib_a-vfprintf.o)
                0x8002afe0                _vfprintf_r
                0x8002d2c0                vfprintf
 .text          0x8002d2e0       0x80 d:/devkitpro/devkitppc/bin/../lib/gcc/powerpc-gekko/4.2.4/../../../../powerpc-gekko/lib\libc.a(lib_a-vsprintf.o)
                0x8002d340                vsprintf
                0x8002d2e0                _vsprintf_r
 .text          0x8002d360       0xa4 d:/devkitpro/devkitppc/bin/../lib/gcc/powerpc-gekko/4.2.4/../../../../powerpc-gekko/lib\libc.a(lib_a-wcrtomb.o)
                0x8002d360                _wcrtomb_r
                0x8002d3e4                wcrtomb
 .text          0x8002d404      0x1d4 d:/devkitpro/devkitppc/bin/../lib/gcc/powerpc-gekko/4.2.4/../../../../powerpc-gekko/lib\libc.a(lib_a-wcsrtombs.o)
                0x8002d404                _wcsrtombs_r
                0x8002d5b0                wcsrtombs
 .text          0x8002d5d8       0x78 d:/devkitpro/devkitppc/bin/../lib/gcc/powerpc-gekko/4.2.4/../../../../powerpc-gekko/lib\libc.a(lib_a-wctob.o)
                0x8002d5d8                wctob
 .text          0x8002d650      0x464 d:/devkitpro/devkitppc/bin/../lib/gcc/powerpc-gekko/4.2.4/../../../../powerpc-gekko/lib\libc.a(lib_a-wctomb_r.o)
                0x8002d650                _wctomb_r
 .text          0x8002dab4      0x178 d:/devkitpro/devkitppc/bin/../lib/gcc/powerpc-gekko/4.2.4/../../../../powerpc-gekko/lib\libc.a(lib_a-wsetup.o)
                0x8002dab4                __swsetup_r
 .text          0x8002dc2c      0x174 d:/devkitpro/devkitppc/bin/../lib/gcc/powerpc-gekko/4.2.4/../../../../powerpc-gekko/lib\libc.a(lib_a-__atexit.o)
                0x8002dc2c                __register_exitproc
 .text          0x8002dda0      0x1ac d:/devkitpro/devkitppc/bin/../lib/gcc/powerpc-gekko/4.2.4/../../../../powerpc-gekko/lib\libc.a(lib_a-__call_atexit.o)
                0x8002dda0                __call_exitprocs
 .text          0x8002df4c       0x10 d:/devkitpro/devkitppc/bin/../lib/gcc/powerpc-gekko/4.2.4/../../../../powerpc-gekko/lib\libc.a(lib_a-abs.o)
                0x8002df4c                abs
 .text          0x8002df5c       0x54 d:/devkitpro/devkitppc/bin/../lib/gcc/powerpc-gekko/4.2.4/../../../../powerpc-gekko/lib\libc.a(lib_a-div.o)
                0x8002df5c                div
 .text          0x8002dfb0     0x13a0 d:/devkitpro/devkitppc/bin/../lib/gcc/powerpc-gekko/4.2.4/../../../../powerpc-gekko/lib\libc.a(lib_a-dtoa.o)
                0x8002e1fc                _dtoa_r
 .text          0x8002f350       0x74 d:/devkitpro/devkitppc/bin/../lib/gcc/powerpc-gekko/4.2.4/../../../../powerpc-gekko/lib\libc.a(lib_a-envlock.o)
                0x8002f350                __env_unlock
                0x8002f378                __env_lock
 .text          0x8002f3c4       0xa4 d:/devkitpro/devkitppc/bin/../lib/gcc/powerpc-gekko/4.2.4/../../../../powerpc-gekko/lib\libc.a(lib_a-flags.o)
                0x8002f3c4                __sflags
 .text          0x8002f468      0x528 d:/devkitpro/devkitppc/bin/../lib/gcc/powerpc-gekko/4.2.4/../../../../powerpc-gekko/lib\libc.a(lib_a-fvwrite.o)
                0x8002f468                __sfvwrite_r
 .text          0x8002f990      0x918 d:/devkitpro/devkitppc/bin/../lib/gcc/powerpc-gekko/4.2.4/../../../../powerpc-gekko/lib\libc.a(lib_a-gdtoa-gethex.o)
                0x8002f9c8                __hexdig_init
                0x8002fb24                __gethex
 .text          0x800302a8      0x328 d:/devkitpro/devkitppc/bin/../lib/gcc/powerpc-gekko/4.2.4/../../../../powerpc-gekko/lib\libc.a(lib_a-gdtoa-hexnan.o)
                0x800302dc                __hexnan
 .text          0x800305d0        0xc d:/devkitpro/devkitppc/bin/../lib/gcc/powerpc-gekko/4.2.4/../../../../powerpc-gekko/lib\libc.a(lib_a-gettzinfo.o)
                0x800305d0                __gettzinfo
 .text          0x800305dc      0x184 d:/devkitpro/devkitppc/bin/../lib/gcc/powerpc-gekko/4.2.4/../../../../powerpc-gekko/lib\libc.a(lib_a-iswspace.o)
                0x800305dc                iswspace
 .text          0x80030760      0x234 d:/devkitpro/devkitppc/bin/../lib/gcc/powerpc-gekko/4.2.4/../../../../powerpc-gekko/lib\libc.a(lib_a-jp2uc.o)
                0x80030760                __jp2uc
 .text          0x80030994       0x10 d:/devkitpro/devkitppc/bin/../lib/gcc/powerpc-gekko/4.2.4/../../../../powerpc-gekko/lib\libc.a(lib_a-labs.o)
                0x80030994                labs
 .text          0x800309a4       0xdc d:/devkitpro/devkitppc/bin/../lib/gcc/powerpc-gekko/4.2.4/../../../../powerpc-gekko/lib\libc.a(lib_a-memchr.o)
                0x800309a4                memchr
 .text          0x80030a80     0x1128 d:/devkitpro/devkitppc/bin/../lib/gcc/powerpc-gekko/4.2.4/../../../../powerpc-gekko/lib\libc.a(lib_a-mprec.o)
                0x80030ee8                _mprec_log10
                0x80030f8c                __any_on
                0x8003102c                _Balloc
                0x80030e24                __ratio
                0x80031800                __i2b
                0x80030cd4                __b2d
                0x80031a80                __s2b
                0x80030bd4                __mcmp
                0x80030aa4                __hi0bits
                0x80031954                __pow5mult
                0x80031460                __lshift
                0x800315c8                __multiply
                0x800310fc                __d2b
                0x80030f24                __copybits
                0x80030c34                __ulp
                0x800312a4                __mdiff
                0x80030b10                __lo0bits
                0x8003183c                __multadd
                0x80030a80                _Bfree
 .text          0x80031ba8      0x668 d:/devkitpro/devkitppc/bin/../lib/gcc/powerpc-gekko/4.2.4/../../../../powerpc-gekko/lib\libc.a(lib_a-reallocr.o)
                0x80031ba8                _realloc_r
 .text          0x80032210       0x44 d:/devkitpro/devkitppc/bin/../lib/gcc/powerpc-gekko/4.2.4/../../../../powerpc-gekko/lib\libc.a(lib_a-s_isinfd.o)
                0x80032210                __isinfd
 .text          0x80032254       0xf4 d:/devkitpro/devkitppc/bin/../lib/gcc/powerpc-gekko/4.2.4/../../../../powerpc-gekko/lib\libc.a(lib_a-sccl.o)
                0x80032254                __sccl
 .text          0x80032348       0x18 d:/devkitpro/devkitppc/bin/../lib/gcc/powerpc-gekko/4.2.4/../../../../powerpc-gekko/lib\libc.a(lib_a-sf_nan.o)
                0x80032348                nanf
 .text          0x80032360      0x230 d:/devkitpro/devkitppc/bin/../lib/gcc/powerpc-gekko/4.2.4/../../../../powerpc-gekko/lib\libc.a(lib_a-sniprintf.o)
                0x80032478                _sniprintf_r
                0x80032360                sniprintf
 .text          0x80032590      0x208 d:/devkitpro/devkitppc/bin/../lib/gcc/powerpc-gekko/4.2.4/../../../../powerpc-gekko/lib\libc.a(lib_a-strtol.o)
                0x80032778                strtol
                0x80032590                _strtol_r
 .text          0x80032798      0x2cc d:/devkitpro/devkitppc/bin/../lib/gcc/powerpc-gekko/4.2.4/../../../../powerpc-gekko/lib\libc.a(lib_a-strtoll_r.o)
                0x80032798                _strtoll_r
 .text          0x80032a64       0xa0 d:/devkitpro/devkitppc/bin/../lib/gcc/powerpc-gekko/4.2.4/../../../../powerpc-gekko/lib\libsysbase.a(close.o)
                0x80032a64                _close_r
 .text          0x80032b04       0xc4 d:/devkitpro/devkitppc/bin/../lib/gcc/powerpc-gekko/4.2.4/../../../../powerpc-gekko/lib\libsysbase.a(fstat.o)
                0x80032b04                _fstat_r
 .text          0x80032bc8        0x8 d:/devkitpro/devkitppc/bin/../lib/gcc/powerpc-gekko/4.2.4/../../../../powerpc-gekko/lib\libsysbase.a(isatty.o)
                0x80032bc8                _isatty_r
 .text          0x80032bd0       0xe8 d:/devkitpro/devkitppc/bin/../lib/gcc/powerpc-gekko/4.2.4/../../../../powerpc-gekko/lib\libsysbase.a(lseek.o)
                0x80032bd0                _lseek_r
 .text          0x80032cb8      0x14c d:/devkitpro/devkitppc/bin/../lib/gcc/powerpc-gekko/4.2.4/../../../../powerpc-gekko/lib\libsysbase.a(open.o)
                0x80032cb8                _open_r
 .text          0x80032e04       0xcc d:/devkitpro/devkitppc/bin/../lib/gcc/powerpc-gekko/4.2.4/../../../../powerpc-gekko/lib\libsysbase.a(read.o)
                0x80032e04                _read_r
 .text          0x80032ed0       0x50 d:/devkitpro/devkitppc/bin/../lib/gcc/powerpc-gekko/4.2.4/../../../../powerpc-gekko/lib\libsysbase.a(sbrk.o)
                0x80032ed0                _sbrk_r
 .text          0x80032f20       0xcc d:/devkitpro/devkitppc/bin/../lib/gcc/powerpc-gekko/4.2.4/../../../../powerpc-gekko/lib\libsysbase.a(write.o)
                0x80032f20                _write_r
 .text          0x80032fec       0x6c d:/devkitpro/devkitppc/bin/../lib/gcc/powerpc-gekko/4.2.4/../../../../powerpc-gekko/lib\libsysbase.a(flock.o)
                0x80033010                __flockfile
                0x80032fec                __funlockfile
 .text          0x80033058      0x120 d:/devkitpro/devkitppc/bin/../lib/gcc/powerpc-gekko/4.2.4/../../../../powerpc-gekko/lib\libsysbase.a(handle_manager.o)
                0x8003311c                __release_handle
                0x80033084                __alloc_handle
                0x80033058                __get_handle
 .text          0x80033178      0x450 d:/devkitpro/devkitppc/bin/../lib/gcc/powerpc-gekko/4.2.4\libgcc.a(_umoddi3.o)
                0x80033178                __umoddi3
 .text          0x800335c8       0x6c d:/devkitpro/devkitppc/bin/../lib/gcc/powerpc-gekko/4.2.4/crtend.o
 *(.text.*)
 .text.GRRLIB_InitTileSet
                0x80033634       0x68 d:/devkitPro/libogc/lib/wii\libgrrlib.a(GRRLIB_bmf.o)
                0x80033634                GRRLIB_InitTileSet
 .text.GRRLIB_ClipReset
                0x8003369c       0x40 d:/devkitPro/libogc/lib/wii\libgrrlib.a(GRRLIB_core.o)
                0x8003369c                GRRLIB_ClipReset
 .text.GRRLIB_Init
                0x800336dc      0x4b4 d:/devkitPro/libogc/lib/wii\libgrrlib.a(GRRLIB_core.o)
                0x800336dc                GRRLIB_Init
 .text.GRRLIB_GXEngine
                0x80033b90       0xa0 d:/devkitPro/libogc/lib/wii\libgrrlib.a(GRRLIB_core.o)
                0x80033b90                GRRLIB_GXEngine
 .text.GRRLIB_NGoneFilled
                0x80033c30        0x8 d:/devkitPro/libogc/lib/wii\libgrrlib.a(GRRLIB_core.o)
                0x80033c30                GRRLIB_NGoneFilled
 .text.GRRLIB_NGone
                0x80033c38        0x8 d:/devkitPro/libogc/lib/wii\libgrrlib.a(GRRLIB_core.o)
                0x80033c38                GRRLIB_NGone
 .text.GRRLIB_Rectangle
                0x80033c40       0xb0 d:/devkitPro/libogc/lib/wii\libgrrlib.a(GRRLIB_core.o)
                0x80033c40                GRRLIB_Rectangle
 .text.GRRLIB_FillScreen
                0x80033cf0       0x6c d:/devkitPro/libogc/lib/wii\libgrrlib.a(GRRLIB_core.o)
                0x80033cf0                GRRLIB_FillScreen
 .text.GRRLIB_Exit
                0x80033d5c      0x10c d:/devkitPro/libogc/lib/wii\libgrrlib.a(GRRLIB_core.o)
                0x80033d5c                GRRLIB_Exit
 .text.GRRLIB_Printf
                0x80033e68      0x168 d:/devkitPro/libogc/lib/wii\libgrrlib.a(GRRLIB_print.o)
                0x80033e68                GRRLIB_Printf
 .text.GRRLIB_Render
                0x80033fd0       0xa8 d:/devkitPro/libogc/lib/wii\libgrrlib.a(GRRLIB_render.o)
                0x80033fd0                GRRLIB_Render
 .text.GRRLIB_DrawTile
                0x80034078      0x4d8 d:/devkitPro/libogc/lib/wii\libgrrlib.a(GRRLIB_render.o)
                0x80034078                GRRLIB_DrawTile
 .text.GRRLIB_LoadTextureJPG
                0x80034550      0x39c d:/devkitPro/libogc/lib/wii\libgrrlib.a(GRRLIB_texEdit.o)
                0x80034550                GRRLIB_LoadTextureJPG
 .text.GRRLIB_LoadTexturePNG
                0x800348ec      0x108 d:/devkitPro/libogc/lib/wii\libgrrlib.a(GRRLIB_texEdit.o)
                0x800348ec                GRRLIB_LoadTexturePNG
 .text.GRRLIB_LoadTexture
                0x800349f4       0x34 d:/devkitPro/libogc/lib/wii\libgrrlib.a(GRRLIB_texEdit.o)
                0x800349f4                GRRLIB_LoadTexture
 .text.pngu_read_data_from_buffer
                0x80034a28       0x68 d:/devkitPro/libogc/lib/wii\libpngu.a(pngu.o)
                0x80034a28                pngu_read_data_from_buffer
 .text.pngu_free_info
                0x80034a90       0x64 d:/devkitPro/libogc/lib/wii\libpngu.a(pngu.o)
                0x80034a90                pngu_free_info
 .text.PNGU_SelectImageFromBuffer
                0x80034af4       0x74 d:/devkitPro/libogc/lib/wii\libpngu.a(pngu.o)
                0x80034af4                PNGU_SelectImageFromBuffer
 .text.PNGU_ReleaseImageContext
                0x80034b68       0x68 d:/devkitPro/libogc/lib/wii\libpngu.a(pngu.o)
                0x80034b68                PNGU_ReleaseImageContext
 .text.pngu_info
                0x80034bd0      0x508 d:/devkitPro/libogc/lib/wii\libpngu.a(pngu.o)
                0x80034bd0                pngu_info
 .text.pngu_decode
                0x800350d8      0x254 d:/devkitPro/libogc/lib/wii\libpngu.a(pngu.o)
                0x800350d8                pngu_decode
 .text.PNGU_DecodeTo4x4RGBA8
                0x8003532c      0xc3c d:/devkitPro/libogc/lib/wii\libpngu.a(pngu.o)
                0x8003532c                PNGU_DecodeTo4x4RGBA8
 .text.PNGU_GetImageProperties
                0x80035f68       0x94 d:/devkitPro/libogc/lib/wii\libpngu.a(pngu.o)
                0x80035f68                PNGU_GetImageProperties
 .text.png_get_io_ptr
                0x80035ffc       0x18 d:/devkitPro/libogc/lib/wii\libpng.a(png.o)
                0x80035ffc                png_get_io_ptr
 .text.png_init_io
                0x80036014       0x10 d:/devkitPro/libogc/lib/wii\libpng.a(png.o)
                0x80036014                png_init_io
 .text.png_handle_as_unknown
                0x80036024       0xac d:/devkitPro/libogc/lib/wii\libpng.a(png.o)
                0x80036024                png_handle_as_unknown
 .text.png_sig_cmp
                0x800360d0       0x8c d:/devkitPro/libogc/lib/wii\libpng.a(png.o)
                0x800360d0                png_sig_cmp
 .text.png_zfree
                0x8003615c       0x20 d:/devkitPro/libogc/lib/wii\libpng.a(png.o)
                0x8003615c                png_zfree
 .text.png_free_data
                0x8003617c      0x548 d:/devkitPro/libogc/lib/wii\libpng.a(png.o)
                0x8003617c                png_free_data
 .text.png_zalloc
                0x800366c4       0x80 d:/devkitPro/libogc/lib/wii\libpng.a(png.o)
                0x800366c4                png_zalloc
 .text.png_info_init_3
                0x80036744       0x5c d:/devkitPro/libogc/lib/wii\libpng.a(png.o)
                0x80036744                png_info_init_3
 .text.png_info_destroy
                0x800367a0       0x68 d:/devkitPro/libogc/lib/wii\libpng.a(png.o)
                0x800367a0                png_info_destroy
 .text.png_create_info_struct
                0x80036808       0x58 d:/devkitPro/libogc/lib/wii\libpng.a(png.o)
                0x80036808                png_create_info_struct
 .text.png_calculate_crc
                0x80036860       0x70 d:/devkitPro/libogc/lib/wii\libpng.a(png.o)
                0x80036860                png_calculate_crc
 .text.png_reset_crc
                0x800368d0       0x3c d:/devkitPro/libogc/lib/wii\libpng.a(png.o)
                0x800368d0                png_reset_crc
 .text.png_set_sig_bytes
                0x8003690c       0x60 d:/devkitPro/libogc/lib/wii\libpng.a(png.o)
                0x8003690c                png_set_sig_bytes
 .text.png_set_error_fn
                0x8003696c       0x18 d:/devkitPro/libogc/lib/wii\libpng.a(pngerror.o)
                0x8003696c                png_set_error_fn
 .text.png_format_buffer
                0x80036984      0x10c d:/devkitPro/libogc/lib/wii\libpng.a(pngerror.o)
 .text.png_warning
                0x80036a90      0x11c d:/devkitPro/libogc/lib/wii\libpng.a(pngerror.o)
                0x80036a90                png_warning
 .text.png_chunk_warning
                0x80036bac       0x50 d:/devkitPro/libogc/lib/wii\libpng.a(pngerror.o)
                0x80036bac                png_chunk_warning
 .text.png_error
                0x80036bfc      0x1d8 d:/devkitPro/libogc/lib/wii\libpng.a(pngerror.o)
                0x80036bfc                png_error
 .text.png_chunk_error
                0x80036dd4       0x50 d:/devkitPro/libogc/lib/wii\libpng.a(pngerror.o)
                0x80036dd4                png_chunk_error
 .text.png_get_rowbytes
                0x80036e24       0x20 d:/devkitPro/libogc/lib/wii\libpng.a(pngget.o)
                0x80036e24                png_get_rowbytes
 .text.png_get_bKGD
                0x80036e44       0x3c d:/devkitPro/libogc/lib/wii\libpng.a(pngget.o)
                0x80036e44                png_get_bKGD
 .text.png_get_tRNS
                0x80036e80       0xa4 d:/devkitPro/libogc/lib/wii\libpng.a(pngget.o)
                0x80036e80                png_get_tRNS
 .text.png_get_IHDR
                0x80036f24      0x21c d:/devkitPro/libogc/lib/wii\libpng.a(pngget.o)
                0x80036f24                png_get_IHDR
 .text.png_set_mem_fn
                0x80037140       0x18 d:/devkitPro/libogc/lib/wii\libpng.a(pngmem.o)
                0x80037140                png_set_mem_fn
 .text.png_memset_check
                0x80037158       0x2c d:/devkitPro/libogc/lib/wii\libpng.a(pngmem.o)
                0x80037158                png_memset_check
 .text.png_memcpy_check
                0x80037184       0x2c d:/devkitPro/libogc/lib/wii\libpng.a(pngmem.o)
                0x80037184                png_memcpy_check
 .text.png_free_default
                0x800371b0       0x34 d:/devkitPro/libogc/lib/wii\libpng.a(pngmem.o)
                0x800371b0                png_free_default
 .text.png_free
                0x800371e4       0x50 d:/devkitPro/libogc/lib/wii\libpng.a(pngmem.o)
                0x800371e4                png_free
 .text.png_destroy_struct_2
                0x80037234       0x58 d:/devkitPro/libogc/lib/wii\libpng.a(pngmem.o)
                0x80037234                png_destroy_struct_2
 .text.png_destroy_struct
                0x8003728c        0xc d:/devkitPro/libogc/lib/wii\libpng.a(pngmem.o)
                0x8003728c                png_destroy_struct
 .text.png_malloc_default
                0x80037298       0x48 d:/devkitPro/libogc/lib/wii\libpng.a(pngmem.o)
                0x80037298                png_malloc_default
 .text.png_malloc
                0x800372e0       0x90 d:/devkitPro/libogc/lib/wii\libpng.a(pngmem.o)
                0x800372e0                png_malloc
 .text.png_malloc_warn
                0x80037370       0x54 d:/devkitPro/libogc/lib/wii\libpng.a(pngmem.o)
                0x80037370                png_malloc_warn
 .text.png_create_struct_2
                0x800373c4       0x98 d:/devkitPro/libogc/lib/wii\libpng.a(pngmem.o)
                0x800373c4                png_create_struct_2
 .text.png_create_struct
                0x8003745c        0xc d:/devkitPro/libogc/lib/wii\libpng.a(pngmem.o)
                0x8003745c                png_create_struct
 .text.png_read_destroy
                0x80037468      0x2d8 d:/devkitPro/libogc/lib/wii\libpng.a(pngread.o)
                0x80037468                png_read_destroy
 .text.png_destroy_read_struct
                0x80037740      0x130 d:/devkitPro/libogc/lib/wii\libpng.a(pngread.o)
                0x80037740                png_destroy_read_struct
 .text.png_read_row
                0x80037870      0x548 d:/devkitPro/libogc/lib/wii\libpng.a(pngread.o)
                0x80037870                png_read_row
 .text.png_read_image
                0x80037db8       0xc4 d:/devkitPro/libogc/lib/wii\libpng.a(pngread.o)
                0x80037db8                png_read_image
 .text.png_read_update_info
                0x80037e7c       0x64 d:/devkitPro/libogc/lib/wii\libpng.a(pngread.o)
                0x80037e7c                png_read_update_info
 .text.png_read_info
                0x80037ee0      0x6a4 d:/devkitPro/libogc/lib/wii\libpng.a(pngread.o)
                0x80037ee0                png_read_info
 .text.png_create_read_struct_2
                0x80038584      0x334 d:/devkitPro/libogc/lib/wii\libpng.a(pngread.o)
                0x80038584                png_create_read_struct_2
 .text.png_create_read_struct
                0x800388b8       0x10 d:/devkitPro/libogc/lib/wii\libpng.a(pngread.o)
                0x800388b8                png_create_read_struct
 .text.png_set_read_fn
                0x800388c8       0x88 d:/devkitPro/libogc/lib/wii\libpng.a(pngrio.o)
                0x800388c8                png_set_read_fn
 .text.png_default_read_data
                0x80038950       0x60 d:/devkitPro/libogc/lib/wii\libpng.a(pngrio.o)
                0x80038950                png_default_read_data
 .text.png_read_data
                0x800389b0       0x4c d:/devkitPro/libogc/lib/wii\libpng.a(pngrio.o)
                0x800389b0                png_read_data
 .text.png_set_strip_16
                0x800389fc       0x18 d:/devkitPro/libogc/lib/wii\libpng.a(pngrtran.o)
                0x800389fc                png_set_strip_16
 .text.png_set_strip_alpha
                0x80038a14       0x18 d:/devkitPro/libogc/lib/wii\libpng.a(pngrtran.o)
                0x80038a14                png_set_strip_alpha
 .text.png_set_gray_to_rgb
                0x80038a2c       0x1c d:/devkitPro/libogc/lib/wii\libpng.a(pngrtran.o)
                0x80038a2c                png_set_gray_to_rgb
 .text.png_read_transform_info
                0x80038a48      0x2dc d:/devkitPro/libogc/lib/wii\libpng.a(pngrtran.o)
                0x80038a48                png_read_transform_info
 .text.png_do_unpack
                0x80038d24      0x170 d:/devkitPro/libogc/lib/wii\libpng.a(pngrtran.o)
                0x80038d24                png_do_unpack
 .text.png_do_unshift
                0x80038e94      0x218 d:/devkitPro/libogc/lib/wii\libpng.a(pngrtran.o)
                0x80038e94                png_do_unshift
 .text.png_do_chop
                0x800390ac       0x98 d:/devkitPro/libogc/lib/wii\libpng.a(pngrtran.o)
                0x800390ac                png_do_chop
 .text.png_do_read_swap_alpha
                0x80039144      0x130 d:/devkitPro/libogc/lib/wii\libpng.a(pngrtran.o)
                0x80039144                png_do_read_swap_alpha
 .text.png_do_read_invert_alpha
                0x80039274       0xf8 d:/devkitPro/libogc/lib/wii\libpng.a(pngrtran.o)
                0x80039274                png_do_read_invert_alpha
 .text.png_do_read_filler
                0x8003936c      0x330 d:/devkitPro/libogc/lib/wii\libpng.a(pngrtran.o)
                0x8003936c                png_do_read_filler
 .text.png_do_gray_to_rgb
                0x8003969c      0x1f0 d:/devkitPro/libogc/lib/wii\libpng.a(pngrtran.o)
                0x8003969c                png_do_gray_to_rgb
 .text.png_do_rgb_to_gray
                0x8003988c      0x6b0 d:/devkitPro/libogc/lib/wii\libpng.a(pngrtran.o)
                0x8003988c                png_do_rgb_to_gray
 .text.png_do_gamma
                0x80039f3c      0x490 d:/devkitPro/libogc/lib/wii\libpng.a(pngrtran.o)
                0x80039f3c                png_do_gamma
 .text.png_do_expand_palette
                0x8003a3cc      0x2c8 d:/devkitPro/libogc/lib/wii\libpng.a(pngrtran.o)
                0x8003a3cc                png_do_expand_palette
 .text.png_do_expand
                0x8003a694      0x54c d:/devkitPro/libogc/lib/wii\libpng.a(pngrtran.o)
                0x8003a694                png_do_expand
 .text.png_do_dither
                0x8003abe0      0x150 d:/devkitPro/libogc/lib/wii\libpng.a(pngrtran.o)
                0x8003abe0                png_do_dither
 .text.png_do_read_intrapixel
                0x8003ad30       0xf8 d:/devkitPro/libogc/lib/wii\libpng.a(pngrtran.o)
                0x8003ad30                png_do_read_intrapixel
 .text.png_build_gamma_table
                0x8003ae28      0x928 d:/devkitPro/libogc/lib/wii\libpng.a(pngrtran.o)
                0x8003ae28                png_build_gamma_table
 .text.png_init_read_transformations
                0x8003b750      0xc64 d:/devkitPro/libogc/lib/wii\libpng.a(pngrtran.o)
                0x8003b750                png_init_read_transformations
 .text.png_do_background
                0x8003c3b4     0x11cc d:/devkitPro/libogc/lib/wii\libpng.a(pngrtran.o)
                0x8003c3b4                png_do_background
 .text.png_do_read_transformations
                0x8003d580      0x518 d:/devkitPro/libogc/lib/wii\libpng.a(pngrtran.o)
                0x8003d580                png_do_read_transformations
 .text.png_get_uint_32
                0x8003da98       0x2c d:/devkitPro/libogc/lib/wii\libpng.a(pngrutil.o)
                0x8003da98                png_get_uint_32
 .text.png_get_int_32
                0x8003dac4       0x2c d:/devkitPro/libogc/lib/wii\libpng.a(pngrutil.o)
                0x8003dac4                png_get_int_32
 .text.png_get_uint_16
                0x8003daf0       0x1c d:/devkitPro/libogc/lib/wii\libpng.a(pngrutil.o)
                0x8003daf0                png_get_uint_16
 .text.png_get_uint_31
                0x8003db0c       0x70 d:/devkitPro/libogc/lib/wii\libpng.a(pngrutil.o)
                0x8003db0c                png_get_uint_31
 .text.png_read_start_row
                0x8003db7c      0x3b0 d:/devkitPro/libogc/lib/wii\libpng.a(pngrutil.o)
                0x8003db7c                png_read_start_row
 .text.png_crc_error
                0x8003df2c       0xb4 d:/devkitPro/libogc/lib/wii\libpng.a(pngrutil.o)
                0x8003df2c                png_crc_error
 .text.png_read_filter_row
                0x8003dfe0      0x2d0 d:/devkitPro/libogc/lib/wii\libpng.a(pngrutil.o)
                0x8003dfe0                png_read_filter_row
 .text.png_do_read_interlace
                0x8003e2b0      0x48c d:/devkitPro/libogc/lib/wii\libpng.a(pngrutil.o)
                0x8003e2b0                png_do_read_interlace
 .text.png_combine_row
                0x8003e73c      0x414 d:/devkitPro/libogc/lib/wii\libpng.a(pngrutil.o)
                0x8003e73c                png_combine_row
 .text.png_check_chunk_name
                0x8003eb50       0xbc d:/devkitPro/libogc/lib/wii\libpng.a(pngrutil.o)
                0x8003eb50                png_check_chunk_name
 .text.png_decompress_chunk
                0x8003ec0c      0x480 d:/devkitPro/libogc/lib/wii\libpng.a(pngrutil.o)
                0x8003ec0c                png_decompress_chunk
 .text.png_crc_read
                0x8003f08c       0x58 d:/devkitPro/libogc/lib/wii\libpng.a(pngrutil.o)
                0x8003f08c                png_crc_read
 .text.png_crc_finish
                0x8003f0e4      0x120 d:/devkitPro/libogc/lib/wii\libpng.a(pngrutil.o)
                0x8003f0e4                png_crc_finish
 .text.png_read_finish_row
                0x8003f204      0x3b8 d:/devkitPro/libogc/lib/wii\libpng.a(pngrutil.o)
                0x8003f204                png_read_finish_row
 .text.png_handle_unknown
                0x8003f5bc      0x1f0 d:/devkitPro/libogc/lib/wii\libpng.a(pngrutil.o)
                0x8003f5bc                png_handle_unknown
 .text.png_handle_zTXt
                0x8003f7ac      0x278 d:/devkitPro/libogc/lib/wii\libpng.a(pngrutil.o)
                0x8003f7ac                png_handle_zTXt
 .text.png_handle_tEXt
                0x8003fa24      0x1d4 d:/devkitPro/libogc/lib/wii\libpng.a(pngrutil.o)
                0x8003fa24                png_handle_tEXt
 .text.png_handle_tIME
                0x8003fbf8      0x174 d:/devkitPro/libogc/lib/wii\libpng.a(pngrutil.o)
                0x8003fbf8                png_handle_tIME
 .text.png_handle_sCAL
                0x8003fd6c      0x2d8 d:/devkitPro/libogc/lib/wii\libpng.a(pngrutil.o)
                0x8003fd6c                png_handle_sCAL
 .text.png_handle_pCAL
                0x80040044      0x3b8 d:/devkitPro/libogc/lib/wii\libpng.a(pngrutil.o)
                0x80040044                png_handle_pCAL
 .text.png_handle_oFFs
                0x800403fc      0x160 d:/devkitPro/libogc/lib/wii\libpng.a(pngrutil.o)
                0x800403fc                png_handle_oFFs
 .text.png_handle_pHYs
                0x8004055c      0x160 d:/devkitPro/libogc/lib/wii\libpng.a(pngrutil.o)
                0x8004055c                png_handle_pHYs
 .text.png_handle_hIST
                0x800406bc      0x1d0 d:/devkitPro/libogc/lib/wii\libpng.a(pngrutil.o)
                0x800406bc                png_handle_hIST
 .text.png_handle_bKGD
                0x8004088c      0x254 d:/devkitPro/libogc/lib/wii\libpng.a(pngrutil.o)
                0x8004088c                png_handle_bKGD
 .text.png_handle_tRNS
                0x80040ae0      0x268 d:/devkitPro/libogc/lib/wii\libpng.a(pngrutil.o)
                0x80040ae0                png_handle_tRNS
 .text.png_handle_sPLT
                0x80040d48      0x474 d:/devkitPro/libogc/lib/wii\libpng.a(pngrutil.o)
                0x80040d48                png_handle_sPLT
 .text.png_handle_iCCP
                0x800411bc      0x2e4 d:/devkitPro/libogc/lib/wii\libpng.a(pngrutil.o)
                0x800411bc                png_handle_iCCP
 .text.png_handle_sRGB
                0x800414a0      0x258 d:/devkitPro/libogc/lib/wii\libpng.a(pngrutil.o)
                0x800414a0                png_handle_sRGB
 .text.png_handle_cHRM
                0x800416f8      0x540 d:/devkitPro/libogc/lib/wii\libpng.a(pngrutil.o)
                0x800416f8                png_handle_cHRM
 .text.png_handle_sBIT
                0x80041c38      0x1a8 d:/devkitPro/libogc/lib/wii\libpng.a(pngrutil.o)
                0x80041c38                png_handle_sBIT
 .text.png_handle_gAMA
                0x80041de0      0x204 d:/devkitPro/libogc/lib/wii\libpng.a(pngrutil.o)
                0x80041de0                png_handle_gAMA
 .text.png_handle_IEND
                0x80041fe4       0x7c d:/devkitPro/libogc/lib/wii\libpng.a(pngrutil.o)
                0x80041fe4                png_handle_IEND
 .text.png_handle_PLTE
                0x80042060      0x264 d:/devkitPro/libogc/lib/wii\libpng.a(pngrutil.o)
                0x80042060                png_handle_PLTE
 .text.png_handle_IHDR
                0x800422c4      0x1d8 d:/devkitPro/libogc/lib/wii\libpng.a(pngrutil.o)
                0x800422c4                png_handle_IHDR
 .text.png_set_oFFs
                0x8004249c       0x2c d:/devkitPro/libogc/lib/wii\libpng.a(pngset.o)
                0x8004249c                png_set_oFFs
 .text.png_set_sCAL
                0x800424c8       0x2c d:/devkitPro/libogc/lib/wii\libpng.a(pngset.o)
                0x800424c8                png_set_sCAL
 .text.png_set_pHYs
                0x800424f4       0x2c d:/devkitPro/libogc/lib/wii\libpng.a(pngset.o)
                0x800424f4                png_set_pHYs
 .text.png_set_sRGB
                0x80042520       0x24 d:/devkitPro/libogc/lib/wii\libpng.a(pngset.o)
                0x80042520                png_set_sRGB
 .text.png_set_tIME
                0x80042544       0x3c d:/devkitPro/libogc/lib/wii\libpng.a(pngset.o)
                0x80042544                png_set_tIME
 .text.png_set_sBIT
                0x80042580       0x30 d:/devkitPro/libogc/lib/wii\libpng.a(pngset.o)
                0x80042580                png_set_sBIT
 .text.png_set_bKGD
                0x800425b0       0x3c d:/devkitPro/libogc/lib/wii\libpng.a(pngset.o)
                0x800425b0                png_set_bKGD
 .text.png_set_unknown_chunks
                0x800425ec      0x1f0 d:/devkitPro/libogc/lib/wii\libpng.a(pngset.o)
                0x800425ec                png_set_unknown_chunks
 .text.png_set_tRNS
                0x800427dc      0x178 d:/devkitPro/libogc/lib/wii\libpng.a(pngset.o)
                0x800427dc                png_set_tRNS
 .text.png_set_hIST
                0x80042954      0x114 d:/devkitPro/libogc/lib/wii\libpng.a(pngset.o)
                0x80042954                png_set_hIST
 .text.png_set_gAMA_fixed
                0x80042a68       0xcc d:/devkitPro/libogc/lib/wii\libpng.a(pngset.o)
                0x80042a68                png_set_gAMA_fixed
 .text.png_set_gAMA
                0x80042b34       0xf0 d:/devkitPro/libogc/lib/wii\libpng.a(pngset.o)
                0x80042b34                png_set_gAMA
 .text.png_set_cHRM_fixed
                0x80042c24      0x230 d:/devkitPro/libogc/lib/wii\libpng.a(pngset.o)
                0x80042c24                png_set_cHRM_fixed
 .text.png_set_cHRM
                0x80042e54      0x2a8 d:/devkitPro/libogc/lib/wii\libpng.a(pngset.o)
                0x80042e54                png_set_cHRM
 .text.png_set_sRGB_gAMA_and_cHRM
                0x800430fc      0x110 d:/devkitPro/libogc/lib/wii\libpng.a(pngset.o)
                0x800430fc                png_set_sRGB_gAMA_and_cHRM
 .text.png_set_sPLT
                0x8004320c      0x238 d:/devkitPro/libogc/lib/wii\libpng.a(pngset.o)
                0x8004320c                png_set_sPLT
 .text.png_set_text_2
                0x80043444      0x288 d:/devkitPro/libogc/lib/wii\libpng.a(pngset.o)
                0x80043444                png_set_text_2
 .text.png_set_iCCP
                0x800436cc      0x178 d:/devkitPro/libogc/lib/wii\libpng.a(pngset.o)
                0x800436cc                png_set_iCCP
 .text.png_set_pCAL
                0x80043844      0x29c d:/devkitPro/libogc/lib/wii\libpng.a(pngset.o)
                0x80043844                png_set_pCAL
 .text.png_set_IHDR
                0x80043ae0      0x3c0 d:/devkitPro/libogc/lib/wii\libpng.a(pngset.o)
                0x80043ae0                png_set_IHDR
 .text.png_set_PLTE
                0x80043ea0      0x110 d:/devkitPro/libogc/lib/wii\libpng.a(pngset.o)
                0x80043ea0                png_set_PLTE
 .text.png_set_packing
                0x80043fb0       0x2c d:/devkitPro/libogc/lib/wii\libpng.a(pngtrans.o)
                0x80043fb0                png_set_packing
 .text.png_set_interlace_handling
                0x80043fdc       0x38 d:/devkitPro/libogc/lib/wii\libpng.a(pngtrans.o)
                0x80043fdc                png_set_interlace_handling
 .text.png_do_invert
                0x80044014       0xc0 d:/devkitPro/libogc/lib/wii\libpng.a(pngtrans.o)